21:41:05 **** Incremental Build of configuration Debug for project irp_00_01 ****
make all 
'Building file: ../Src/spi.c'
'Invoking: MCU GCC Compiler'
C:\workspace\ac6_mars_workspace\l051workspace\fromcube\zaryad_irp\irp_00_01\Debug
arm-none-eabi-gcc -mcpu=cortex-m0plus -mthumb -mfloat-abi=soft -D__weak="__attribute__((weak))" -D__packed="__attribute__((__packed__))" -DUSE_HAL_DRIVER -DSTM32L051xx -I"C:/workspace/ac6_mars_workspace/l051workspace/fromcube/zaryad_irp/irp_00_01/Inc" -I"C:/workspace/ac6_mars_workspace/l051workspace/fromcube/zaryad_irp/irp_00_01/Drivers/STM32L0xx_HAL_Driver/Inc" -I"C:/workspace/ac6_mars_workspace/l051workspace/fromcube/zaryad_irp/irp_00_01/Drivers/STM32L0xx_HAL_Driver/Inc/Legacy" -I"C:/workspace/ac6_mars_workspace/l051workspace/fromcube/zaryad_irp/irp_00_01/Drivers/CMSIS/Include" -I"C:/workspace/ac6_mars_workspace/l051workspace/fromcube/zaryad_irp/irp_00_01/Drivers/CMSIS/Device/ST/STM32L0xx/Include"  -O0 -g3 -Wall -fmessage-length=0 -ffunction-sections -c -fmessage-length=0 -MMD -MP -MF"Src/spi.d" -MT"Src/spi.o" -o "Src/spi.o" "../Src/spi.c"
../Src/spi.c: In function 'spi2_write_byte':
../Src/spi.c:166:14: warning: variable 'read_data' set but not used [-Wunused-but-set-variable]
     uint16_t read_data;
              ^
../Src/spi.c: In function 'spi2_read_byte':
../Src/spi.c:192:5: warning: implicit declaration of function 'chipselhigh' [-Wimplicit-function-declaration]
     chipselhigh();
     ^
../Src/spi.c:194:5: warning: implicit declaration of function 'set_chipselect' [-Wimplicit-function-declaration]
     set_chipselect(chipselect);
     ^
'Finished building: ../Src/spi.c'
' '
'Building target: irp_00_01.elf'
'Invoking: MCU GCC Linker'
arm-none-eabi-gcc -mcpu=cortex-m0plus -mthumb -mfloat-abi=soft -specs=nosys.specs -specs=nano.specs -T"../STM32L051C6Tx_FLASH.ld" -Wl,-Map=output.map -Wl,--gc-sections -lm -o "irp_00_01.elf" @"objects.list"  
'Finished building target: irp_00_01.elf'
' '
make --no-print-directory post-build
'Generating binary and Printing size information:'
arm-none-eabi-objcopy -O binary "irp_00_01.elf" "irp_00_01.bin"
arm-none-eabi-size "irp_00_01.elf"
   text	   data	    bss	    dec	    hex	filename
  20812	     12	   2364	  23188	   5a94	irp_00_01.elf
' '
