21:35:45 **** Incremental Build of configuration Debug for project irp1_00_01 ****
make all 
'Building file: ../Src/gpio.c'
'Invoking: MCU GCC Compiler'
C:\workspace\ac6_mars_workspace\l051workspace\fromcube\zaryad_irp1\irp1_00_01\Debug
arm-none-eabi-gcc -mcpu=cortex-m0plus -mthumb -mfloat-abi=soft -D__weak="__attribute__((weak))" -D__packed="__attribute__((__packed__))" -DUSE_HAL_DRIVER -DSTM32L051xx -I"C:/workspace/ac6_mars_workspace/l051workspace/fromcube/zaryad_irp1/irp1_00_01/Inc" -I"C:/workspace/ac6_mars_workspace/l051workspace/fromcube/zaryad_irp1/irp1_00_01/Drivers/STM32L0xx_HAL_Driver/Inc" -I"C:/workspace/ac6_mars_workspace/l051workspace/fromcube/zaryad_irp1/irp1_00_01/Drivers/STM32L0xx_HAL_Driver/Inc/Legacy" -I"C:/workspace/ac6_mars_workspace/l051workspace/fromcube/zaryad_irp1/irp1_00_01/Drivers/CMSIS/Include" -I"C:/workspace/ac6_mars_workspace/l051workspace/fromcube/zaryad_irp1/irp1_00_01/Drivers/CMSIS/Device/ST/STM32L0xx/Include"  -O0 -g3 -Wall -fmessage-length=0 -ffunction-sections -c -fmessage-length=0 -MMD -MP -MF"Src/gpio.d" -MT"Src/gpio.o" -o "Src/gpio.o" "../Src/gpio.c"
'Finished building: ../Src/gpio.c'
' '
'Building target: irp1_00_01.elf'
'Invoking: MCU GCC Linker'
arm-none-eabi-gcc -mcpu=cortex-m0plus -mthumb -mfloat-abi=soft -specs=nosys.specs -specs=nano.specs -T"../STM32L051K6Tx_FLASH.ld" -Wl,-Map=output.map -Wl,--gc-sections -lm -o "irp1_00_01.elf" @"objects.list"  
'Finished building target: irp1_00_01.elf'
' '
make --no-print-directory post-build
'Generating binary and Printing size information:'
arm-none-eabi-objcopy -O binary "irp1_00_01.elf" "irp1_00_01.bin"
arm-none-eabi-size "irp1_00_01.elf"
   text	   data	    bss	    dec	    hex	filename
  17124	     12	   1940	  19076	   4a84	irp1_00_01.elf
' '
21:35:56 **** Incremental Build of configuration Debug for project irp1_00_01 ****
make all 
make: Nothing to be done for `all'.
21:36:32 **** Incremental Build of configuration Debug for project irp1_00_01 ****
make all 
make: Nothing to be done for `all'.
21:36:56 **** Incremental Build of configuration Debug for project irp1_00_01 ****
make all 
make: Nothing to be done for `all'.
