Archive member included to satisfy reference by file (symbol)

c:/eclipse/cpp-neon/eclipse/plugins/fr.ac6.mcu.externaltools.arm-none.win32_1.7.0.201602121829/tools/compiler/bin/../lib/gcc/arm-none-eabi/5.2.1/armv6-m\libgcc.a(_udivsi3.o)
                              Drivers/CMSIS/Device/ST/STM32L0xx/Source/Templates/system_stm32l0xx.o (__aeabi_uidiv)
c:/eclipse/cpp-neon/eclipse/plugins/fr.ac6.mcu.externaltools.arm-none.win32_1.7.0.201602121829/tools/compiler/bin/../lib/gcc/arm-none-eabi/5.2.1/armv6-m\libgcc.a(_dvmd_tls.o)
                              c:/eclipse/cpp-neon/eclipse/plugins/fr.ac6.mcu.externaltools.arm-none.win32_1.7.0.201602121829/tools/compiler/bin/../lib/gcc/arm-none-eabi/5.2.1/armv6-m\libgcc.a(_udivsi3.o) (__aeabi_idiv0)
c:/eclipse/cpp-neon/eclipse/plugins/fr.ac6.mcu.externaltools.arm-none.win32_1.7.0.201602121829/tools/compiler/bin/../lib/gcc/arm-none-eabi/5.2.1/armv6-m\libgcc.a(_arm_cmpsf2.o)
                              tests/unity.o (__aeabi_fcmplt)
c:/eclipse/cpp-neon/eclipse/plugins/fr.ac6.mcu.externaltools.arm-none.win32_1.7.0.201602121829/tools/compiler/bin/../lib/gcc/arm-none-eabi/5.2.1/armv6-m\libgcc.a(_fixunsdfsi.o)
                              Drivers/STM32L0xx_HAL_Driver/Src/stm32l0xx_hal_uart.o (__aeabi_d2uiz)
c:/eclipse/cpp-neon/eclipse/plugins/fr.ac6.mcu.externaltools.arm-none.win32_1.7.0.201602121829/tools/compiler/bin/../lib/gcc/arm-none-eabi/5.2.1/armv6-m\libgcc.a(eqsf2.o)
                              c:/eclipse/cpp-neon/eclipse/plugins/fr.ac6.mcu.externaltools.arm-none.win32_1.7.0.201602121829/tools/compiler/bin/../lib/gcc/arm-none-eabi/5.2.1/armv6-m\libgcc.a(_arm_cmpsf2.o) (__eqsf2)
c:/eclipse/cpp-neon/eclipse/plugins/fr.ac6.mcu.externaltools.arm-none.win32_1.7.0.201602121829/tools/compiler/bin/../lib/gcc/arm-none-eabi/5.2.1/armv6-m\libgcc.a(gesf2.o)
                              c:/eclipse/cpp-neon/eclipse/plugins/fr.ac6.mcu.externaltools.arm-none.win32_1.7.0.201602121829/tools/compiler/bin/../lib/gcc/arm-none-eabi/5.2.1/armv6-m\libgcc.a(_arm_cmpsf2.o) (__gesf2)
c:/eclipse/cpp-neon/eclipse/plugins/fr.ac6.mcu.externaltools.arm-none.win32_1.7.0.201602121829/tools/compiler/bin/../lib/gcc/arm-none-eabi/5.2.1/armv6-m\libgcc.a(lesf2.o)
                              c:/eclipse/cpp-neon/eclipse/plugins/fr.ac6.mcu.externaltools.arm-none.win32_1.7.0.201602121829/tools/compiler/bin/../lib/gcc/arm-none-eabi/5.2.1/armv6-m\libgcc.a(_arm_cmpsf2.o) (__lesf2)
c:/eclipse/cpp-neon/eclipse/plugins/fr.ac6.mcu.externaltools.arm-none.win32_1.7.0.201602121829/tools/compiler/bin/../lib/gcc/arm-none-eabi/5.2.1/armv6-m\libgcc.a(mulsf3.o)
                              tests/unity.o (__aeabi_fmul)
c:/eclipse/cpp-neon/eclipse/plugins/fr.ac6.mcu.externaltools.arm-none.win32_1.7.0.201602121829/tools/compiler/bin/../lib/gcc/arm-none-eabi/5.2.1/armv6-m\libgcc.a(subsf3.o)
                              tests/unity.o (__aeabi_fsub)
c:/eclipse/cpp-neon/eclipse/plugins/fr.ac6.mcu.externaltools.arm-none.win32_1.7.0.201602121829/tools/compiler/bin/../lib/gcc/arm-none-eabi/5.2.1/armv6-m\libgcc.a(divdf3.o)
                              Drivers/STM32L0xx_HAL_Driver/Src/stm32l0xx_hal_uart.o (__aeabi_ddiv)
c:/eclipse/cpp-neon/eclipse/plugins/fr.ac6.mcu.externaltools.arm-none.win32_1.7.0.201602121829/tools/compiler/bin/../lib/gcc/arm-none-eabi/5.2.1/armv6-m\libgcc.a(muldf3.o)
                              Drivers/STM32L0xx_HAL_Driver/Src/stm32l0xx_hal_uart.o (__aeabi_dmul)
c:/eclipse/cpp-neon/eclipse/plugins/fr.ac6.mcu.externaltools.arm-none.win32_1.7.0.201602121829/tools/compiler/bin/../lib/gcc/arm-none-eabi/5.2.1/armv6-m\libgcc.a(subdf3.o)
                              c:/eclipse/cpp-neon/eclipse/plugins/fr.ac6.mcu.externaltools.arm-none.win32_1.7.0.201602121829/tools/compiler/bin/../lib/gcc/arm-none-eabi/5.2.1/armv6-m\libgcc.a(_fixunsdfsi.o) (__aeabi_dsub)
c:/eclipse/cpp-neon/eclipse/plugins/fr.ac6.mcu.externaltools.arm-none.win32_1.7.0.201602121829/tools/compiler/bin/../lib/gcc/arm-none-eabi/5.2.1/armv6-m\libgcc.a(fixdfsi.o)
                              c:/eclipse/cpp-neon/eclipse/plugins/fr.ac6.mcu.externaltools.arm-none.win32_1.7.0.201602121829/tools/compiler/bin/../lib/gcc/arm-none-eabi/5.2.1/armv6-m\libgcc.a(_fixunsdfsi.o) (__aeabi_d2iz)
c:/eclipse/cpp-neon/eclipse/plugins/fr.ac6.mcu.externaltools.arm-none.win32_1.7.0.201602121829/tools/compiler/bin/../lib/gcc/arm-none-eabi/5.2.1/armv6-m\libgcc.a(floatunsidf.o)
                              Drivers/STM32L0xx_HAL_Driver/Src/stm32l0xx_hal_uart.o (__aeabi_ui2d)
c:/eclipse/cpp-neon/eclipse/plugins/fr.ac6.mcu.externaltools.arm-none.win32_1.7.0.201602121829/tools/compiler/bin/../lib/gcc/arm-none-eabi/5.2.1/armv6-m\libgcc.a(_arm_cmpdf2.o)
                              c:/eclipse/cpp-neon/eclipse/plugins/fr.ac6.mcu.externaltools.arm-none.win32_1.7.0.201602121829/tools/compiler/bin/../lib/gcc/arm-none-eabi/5.2.1/armv6-m\libgcc.a(_fixunsdfsi.o) (__aeabi_dcmpge)
[...]
Memory Configuration

Name             Origin             Length             Attributes
FLASH            0x08000000         0x00008000         xr
RAM              0x20000000         0x00002000         xrw
*default*        0x00000000         0xffffffff

Linker script and memory map

LOAD c:/eclipse/cpp-neon/eclipse/plugins/fr.ac6.mcu.externaltools.arm-none.win32_1.7.0.201602121829/tools/compiler/bin/../lib/gcc/arm-none-eabi/5.2.1/armv6-m/crti.o
LOAD c:/eclipse/cpp-neon/eclipse/plugins/fr.ac6.mcu.externaltools.arm-none.win32_1.7.0.201602121829/tools/compiler/bin/../lib/gcc/arm-none-eabi/5.2.1/armv6-m/crtbegin.o
LOAD c:/eclipse/cpp-neon/eclipse/plugins/fr.ac6.mcu.externaltools.arm-none.win32_1.7.0.201602121829/tools/compiler/bin/../lib/gcc/arm-none-eabi/5.2.1/../../../../arm-none-eabi/lib/armv6-m/crt0.o
LOAD c:/eclipse/cpp-neon/eclipse/plugins/fr.ac6.mcu.externaltools.arm-none.win32_1.7.0.201602121829/tools/compiler/bin/../lib/gcc/arm-none-eabi/5.2.1/../../../../arm-none-eabi/lib/armv6-m\libm.a
LOAD Drivers/CMSIS/Device/ST/STM32L0xx/Source/Templates/gcc/startup_stm32l051xx.o
LOAD Drivers/CMSIS/Device/ST/STM32L0xx/Source/Templates/system_stm32l0xx.o
LOAD Drivers/STM32L0xx_HAL_Driver/Src/stm32l0xx_hal.o
LOAD Drivers/STM32L0xx_HAL_Driver/Src/stm32l0xx_hal_cortex.o
LOAD Drivers/STM32L0xx_HAL_Driver/Src/stm32l0xx_hal_dma.o
LOAD Drivers/STM32L0xx_HAL_Driver/Src/stm32l0xx_hal_flash.o
LOAD Drivers/STM32L0xx_HAL_Driver/Src/stm32l0xx_hal_flash_ex.o
LOAD Drivers/STM32L0xx_HAL_Driver/Src/stm32l0xx_hal_flash_ramfunc.o
LOAD Drivers/STM32L0xx_HAL_Driver/Src/stm32l0xx_hal_gpio.o
LOAD Drivers/STM32L0xx_HAL_Driver/Src/stm32l0xx_hal_i2c.o
LOAD Drivers/STM32L0xx_HAL_Driver/Src/stm32l0xx_hal_i2c_ex.o
LOAD Drivers/STM32L0xx_HAL_Driver/Src/stm32l0xx_hal_pwr.o
LOAD Drivers/STM32L0xx_HAL_Driver/Src/stm32l0xx_hal_pwr_ex.o
LOAD Drivers/STM32L0xx_HAL_Driver/Src/stm32l0xx_hal_rcc.o
LOAD Drivers/STM32L0xx_HAL_Driver/Src/stm32l0xx_hal_rcc_ex.o
LOAD Drivers/STM32L0xx_HAL_Driver/Src/stm32l0xx_hal_spi.o
LOAD Drivers/STM32L0xx_HAL_Driver/Src/stm32l0xx_hal_tim.o
LOAD Drivers/STM32L0xx_HAL_Driver/Src/stm32l0xx_hal_tim_ex.o
LOAD Drivers/STM32L0xx_HAL_Driver/Src/stm32l0xx_hal_uart.o
LOAD Drivers/STM32L0xx_HAL_Driver/Src/stm32l0xx_hal_uart_ex.o
LOAD Src/battery.o
LOAD Src/gpio.o
LOAD Src/i2c.o
LOAD Src/i2c_lowlevel.o
LOAD Src/putchar.o
LOAD Src/spi.o
LOAD Src/stm32l0xx_hal_msp.o
LOAD Src/stm32l0xx_it.o
LOAD Src/tim.o
LOAD Src/usart.o
LOAD tests/test_hat.o
LOAD tests/test_i2c_lowlevel.o
LOAD tests/test_template_runner.o
LOAD tests/unity.o
START GROUP
LOAD c:/eclipse/cpp-neon/eclipse/plugins/fr.ac6.mcu.externaltools.arm-none.win32_1.7.0.201602121829/tools/compiler/bin/../lib/gcc/arm-none-eabi/5.2.1/armv6-m\libgcc.a
LOAD c:/eclipse/cpp-neon/eclipse/plugins/fr.ac6.mcu.externaltools.arm-none.win32_1.7.0.201602121829/tools/compiler/bin/../lib/gcc/arm-none-eabi/5.2.1/../../../../arm-none-eabi/lib/armv6-m\libc_nano.a
END GROUP
START GROUP
LOAD c:/eclipse/cpp-neon/eclipse/plugins/fr.ac6.mcu.externaltools.arm-none.win32_1.7.0.201602121829/tools/compiler/bin/../lib/gcc/arm-none-eabi/5.2.1/armv6-m\libgcc.a
LOAD c:/eclipse/cpp-neon/eclipse/plugins/fr.ac6.mcu.externaltools.arm-none.win32_1.7.0.201602121829/tools/compiler/bin/../lib/gcc/arm-none-eabi/5.2.1/../../../../arm-none-eabi/lib/armv6-m\libc_nano.a
LOAD c:/eclipse/cpp-neon/eclipse/plugins/fr.ac6.mcu.externaltools.arm-none.win32_1.7.0.201602121829/tools/compiler/bin/../lib/gcc/arm-none-eabi/5.2.1/../../../../arm-none-eabi/lib/armv6-m\libnosys.a
END GROUP
START GROUP
LOAD c:/eclipse/cpp-neon/eclipse/plugins/fr.ac6.mcu.externaltools.arm-none.win32_1.7.0.201602121829/tools/compiler/bin/../lib/gcc/arm-none-eabi/5.2.1/armv6-m\libgcc.a
LOAD c:/eclipse/cpp-neon/eclipse/plugins/fr.ac6.mcu.externaltools.arm-none.win32_1.7.0.201602121829/tools/compiler/bin/../lib/gcc/arm-none-eabi/5.2.1/../../../../arm-none-eabi/lib/armv6-m\libc_nano.a
LOAD c:/eclipse/cpp-neon/eclipse/plugins/fr.ac6.mcu.externaltools.arm-none.win32_1.7.0.201602121829/tools/compiler/bin/../lib/gcc/arm-none-eabi/5.2.1/../../../../arm-none-eabi/lib/armv6-m\libnosys.a
END GROUP
LOAD c:/eclipse/cpp-neon/eclipse/plugins/fr.ac6.mcu.externaltools.arm-none.win32_1.7.0.201602121829/tools/compiler/bin/../lib/gcc/arm-none-eabi/5.2.1/armv6-m/crtend.o
LOAD c:/eclipse/cpp-neon/eclipse/plugins/fr.ac6.mcu.externaltools.arm-none.win32_1.7.0.201602121829/tools/compiler/bin/../lib/gcc/arm-none-eabi/5.2.1/armv6-m/crtn.o
                0x20002000                _estack = 0x20002000
                0x00000200                _Min_Heap_Size = 0x200
                0x00000400                _Min_Stack_Size = 0x400

.isr_vector     0x08000000       0xc0
                0x08000000                . = ALIGN (0x4)
 *(.isr_vector)
 .isr_vector    0x08000000       0xc0 Drivers/CMSIS/Device/ST/STM32L0xx/Source/Templates/gcc/startup_stm32l051xx.o
                0x08000000                g_pfnVectors
                0x080000c0                . = ALIGN (0x4)

.text           0x080000c0     0x4130
                0x080000c0                . = ALIGN (0x4)
 *(.text)
 .text          0x080000c0       0xb4 c:/eclipse/cpp-neon/eclipse/plugins/fr.ac6.mcu.externaltools.arm-none.win32_1.7.0.201602121829/tools/compiler/bin/../lib/gcc/arm-none-eabi/5.2.1/armv6-m/crtbegin.o
 .text          0x08000174      0x114 c:/eclipse/cpp-neon/eclipse/plugins/fr.ac6.mcu.externaltools.arm-none.win32_1.7.0.201602121829/tools/compiler/bin/../lib/gcc/arm-none-eabi/5.2.1/armv6-m\libgcc.a(_udivsi3.o)
                0x08000174                __aeabi_uidiv
                0x08000174                __udivsi3
                0x08000280                __aeabi_uidivmod
 .text          0x08000288        0x4 c:/eclipse/cpp-neon/eclipse/plugins/fr.ac6.mcu.externaltools.arm-none.win32_1.7.0.201602121829/tools/compiler/bin/../lib/gcc/arm-none-eabi/5.2.1/armv6-m\libgcc.a(_dvmd_tls.o)
                0x08000288                __aeabi_idiv0
                0x08000288                __aeabi_ldiv0
 .text          0x0800028c       0x3c c:/eclipse/cpp-neon/eclipse/plugins/fr.ac6.mcu.externaltools.arm-none.win32_1.7.0.201602121829/tools/compiler/bin/../lib/gcc/arm-none-eabi/5.2.1/armv6-m\libgcc.a(_fixunsdfsi.o)
                0x0800028c                __aeabi_d2uiz
                0x0800028c                __fixunsdfsi
 .text          0x080002c8      0x62c c:/eclipse/cpp-neon/eclipse/plugins/fr.ac6.mcu.externaltools.arm-none.win32_1.7.0.201602121829/tools/compiler/bin/../lib/gcc/arm-none-eabi/5.2.1/armv6-m\libgcc.a(divdf3.o)
                0x080002c8                __aeabi_ddiv
 .text          0x080008f4      0x4f4 c:/eclipse/cpp-neon/eclipse/plugins/fr.ac6.mcu.externaltools.arm-none.win32_1.7.0.201602121829/tools/compiler/bin/../lib/gcc/arm-none-eabi/5.2.1/armv6-m\libgcc.a(muldf3.o)
                0x080008f4                __aeabi_dmul
 .text          0x08000de8      0x6a8 c:/eclipse/cpp-neon/eclipse/plugins/fr.ac6.mcu.externaltools.arm-none.win32_1.7.0.201602121829/tools/compiler/bin/../lib/gcc/arm-none-eabi/5.2.1/armv6-m\libgcc.a(subdf3.o)
                0x08000de8                __aeabi_dsub
 .text          0x08001490       0x6c c:/eclipse/cpp-neon/eclipse/plugins/fr.ac6.mcu.externaltools.arm-none.win32_1.7.0.201602121829/tools/compiler/bin/../lib/gcc/arm-none-eabi/5.2.1/armv6-m\libgcc.a(fixdfsi.o)
                0x08001490                __aeabi_d2iz
 .text          0x080014fc       0x70 c:/eclipse/cpp-neon/eclipse/plugins/fr.ac6.mcu.externaltools.arm-none.win32_1.7.0.201602121829/tools/compiler/bin/../lib/gcc/arm-none-eabi/5.2.1/armv6-m\libgcc.a(floatunsidf.o)
                0x080014fc                __aeabi_ui2d
 .text          0x0800156c       0x7c c:/eclipse/cpp-neon/eclipse/plugins/fr.ac6.mcu.externaltools.arm-none.win32_1.7.0.201602121829/tools/compiler/bin/../lib/gcc/arm-none-eabi/5.2.1/armv6-m\libgcc.a(_arm_cmpdf2.o)
                0x0800156c                __aeabi_cdrcmple
                0x0800157c                __aeabi_cdcmple
                0x0800157c                __aeabi_cdcmpeq
                0x0800158c                __aeabi_dcmpeq
                0x08001598                __aeabi_dcmplt
                0x080015ac                __aeabi_dcmple
                0x080015c0                __aeabi_dcmpgt
                0x080015d4                __aeabi_dcmpge
 .text          0x080015e8       0x3c c:/eclipse/cpp-neon/eclipse/plugins/fr.ac6.mcu.externaltools.arm-none.win32_1.7.0.201602121829/tools/compiler/bin/../lib/gcc/arm-none-eabi/5.2.1/armv6-m\libgcc.a(_clzsi2.o)
                0x080015e8                __clzsi2
 .text          0x08001624       0x80 c:/eclipse/cpp-neon/eclipse/plugins/fr.ac6.mcu.externaltools.arm-none.win32_1.7.0.201602121829/tools/compiler/bin/../lib/gcc/arm-none-eabi/5.2.1/armv6-m\libgcc.a(eqdf2.o)
                0x08001624                __nedf2
                0x08001624                __eqdf2
 .text          0x080016a4       0xc8 c:/eclipse/cpp-neon/eclipse/plugins/fr.ac6.mcu.externaltools.arm-none.win32_1.7.0.201602121829/tools/compiler/bin/../lib/gcc/arm-none-eabi/5.2.1/armv6-m\libgcc.a(gedf2.o)
                0x080016a4                __gedf2
                0x080016a4                __gtdf2
 .text          0x0800176c       0xd4 c:/eclipse/cpp-neon/eclipse/plugins/fr.ac6.mcu.externaltools.arm-none.win32_1.7.0.201602121829/tools/compiler/bin/../lib/gcc/arm-none-eabi/5.2.1/armv6-m\libgcc.a(ledf2.o)
                0x0800176c                __ledf2
                0x0800176c                __ltdf2
 *(.text*)
 .text.Reset_Handler
                0x08001840       0x50 Drivers/CMSIS/Device/ST/STM32L0xx/Source/Templates/gcc/startup_stm32l051xx.o
                0x08001840                Reset_Handler
 .text.Default_Handler
                0x08001890        0x2 Drivers/CMSIS/Device/ST/STM32L0xx/Source/Templates/gcc/startup_stm32l051xx.o
                0x08001890                ADC1_COMP_IRQHandler
                0x08001890                TIM6_IRQHandler
                0x08001890                PVD_IRQHandler
                0x08001890                PendSV_Handler
                0x08001890                I2C1_IRQHandler
                0x08001890                EXTI2_3_IRQHandler
                0x08001890                I2C2_IRQHandler
                0x08001890                RTC_IRQHandler
                0x08001890                DMA1_Channel4_5_6_7_IRQHandler
                0x08001890                EXTI4_15_IRQHandler
                0x08001890                RCC_IRQHandler
                0x08001890                DMA1_Channel1_IRQHandler
                0x08001890                Default_Handler
                0x08001890                TIM22_IRQHandler
                0x08001890                EXTI0_1_IRQHandler
                0x08001890                SPI2_IRQHandler
                0x08001890                SVC_Handler
                0x08001890                TIM21_IRQHandler
                0x08001890                WWDG_IRQHandler
                0x08001890                LPUART1_IRQHandler
                0x08001890                TIM2_IRQHandler
                0x08001890                DMA1_Channel2_3_IRQHandler
                0x08001890                USART2_IRQHandler
                0x08001890                FLASH_IRQHandler
                0x08001890                USART1_IRQHandler
                0x08001890                LPTIM1_IRQHandler
 *fill*         0x08001892        0x2 
 .text.SystemInit
                0x08001894       0x78 Drivers/CMSIS/Device/ST/STM32L0xx/Source/Templates/system_stm32l0xx.o
                0x08001894                SystemInit
 .text.HAL_Init
                0x0800190c       0x28 Drivers/STM32L0xx_HAL_Driver/Src/stm32l0xx_hal.o
                0x0800190c                HAL_Init
 .text.HAL_InitTick
                0x08001934       0x3c Drivers/STM32L0xx_HAL_Driver/Src/stm32l0xx_hal.o
                0x08001934                HAL_InitTick
 .text.HAL_IncTick
                0x08001970       0x18 Drivers/STM32L0xx_HAL_Driver/Src/stm32l0xx_hal.o
                0x08001970                HAL_IncTick
 .text.HAL_GetTick
                0x08001988       0x14 Drivers/STM32L0xx_HAL_Driver/Src/stm32l0xx_hal.o
                0x08001988                HAL_GetTick
 .text.NVIC_EnableIRQ
                0x0800199c       0x2c Drivers/STM32L0xx_HAL_Driver/Src/stm32l0xx_hal_cortex.o
 .text.NVIC_SetPriority
                0x080019c8       0xd4 Drivers/STM32L0xx_HAL_Driver/Src/stm32l0xx_hal_cortex.o
 .text.SysTick_Config
                0x08001a9c       0x48 Drivers/STM32L0xx_HAL_Driver/Src/stm32l0xx_hal_cortex.o
 .text.HAL_NVIC_SetPriority
                0x08001ae4       0x2c Drivers/STM32L0xx_HAL_Driver/Src/stm32l0xx_hal_cortex.o
                0x08001ae4                HAL_NVIC_SetPriority
 .text.HAL_NVIC_EnableIRQ
                0x08001b10       0x20 Drivers/STM32L0xx_HAL_Driver/Src/stm32l0xx_hal_cortex.o
                0x08001b10                HAL_NVIC_EnableIRQ
 .text.HAL_SYSTICK_Config
                0x08001b30       0x1c Drivers/STM32L0xx_HAL_Driver/Src/stm32l0xx_hal_cortex.o
                0x08001b30                HAL_SYSTICK_Config
 .text.HAL_SYSTICK_CLKSourceConfig
                0x08001b4c       0x34 Drivers/STM32L0xx_HAL_Driver/Src/stm32l0xx_hal_cortex.o
                0x08001b4c                HAL_SYSTICK_CLKSourceConfig
 .text.HAL_SYSTICK_IRQHandler
                0x08001b80        0xc Drivers/STM32L0xx_HAL_Driver/Src/stm32l0xx_hal_cortex.o
                0x08001b80                HAL_SYSTICK_IRQHandler
 .text.HAL_SYSTICK_Callback
                0x08001b8c        0x8 Drivers/STM32L0xx_HAL_Driver/Src/stm32l0xx_hal_cortex.o
                0x08001b8c                HAL_SYSTICK_Callback
 .text.HAL_GPIO_Init
                0x08001b94      0x2e0 Drivers/STM32L0xx_HAL_Driver/Src/stm32l0xx_hal_gpio.o
                0x08001b94                HAL_GPIO_Init
 .text.HAL_GPIO_ReadPin
                0x08001e74       0x3c Drivers/STM32L0xx_HAL_Driver/Src/stm32l0xx_hal_gpio.o
                0x08001e74                HAL_GPIO_ReadPin
 .text.HAL_GPIO_WritePin
                0x08001eb0       0x38 Drivers/STM32L0xx_HAL_Driver/Src/stm32l0xx_hal_gpio.o
                0x08001eb0                HAL_GPIO_WritePin
 .text.HAL_RCC_OscConfig
                0x08001ee8      0x648 Drivers/STM32L0xx_HAL_Driver/Src/stm32l0xx_hal_rcc.o
                0x08001ee8                HAL_RCC_OscConfig
 .text.HAL_RCC_ClockConfig
                0x08002530      0x210 Drivers/STM32L0xx_HAL_Driver/Src/stm32l0xx_hal_rcc.o
                0x08002530                HAL_RCC_ClockConfig
 .text.HAL_RCC_GetSysClockFreq
                0x08002740      0x124 Drivers/STM32L0xx_HAL_Driver/Src/stm32l0xx_hal_rcc.o
                0x08002740                HAL_RCC_GetSysClockFreq
 .text.HAL_RCC_GetHCLKFreq
                0x08002864       0x38 Drivers/STM32L0xx_HAL_Driver/Src/stm32l0xx_hal_rcc.o
                0x08002864                HAL_RCC_GetHCLKFreq
 .text.HAL_RCC_GetPCLK1Freq
                0x0800289c       0x2c Drivers/STM32L0xx_HAL_Driver/Src/stm32l0xx_hal_rcc.o
                0x0800289c                HAL_RCC_GetPCLK1Freq
 .text.HAL_RCC_GetPCLK2Freq
                0x080028c8       0x2c Drivers/STM32L0xx_HAL_Driver/Src/stm32l0xx_hal_rcc.o
                0x080028c8                HAL_RCC_GetPCLK2Freq
 .text.HAL_RCCEx_PeriphCLKConfig
                0x080028f4      0x214 Drivers/STM32L0xx_HAL_Driver/Src/stm32l0xx_hal_rcc_ex.o
                0x080028f4                HAL_RCCEx_PeriphCLKConfig
 .text.HAL_SPI_Init
                0x08002b08       0xd4 Drivers/STM32L0xx_HAL_Driver/Src/stm32l0xx_hal_spi.o
                0x08002b08                HAL_SPI_Init
 .text.HAL_TIM_Base_Init
                0x08002bdc       0x58 Drivers/STM32L0xx_HAL_Driver/Src/stm32l0xx_hal_tim.o
                0x08002bdc                HAL_TIM_Base_Init
 .text.HAL_TIM_ConfigClockSource
                0x08002c34      0x1cc Drivers/STM32L0xx_HAL_Driver/Src/stm32l0xx_hal_tim.o
                0x08002c34                HAL_TIM_ConfigClockSource
 .text.TIM_Base_SetConfig
                0x08002e00       0xb0 Drivers/STM32L0xx_HAL_Driver/Src/stm32l0xx_hal_tim.o
 .text.TIM_TI1_ConfigInputStage
                0x08002eb0       0x64 Drivers/STM32L0xx_HAL_Driver/Src/stm32l0xx_hal_tim.o
 .text.TIM_TI2_ConfigInputStage
                0x08002f14       0x68 Drivers/STM32L0xx_HAL_Driver/Src/stm32l0xx_hal_tim.o
 .text.TIM_ITRx_SetConfig
                0x08002f7c       0x40 Drivers/STM32L0xx_HAL_Driver/Src/stm32l0xx_hal_tim.o
 .text.TIM_ETR_SetConfig
                0x08002fbc       0x44 Drivers/STM32L0xx_HAL_Driver/Src/stm32l0xx_hal_tim.o
 .text.HAL_TIMEx_MasterConfigSynchronization
                0x08003000       0x88 Drivers/STM32L0xx_HAL_Driver/Src/stm32l0xx_hal_tim_ex.o
                0x08003000                HAL_TIMEx_MasterConfigSynchronization
 .text.HAL_UART_Init
                0x08003088       0xa4 Drivers/STM32L0xx_HAL_Driver/Src/stm32l0xx_hal_uart.o
                0x08003088                HAL_UART_Init
 .text.UART_SetConfig
                0x0800312c      0x4d0 Drivers/STM32L0xx_HAL_Driver/Src/stm32l0xx_hal_uart.o
                0x0800312c                UART_SetConfig
 .text.UART_CheckIdleState
                0x080035fc       0x7c Drivers/STM32L0xx_HAL_Driver/Src/stm32l0xx_hal_uart.o
                0x080035fc                UART_CheckIdleState
 .text.UART_AdvFeatureConfig
                0x08003678      0x154 Drivers/STM32L0xx_HAL_Driver/Src/stm32l0xx_hal_uart.o
                0x08003678                UART_AdvFeatureConfig
 .text.UART_WaitOnFlagUntilTimeout
                0x080037cc      0x138 Drivers/STM32L0xx_HAL_Driver/Src/stm32l0xx_hal_uart.o
                0x080037cc                UART_WaitOnFlagUntilTimeout
 .text.MX_GPIO_Init
                0x08003904      0x14c Src/gpio.o
                0x08003904                MX_GPIO_Init
 .text.pause_250_usec
                0x08003a50       0x28 Src/i2c_lowlevel.o
 .text.pause_1000_usec
                0x08003a78       0x1c Src/i2c_lowlevel.o
 .text.pause_2000_usec
                0x08003a94       0x14 Src/i2c_lowlevel.o
 .text.i2c_scl_low
                0x08003aa8       0x14 Src/i2c_lowlevel.o
 .text.i2c_scl_high
                0x08003abc       0x14 Src/i2c_lowlevel.o
 .text.i2c_sda_low
                0x08003ad0       0x14 Src/i2c_lowlevel.o
 .text.i2c_sda_high
                0x08003ae4       0x14 Src/i2c_lowlevel.o
 .text.i2c_send_START
                0x08003af8       0x18 Src/i2c_lowlevel.o
 .text.i2c_send_byte
                0x08003b10       0xa0 Src/i2c_lowlevel.o
                0x08003b10                i2c_send_byte
 .text.i2c_wait_ACK_NACK
                0x08003bb0       0x5c Src/i2c_lowlevel.o
 .text.i2c_send_STOP
                0x08003c0c       0x1c Src/i2c_lowlevel.o
 .text.test_slave_on_bus
                0x08003c28       0x18 Src/i2c_lowlevel.o
                0x08003c28                test_slave_on_bus
 .text.MX_SPI1_Init
                0x08003c40       0x6c Src/spi.o
                0x08003c40                MX_SPI1_Init
 .text.HAL_SPI_MspInit
                0x08003cac       0xa4 Src/spi.o
                0x08003cac                HAL_SPI_MspInit
 .text.HAL_MspInit
                0x08003d50       0x28 Src/stm32l0xx_hal_msp.o
                0x08003d50                HAL_MspInit
 .text.NMI_Handler
                0x08003d78        0x8 Src/stm32l0xx_it.o
                0x08003d78                NMI_Handler
 .text.HardFault_Handler
                0x08003d80        0x8 Src/stm32l0xx_it.o
                0x08003d80                HardFault_Handler
 .text.SysTick_Handler
                0x08003d88       0x10 Src/stm32l0xx_it.o
                0x08003d88                SysTick_Handler
 .text.SPI1_IRQHandler
                0x08003d98       0x58 Src/stm32l0xx_it.o
                0x08003d98                SPI1_IRQHandler
 .text.MX_TIM2_Init
                0x08003df0       0x68 Src/tim.o
                0x08003df0                MX_TIM2_Init
 .text.MX_TIM21_Init
                0x08003e58       0x6c Src/tim.o
                0x08003e58                MX_TIM21_Init
 .text.MX_TIM22_Init
                0x08003ec4       0x6c Src/tim.o
                0x08003ec4                MX_TIM22_Init
 .text.HAL_TIM_Base_MspInit
                0x08003f30       0x64 Src/tim.o
                0x08003f30                HAL_TIM_Base_MspInit
 .text.MX_USART1_UART_Init
                0x08003f94       0x58 Src/usart.o
                0x08003f94                MX_USART1_UART_Init
 .text.HAL_UART_MspInit
                0x08003fec       0x68 Src/usart.o
                0x08003fec                HAL_UART_MspInit
 .text.main     0x08004054       0x3c tests/test_template_runner.o
                0x08004054                main
 .text.SystemClock_Config
                0x08004090       0xfc tests/test_template_runner.o
                0x08004090                SystemClock_Config
 .text.__libc_init_array
                0x0800418c       0x4c c:/eclipse/cpp-neon/eclipse/plugins/fr.ac6.mcu.externaltools.arm-none.win32_1.7.0.201602121829/tools/compiler/bin/../lib/gcc/arm-none-eabi/5.2.1/../../../../arm-none-eabi/lib/armv6-m\libc_nano.a(lib_a-init.o)
                0x0800418c                __libc_init_array
 *(.glue_7)
 .glue_7        0x080041d8        0x0 linker stubs
 *(.glue_7t)
 .glue_7t       0x080041d8        0x0 linker stubs
 *(.eh_frame)
 .eh_frame      0x080041d8        0x0 c:/eclipse/cpp-neon/eclipse/plugins/fr.ac6.mcu.externaltools.arm-none.win32_1.7.0.201602121829/tools/compiler/bin/../lib/gcc/arm-none-eabi/5.2.1/armv6-m/crtbegin.o
 *(.init)
 .init          0x080041d8        0x4 c:/eclipse/cpp-neon/eclipse/plugins/fr.ac6.mcu.externaltools.arm-none.win32_1.7.0.201602121829/tools/compiler/bin/../lib/gcc/arm-none-eabi/5.2.1/armv6-m/crti.o
                0x080041d8                _init
 .init          0x080041dc        0x8 c:/eclipse/cpp-neon/eclipse/plugins/fr.ac6.mcu.externaltools.arm-none.win32_1.7.0.201602121829/tools/compiler/bin/../lib/gcc/arm-none-eabi/5.2.1/armv6-m/crtn.o
 *(.fini)
 .fini          0x080041e4        0x4 c:/eclipse/cpp-neon/eclipse/plugins/fr.ac6.mcu.externaltools.arm-none.win32_1.7.0.201602121829/tools/compiler/bin/../lib/gcc/arm-none-eabi/5.2.1/armv6-m/crti.o
                0x080041e4                _fini
 .fini          0x080041e8        0x8 c:/eclipse/cpp-neon/eclipse/plugins/fr.ac6.mcu.externaltools.arm-none.win32_1.7.0.201602121829/tools/compiler/bin/../lib/gcc/arm-none-eabi/5.2.1/armv6-m/crtn.o
                0x080041f0                . = ALIGN (0x4)
                0x080041f0                _etext = .

.vfp11_veneer   0x080041f0        0x0
 .vfp11_veneer  0x080041f0        0x0 linker stubs

.v4_bx          0x080041f0        0x0
 .v4_bx         0x080041f0        0x0 linker stubs

.iplt           0x080041f0        0x0
 .iplt          0x080041f0        0x0 c:/eclipse/cpp-neon/eclipse/plugins/fr.ac6.mcu.externaltools.arm-none.win32_1.7.0.201602121829/tools/compiler/bin/../lib/gcc/arm-none-eabi/5.2.1/armv6-m/crtbegin.o

.rodata         0x080041f0       0xf4
                0x080041f0                . = ALIGN (0x4)
 *(.rodata)
 .rodata        0x080041f0       0x1c Drivers/CMSIS/Device/ST/STM32L0xx/Source/Templates/system_stm32l0xx.o
                0x080041f0                AHBPrescTable
                0x08004200                PLLMulTable
 .rodata        0x0800420c       0x10 Drivers/STM32L0xx_HAL_Driver/Src/stm32l0xx_hal_rcc.o
 .rodata        0x0800421c       0x48 Drivers/STM32L0xx_HAL_Driver/Src/stm32l0xx_hal_uart.o
 .rodata        0x08004264       0x40 c:/eclipse/cpp-neon/eclipse/plugins/fr.ac6.mcu.externaltools.arm-none.win32_1.7.0.201602121829/tools/compiler/bin/../lib/gcc/arm-none-eabi/5.2.1/armv6-m\libgcc.a(divdf3.o)
 .rodata        0x080042a4       0x40 c:/eclipse/cpp-neon/eclipse/plugins/fr.ac6.mcu.externaltools.arm-none.win32_1.7.0.201602121829/tools/compiler/bin/../lib/gcc/arm-none-eabi/5.2.1/armv6-m\libgcc.a(muldf3.o)
 *(.rodata*)
                0x080042e4                . = ALIGN (0x4)

.rel.dyn        0x080042e4        0x0
 .rel.iplt      0x080042e4        0x0 c:/eclipse/cpp-neon/eclipse/plugins/fr.ac6.mcu.externaltools.arm-none.win32_1.7.0.201602121829/tools/compiler/bin/../lib/gcc/arm-none-eabi/5.2.1/armv6-m/crtbegin.o

.ARM.extab
 *(.ARM.extab* .gnu.linkonce.armextab.*)

.ARM            0x080042e4        0x0
                0x080042e4                __exidx_start = .
 *(.ARM.exidx*)
                0x080042e4                __exidx_end = .

.preinit_array  0x080042e4        0x0
                0x080042e4                PROVIDE (__preinit_array_start, .)
 *(.preinit_array*)
                0x080042e4                PROVIDE (__preinit_array_end, .)

.init_array     0x080042e4        0x4
                0x080042e4                PROVIDE (__init_array_start, .)
 *(SORT(.init_array.*))
 *(.init_array*)
 .init_array    0x080042e4        0x4 c:/eclipse/cpp-neon/eclipse/plugins/fr.ac6.mcu.externaltools.arm-none.win32_1.7.0.201602121829/tools/compiler/bin/../lib/gcc/arm-none-eabi/5.2.1/armv6-m/crtbegin.o
                0x080042e8                PROVIDE (__init_array_end, .)

.fini_array     0x080042e8        0x4
                [!provide]                PROVIDE (__fini_array_start, .)
 *(SORT(.fini_array.*))
 *(.fini_array*)
 .fini_array    0x080042e8        0x4 c:/eclipse/cpp-neon/eclipse/plugins/fr.ac6.mcu.externaltools.arm-none.win32_1.7.0.201602121829/tools/compiler/bin/../lib/gcc/arm-none-eabi/5.2.1/armv6-m/crtbegin.o
                [!provide]                PROVIDE (__fini_array_end, .)
                0x080042ec                _sidata = LOADADDR (.data)

.data           0x20000000        0x4 load address 0x080042ec
                0x20000000                . = ALIGN (0x4)
                0x20000000                _sdata = .
 *(.data)
 .data          0x20000000        0x4 Drivers/CMSIS/Device/ST/STM32L0xx/Source/Templates/system_stm32l0xx.o
                0x20000000                SystemCoreClock
 *(.data*)
                0x20000004                . = ALIGN (0x4)
                0x20000004                _edata = .

.jcr            0x20000004        0x0 load address 0x080042f0
 .jcr           0x20000004        0x0 c:/eclipse/cpp-neon/eclipse/plugins/fr.ac6.mcu.externaltools.arm-none.win32_1.7.0.201602121829/tools/compiler/bin/../lib/gcc/arm-none-eabi/5.2.1/armv6-m/crtbegin.o

.tm_clone_table
                0x20000004        0x0 load address 0x080042f0
 .tm_clone_table
                0x20000004        0x0 c:/eclipse/cpp-neon/eclipse/plugins/fr.ac6.mcu.externaltools.arm-none.win32_1.7.0.201602121829/tools/compiler/bin/../lib/gcc/arm-none-eabi/5.2.1/armv6-m/crtbegin.o
 .tm_clone_table
                0x20000004        0x0 c:/eclipse/cpp-neon/eclipse/plugins/fr.ac6.mcu.externaltools.arm-none.win32_1.7.0.201602121829/tools/compiler/bin/../lib/gcc/arm-none-eabi/5.2.1/armv6-m/crtend.o

.igot.plt       0x20000004        0x0 load address 0x080042f0
 .igot.plt      0x20000004        0x0 c:/eclipse/cpp-neon/eclipse/plugins/fr.ac6.mcu.externaltools.arm-none.win32_1.7.0.201602121829/tools/compiler/bin/../lib/gcc/arm-none-eabi/5.2.1/armv6-m/crtbegin.o
                0x20000004                . = ALIGN (0x4)

.bss            0x20000004      0x190 load address 0x080042f0
                0x20000004                _sbss = .
                0x20000004                __bss_start__ = _sbss
 *(.bss)
 .bss           0x20000004       0x1c c:/eclipse/cpp-neon/eclipse/plugins/fr.ac6.mcu.externaltools.arm-none.win32_1.7.0.201602121829/tools/compiler/bin/../lib/gcc/arm-none-eabi/5.2.1/armv6-m/crtbegin.o
 .bss           0x20000020        0x4 Drivers/STM32L0xx_HAL_Driver/Src/stm32l0xx_hal.o
 *(.bss*)
 *(COMMON)
 COMMON         0x20000024       0x58 Src/spi.o
                0x20000024                hspi1
 COMMON         0x2000007c       0xa8 Src/tim.o
                0x2000007c                htim22
                0x200000b4                htim2
                0x200000ec                htim21
 COMMON         0x20000124       0x70 Src/usart.o
                0x20000124                huart1
                0x20000194                . = ALIGN (0x4)
                0x20000194                _ebss = .
                0x20000194                __bss_end__ = _ebss

._user_heap_stack
                0x20000194      0x604 load address 0x080042f0
                0x20000198                . = ALIGN (0x8)
 *fill*         0x20000194        0x4 
                0x20000198                PROVIDE (end, .)
                [!provide]                PROVIDE (_end, .)
                0x20000398                . = (. + _Min_Heap_Size)
 *fill*         0x20000198      0x200 
                0x20000798                . = (. + _Min_Stack_Size)
 *fill*         0x20000398      0x400 
                0x20000798                . = ALIGN (0x8)

/DISCARD/
 libc.a(*)
 libm.a(*)
 libgcc.a(*)

.ARM.attributes
                0x00000000       0x28
 *(.ARM.attributes)
 .ARM.attributes
                0x00000000       0x1e c:/eclipse/cpp-neon/eclipse/plugins/fr.ac6.mcu.externaltools.arm-none.win32_1.7.0.201602121829/tools/compiler/bin/../lib/gcc/arm-none-eabi/5.2.1/armv6-m/crti.o
 .ARM.attributes
                0x0000001e       0x2c c:/eclipse/cpp-neon/eclipse/plugins/fr.ac6.mcu.externaltools.arm-none.win32_1.7.0.201602121829/tools/compiler/bin/../lib/gcc/arm-none-eabi/5.2.1/armv6-m/crtbegin.o
 .ARM.attributes
                0x0000004a       0x22 Drivers/CMSIS/Device/ST/STM32L0xx/Source/Templates/gcc/startup_stm32l051xx.o
 .ARM.attributes
                0x0000006c       0x32 Drivers/CMSIS/Device/ST/STM32L0xx/Source/Templates/system_stm32l0xx.o
 .ARM.attributes
                0x0000009e       0x32 Drivers/STM32L0xx_HAL_Driver/Src/stm32l0xx_hal.o
 .ARM.attributes
                0x000000d0       0x32 Drivers/STM32L0xx_HAL_Driver/Src/stm32l0xx_hal_cortex.o
 .ARM.attributes
                0x00000102       0x32 Drivers/STM32L0xx_HAL_Driver/Src/stm32l0xx_hal_gpio.o
 .ARM.attributes
                0x00000134       0x32 Drivers/STM32L0xx_HAL_Driver/Src/stm32l0xx_hal_rcc.o
 .ARM.attributes
                0x00000166       0x32 Drivers/STM32L0xx_HAL_Driver/Src/stm32l0xx_hal_rcc_ex.o
 .ARM.attributes
                0x00000198       0x32 Drivers/STM32L0xx_HAL_Driver/Src/stm32l0xx_hal_spi.o
 .ARM.attributes
                0x000001ca       0x32 Drivers/STM32L0xx_HAL_Driver/Src/stm32l0xx_hal_tim.o
 .ARM.attributes
                0x000001fc       0x32 Drivers/STM32L0xx_HAL_Driver/Src/stm32l0xx_hal_tim_ex.o
 .ARM.attributes
                0x0000022e       0x32 Drivers/STM32L0xx_HAL_Driver/Src/stm32l0xx_hal_uart.o
 .ARM.attributes
                0x00000260       0x32 Src/gpio.o
 .ARM.attributes
                0x00000292       0x32 Src/i2c_lowlevel.o
 .ARM.attributes
                0x000002c4       0x32 Src/spi.o
 .ARM.attributes
                0x000002f6       0x32 Src/stm32l0xx_hal_msp.o
 .ARM.attributes
                0x00000328       0x32 Src/stm32l0xx_it.o
 .ARM.attributes
                0x0000035a       0x32 Src/tim.o
 .ARM.attributes
                0x0000038c       0x32 Src/usart.o
 .ARM.attributes
                0x000003be       0x32 tests/test_template_runner.o
 .ARM.attributes
                0x000003f0       0x1e c:/eclipse/cpp-neon/eclipse/plugins/fr.ac6.mcu.externaltools.arm-none.win32_1.7.0.201602121829/tools/compiler/bin/../lib/gcc/arm-none-eabi/5.2.1/armv6-m\libgcc.a(_udivsi3.o)
 .ARM.attributes
                0x0000040e       0x1e c:/eclipse/cpp-neon/eclipse/plugins/fr.ac6.mcu.externaltools.arm-none.win32_1.7.0.201602121829/tools/compiler/bin/../lib/gcc/arm-none-eabi/5.2.1/armv6-m\libgcc.a(_dvmd_tls.o)
 .ARM.attributes
                0x0000042c       0x2c c:/eclipse/cpp-neon/eclipse/plugins/fr.ac6.mcu.externaltools.arm-none.win32_1.7.0.201602121829/tools/compiler/bin/../lib/gcc/arm-none-eabi/5.2.1/armv6-m\libgcc.a(_fixunsdfsi.o)
 .ARM.attributes
                0x00000458       0x2c c:/eclipse/cpp-neon/eclipse/plugins/fr.ac6.mcu.externaltools.arm-none.win32_1.7.0.201602121829/tools/compiler/bin/../lib/gcc/arm-none-eabi/5.2.1/armv6-m\libgcc.a(divdf3.o)
 .ARM.attributes
                0x00000484       0x2c c:/eclipse/cpp-neon/eclipse/plugins/fr.ac6.mcu.externaltools.arm-none.win32_1.7.0.201602121829/tools/compiler/bin/../lib/gcc/arm-none-eabi/5.2.1/armv6-m\libgcc.a(muldf3.o)
 .ARM.attributes
                0x000004b0       0x2c c:/eclipse/cpp-neon/eclipse/plugins/fr.ac6.mcu.externaltools.arm-none.win32_1.7.0.201602121829/tools/compiler/bin/../lib/gcc/arm-none-eabi/5.2.1/armv6-m\libgcc.a(subdf3.o)
 .ARM.attributes
                0x000004dc       0x2c c:/eclipse/cpp-neon/eclipse/plugins/fr.ac6.mcu.externaltools.arm-none.win32_1.7.0.201602121829/tools/compiler/bin/../lib/gcc/arm-none-eabi/5.2.1/armv6-m\libgcc.a(fixdfsi.o)
 .ARM.attributes
                0x00000508       0x2c c:/eclipse/cpp-neon/eclipse/plugins/fr.ac6.mcu.externaltools.arm-none.win32_1.7.0.201602121829/tools/compiler/bin/../lib/gcc/arm-none-eabi/5.2.1/armv6-m\libgcc.a(floatunsidf.o)
 .ARM.attributes
                0x00000534       0x1e c:/eclipse/cpp-neon/eclipse/plugins/fr.ac6.mcu.externaltools.arm-none.win32_1.7.0.201602121829/tools/compiler/bin/../lib/gcc/arm-none-eabi/5.2.1/armv6-m\libgcc.a(_arm_cmpdf2.o)
 .ARM.attributes
                0x00000552       0x1e c:/eclipse/cpp-neon/eclipse/plugins/fr.ac6.mcu.externaltools.arm-none.win32_1.7.0.201602121829/tools/compiler/bin/../lib/gcc/arm-none-eabi/5.2.1/armv6-m\libgcc.a(_clzsi2.o)
 .ARM.attributes
                0x00000570       0x2c c:/eclipse/cpp-neon/eclipse/plugins/fr.ac6.mcu.externaltools.arm-none.win32_1.7.0.201602121829/tools/compiler/bin/../lib/gcc/arm-none-eabi/5.2.1/armv6-m\libgcc.a(eqdf2.o)
 .ARM.attributes
                0x0000059c       0x2c c:/eclipse/cpp-neon/eclipse/plugins/fr.ac6.mcu.externaltools.arm-none.win32_1.7.0.201602121829/tools/compiler/bin/../lib/gcc/arm-none-eabi/5.2.1/armv6-m\libgcc.a(gedf2.o)
 .ARM.attributes
                0x000005c8       0x2c c:/eclipse/cpp-neon/eclipse/plugins/fr.ac6.mcu.externaltools.arm-none.win32_1.7.0.201602121829/tools/compiler/bin/../lib/gcc/arm-none-eabi/5.2.1/armv6-m\libgcc.a(ledf2.o)
 .ARM.attributes
                0x000005f4       0x2c c:/eclipse/cpp-neon/eclipse/plugins/fr.ac6.mcu.externaltools.arm-none.win32_1.7.0.201602121829/tools/compiler/bin/../lib/gcc/arm-none-eabi/5.2.1/../../../../arm-none-eabi/lib/armv6-m\libc_nano.a(lib_a-init.o)
 .ARM.attributes
                0x00000620       0x2c c:/eclipse/cpp-neon/eclipse/plugins/fr.ac6.mcu.externaltools.arm-none.win32_1.7.0.201602121829/tools/compiler/bin/../lib/gcc/arm-none-eabi/5.2.1/armv6-m/crtend.o
 .ARM.attributes
                0x0000064c       0x1e c:/eclipse/cpp-neon/eclipse/plugins/fr.ac6.mcu.externaltools.arm-none.win32_1.7.0.201602121829/tools/compiler/bin/../lib/gcc/arm-none-eabi/5.2.1/armv6-m/crtn.o
OUTPUT(irp1_00_01.elf elf32-littlearm)

.debug_line     0x00000000     0xc1a7
 .debug_line    0x00000000       0xb2 Drivers/CMSIS/Device/ST/STM32L0xx/Source/Templates/gcc/startup_stm32l051xx.o
 .debug_line    0x000000b2      0x872 Drivers/CMSIS/Device/ST/STM32L0xx/Source/Templates/system_stm32l0xx.o
 .debug_line    0x00000924      0xa18 Drivers/STM32L0xx_HAL_Driver/Src/stm32l0xx_hal.o
 .debug_line    0x0000133c      0xa15 Drivers/STM32L0xx_HAL_Driver/Src/stm32l0xx_hal_cortex.o
 .debug_line    0x00001d51      0x9ae Drivers/STM32L0xx_HAL_Driver/Src/stm32l0xx_hal_gpio.o
 .debug_line    0x000026ff      0xa9b Drivers/STM32L0xx_HAL_Driver/Src/stm32l0xx_hal_rcc.o
 .debug_line    0x0000319a      0x9b3 Drivers/STM32L0xx_HAL_Driver/Src/stm32l0xx_hal_rcc_ex.o
 .debug_line    0x00003b4d     0x1035 Drivers/STM32L0xx_HAL_Driver/Src/stm32l0xx_hal_spi.o
 .debug_line    0x00004b82     0x1727 Drivers/STM32L0xx_HAL_Driver/Src/stm32l0xx_hal_tim.o
 .debug_line    0x000062a9      0x899 Drivers/STM32L0xx_HAL_Driver/Src/stm32l0xx_hal_tim_ex.o
 .debug_line    0x00006b42      0xfdf Drivers/STM32L0xx_HAL_Driver/Src/stm32l0xx_hal_uart.o
 .debug_line    0x00007b21      0x88f Src/gpio.o
 .debug_line    0x000083b0      0xa52 Src/i2c_lowlevel.o
 .debug_line    0x00008e02      0x858 Src/spi.o
 .debug_line    0x0000965a      0x813 Src/stm32l0xx_hal_msp.o
 .debug_line    0x00009e6d      0x85f Src/stm32l0xx_it.o
 .debug_line    0x0000a6cc      0x87d Src/tim.o
 .debug_line    0x0000af49      0x852 Src/usart.o
 .debug_line    0x0000b79b      0xa0c tests/test_template_runner.o

.debug_info     0x00000000     0x9860
 .debug_info    0x00000000       0xc8 Drivers/CMSIS/Device/ST/STM32L0xx/Source/Templates/gcc/startup_stm32l051xx.o
 .debug_info    0x000000c8      0x344 Drivers/CMSIS/Device/ST/STM32L0xx/Source/Templates/system_stm32l0xx.o
 .debug_info    0x0000040c      0x6b7 Drivers/STM32L0xx_HAL_Driver/Src/stm32l0xx_hal.o
 .debug_info    0x00000ac3      0x7d3 Drivers/STM32L0xx_HAL_Driver/Src/stm32l0xx_hal_cortex.o
 .debug_info    0x00001296      0x615 Drivers/STM32L0xx_HAL_Driver/Src/stm32l0xx_hal_gpio.o
 .debug_info    0x000018ab      0x7ff Drivers/STM32L0xx_HAL_Driver/Src/stm32l0xx_hal_rcc.o
 .debug_info    0x000020aa      0x44d Drivers/STM32L0xx_HAL_Driver/Src/stm32l0xx_hal_rcc_ex.o
 .debug_info    0x000024f7      0xe2b Drivers/STM32L0xx_HAL_Driver/Src/stm32l0xx_hal_spi.o
 .debug_info    0x00003322     0x206e Drivers/STM32L0xx_HAL_Driver/Src/stm32l0xx_hal_tim.o
 .debug_info    0x00005390      0x576 Drivers/STM32L0xx_HAL_Driver/Src/stm32l0xx_hal_tim_ex.o
 .debug_info    0x00005906      0xfe0 Drivers/STM32L0xx_HAL_Driver/Src/stm32l0xx_hal_uart.o
 .debug_info    0x000068e6      0x346 Src/gpio.o
 .debug_info    0x00006c2c      0x438 Src/i2c_lowlevel.o
 .debug_info    0x00007064      0x82e Src/spi.o
 .debug_info    0x00007892      0x287 Src/stm32l0xx_hal_msp.o
 .debug_info    0x00007b19      0x1e3 Src/stm32l0xx_it.o
 .debug_info    0x00007cfc      0x754 Src/tim.o
 .debug_info    0x00008450      0x7e6 Src/usart.o
 .debug_info    0x00008c36      0xc2a tests/test_template_runner.o

.debug_abbrev   0x00000000     0x1baa
 .debug_abbrev  0x00000000       0x12 Drivers/CMSIS/Device/ST/STM32L0xx/Source/Templates/gcc/startup_stm32l051xx.o
 .debug_abbrev  0x00000012       0xf3 Drivers/CMSIS/Device/ST/STM32L0xx/Source/Templates/system_stm32l0xx.o
 .debug_abbrev  0x00000105      0x1c3 Drivers/STM32L0xx_HAL_Driver/Src/stm32l0xx_hal.o
 .debug_abbrev  0x000002c8      0x24e Drivers/STM32L0xx_HAL_Driver/Src/stm32l0xx_hal_cortex.o
 .debug_abbrev  0x00000516      0x1ab Drivers/STM32L0xx_HAL_Driver/Src/stm32l0xx_hal_gpio.o
 .debug_abbrev  0x000006c1      0x214 Drivers/STM32L0xx_HAL_Driver/Src/stm32l0xx_hal_rcc.o
 .debug_abbrev  0x000008d5      0x1a4 Drivers/STM32L0xx_HAL_Driver/Src/stm32l0xx_hal_rcc_ex.o
 .debug_abbrev  0x00000a79      0x1eb Drivers/STM32L0xx_HAL_Driver/Src/stm32l0xx_hal_spi.o
 .debug_abbrev  0x00000c64      0x21b Drivers/STM32L0xx_HAL_Driver/Src/stm32l0xx_hal_tim.o
 .debug_abbrev  0x00000e7f      0x15c Drivers/STM32L0xx_HAL_Driver/Src/stm32l0xx_hal_tim_ex.o
 .debug_abbrev  0x00000fdb      0x1f1 Drivers/STM32L0xx_HAL_Driver/Src/stm32l0xx_hal_uart.o
 .debug_abbrev  0x000011cc      0x109 Src/gpio.o
 .debug_abbrev  0x000012d5      0x1b3 Src/i2c_lowlevel.o
 .debug_abbrev  0x00001488      0x15c Src/spi.o
 .debug_abbrev  0x000015e4       0xa7 Src/stm32l0xx_hal_msp.o
 .debug_abbrev  0x0000168b       0xe4 Src/stm32l0xx_it.o
 .debug_abbrev  0x0000176f      0x16b Src/tim.o
 .debug_abbrev  0x000018da      0x15c Src/usart.o
 .debug_abbrev  0x00001a36      0x174 tests/test_template_runner.o

.debug_aranges  0x00000000      0xb78
 .debug_aranges
                0x00000000       0x28 Drivers/CMSIS/Device/ST/STM32L0xx/Source/Templates/gcc/startup_stm32l051xx.o
 .debug_aranges
                0x00000028       0x28 Drivers/CMSIS/Device/ST/STM32L0xx/Source/Templates/system_stm32l0xx.o
 .debug_aranges
                0x00000050       0xf0 Drivers/STM32L0xx_HAL_Driver/Src/stm32l0xx_hal.o
 .debug_aranges
                0x00000140       0xc8 Drivers/STM32L0xx_HAL_Driver/Src/stm32l0xx_hal_cortex.o
 .debug_aranges
                0x00000208       0x58 Drivers/STM32L0xx_HAL_Driver/Src/stm32l0xx_hal_gpio.o
 .debug_aranges
                0x00000260       0x80 Drivers/STM32L0xx_HAL_Driver/Src/stm32l0xx_hal_rcc.o
 .debug_aranges
                0x000002e0       0x60 Drivers/STM32L0xx_HAL_Driver/Src/stm32l0xx_hal_rcc_ex.o
 .debug_aranges
                0x00000340      0x150 Drivers/STM32L0xx_HAL_Driver/Src/stm32l0xx_hal_spi.o
 .debug_aranges
                0x00000490      0x368 Drivers/STM32L0xx_HAL_Driver/Src/stm32l0xx_hal_tim.o
 .debug_aranges
                0x000007f8       0x28 Drivers/STM32L0xx_HAL_Driver/Src/stm32l0xx_hal_tim_ex.o
 .debug_aranges
                0x00000820      0x168 Drivers/STM32L0xx_HAL_Driver/Src/stm32l0xx_hal_uart.o
 .debug_aranges
                0x00000988       0x20 Src/gpio.o
 .debug_aranges
                0x000009a8       0xa8 Src/i2c_lowlevel.o
 .debug_aranges
                0x00000a50       0x30 Src/spi.o
 .debug_aranges
                0x00000a80       0x20 Src/stm32l0xx_hal_msp.o
 .debug_aranges
                0x00000aa0       0x38 Src/stm32l0xx_it.o
 .debug_aranges
                0x00000ad8       0x40 Src/tim.o
 .debug_aranges
                0x00000b18       0x30 Src/usart.o
 .debug_aranges
                0x00000b48       0x30 tests/test_template_runner.o

.debug_ranges   0x00000000      0xa50
 .debug_ranges  0x00000000       0x20 Drivers/CMSIS/Device/ST/STM32L0xx/Source/Templates/gcc/startup_stm32l051xx.o
 .debug_ranges  0x00000020       0x18 Drivers/CMSIS/Device/ST/STM32L0xx/Source/Templates/system_stm32l0xx.o
 .debug_ranges  0x00000038       0xe0 Drivers/STM32L0xx_HAL_Driver/Src/stm32l0xx_hal.o
 .debug_ranges  0x00000118       0xb8 Drivers/STM32L0xx_HAL_Driver/Src/stm32l0xx_hal_cortex.o
 .debug_ranges  0x000001d0       0x48 Drivers/STM32L0xx_HAL_Driver/Src/stm32l0xx_hal_gpio.o
 .debug_ranges  0x00000218       0x70 Drivers/STM32L0xx_HAL_Driver/Src/stm32l0xx_hal_rcc.o
 .debug_ranges  0x00000288       0x50 Drivers/STM32L0xx_HAL_Driver/Src/stm32l0xx_hal_rcc_ex.o
 .debug_ranges  0x000002d8      0x140 Drivers/STM32L0xx_HAL_Driver/Src/stm32l0xx_hal_spi.o
 .debug_ranges  0x00000418      0x358 Drivers/STM32L0xx_HAL_Driver/Src/stm32l0xx_hal_tim.o
 .debug_ranges  0x00000770       0x18 Drivers/STM32L0xx_HAL_Driver/Src/stm32l0xx_hal_tim_ex.o
 .debug_ranges  0x00000788      0x158 Drivers/STM32L0xx_HAL_Driver/Src/stm32l0xx_hal_uart.o
 .debug_ranges  0x000008e0       0x10 Src/gpio.o
 .debug_ranges  0x000008f0       0x98 Src/i2c_lowlevel.o
 .debug_ranges  0x00000988       0x20 Src/spi.o
 .debug_ranges  0x000009a8       0x10 Src/stm32l0xx_hal_msp.o
 .debug_ranges  0x000009b8       0x28 Src/stm32l0xx_it.o
 .debug_ranges  0x000009e0       0x30 Src/tim.o
 .debug_ranges  0x00000a10       0x20 Src/usart.o
 .debug_ranges  0x00000a30       0x20 tests/test_template_runner.o

.debug_macro    0x00000000     0xf63a
 .debug_macro   0x00000000      0x298 Drivers/CMSIS/Device/ST/STM32L0xx/Source/Templates/system_stm32l0xx.o
 .debug_macro   0x00000298      0x82c Drivers/CMSIS/Device/ST/STM32L0xx/Source/Templates/system_stm32l0xx.o
 .debug_macro   0x00000ac4       0x2e Drivers/CMSIS/Device/ST/STM32L0xx/Source/Templates/system_stm32l0xx.o
 .debug_macro   0x00000af2       0x28 Drivers/CMSIS/Device/ST/STM32L0xx/Source/Templates/system_stm32l0xx.o
 .debug_macro   0x00000b1a       0x22 Drivers/CMSIS/Device/ST/STM32L0xx/Source/Templates/system_stm32l0xx.o
 .debug_macro   0x00000b3c       0x44 Drivers/CMSIS/Device/ST/STM32L0xx/Source/Templates/system_stm32l0xx.o
 .debug_macro   0x00000b80       0x1c Drivers/CMSIS/Device/ST/STM32L0xx/Source/Templates/system_stm32l0xx.o
 .debug_macro   0x00000b9c      0x1f7 Drivers/CMSIS/Device/ST/STM32L0xx/Source/Templates/system_stm32l0xx.o
 .debug_macro   0x00000d93       0x34 Drivers/CMSIS/Device/ST/STM32L0xx/Source/Templates/system_stm32l0xx.o
 .debug_macro   0x00000dc7       0x26 Drivers/CMSIS/Device/ST/STM32L0xx/Source/Templates/system_stm32l0xx.o
 .debug_macro   0x00000ded      0x44f Drivers/CMSIS/Device/ST/STM32L0xx/Source/Templates/system_stm32l0xx.o
 .debug_macro   0x0000123c     0x3dc2 Drivers/CMSIS/Device/ST/STM32L0xx/Source/Templates/system_stm32l0xx.o
 .debug_macro   0x00004ffe       0x3c Drivers/CMSIS/Device/ST/STM32L0xx/Source/Templates/system_stm32l0xx.o
 .debug_macro   0x0000503a       0x34 Drivers/CMSIS/Device/ST/STM32L0xx/Source/Templates/system_stm32l0xx.o
 .debug_macro   0x0000506e       0xa2 Drivers/CMSIS/Device/ST/STM32L0xx/Source/Templates/system_stm32l0xx.o
 .debug_macro   0x00005110     0x31a7 Drivers/CMSIS/Device/ST/STM32L0xx/Source/Templates/system_stm32l0xx.o
 .debug_macro   0x000082b7       0x58 Drivers/CMSIS/Device/ST/STM32L0xx/Source/Templates/system_stm32l0xx.o
 .debug_macro   0x0000830f       0x35 Drivers/CMSIS/Device/ST/STM32L0xx/Source/Templates/system_stm32l0xx.o
 .debug_macro   0x00008344       0x9c Drivers/CMSIS/Device/ST/STM32L0xx/Source/Templates/system_stm32l0xx.o
 .debug_macro   0x000083e0       0x16 Drivers/CMSIS/Device/ST/STM32L0xx/Source/Templates/system_stm32l0xx.o
 .debug_macro   0x000083f6       0x97 Drivers/CMSIS/Device/ST/STM32L0xx/Source/Templates/system_stm32l0xx.o
 .debug_macro   0x0000848d      0x29d Drivers/CMSIS/Device/ST/STM32L0xx/Source/Templates/system_stm32l0xx.o
 .debug_macro   0x0000872a       0xef Drivers/CMSIS/Device/ST/STM32L0xx/Source/Templates/system_stm32l0xx.o
 .debug_macro   0x00008819       0x10 Drivers/CMSIS/Device/ST/STM32L0xx/Source/Templates/system_stm32l0xx.o
 .debug_macro   0x00008829       0x52 Drivers/CMSIS/Device/ST/STM32L0xx/Source/Templates/system_stm32l0xx.o
 .debug_macro   0x0000887b       0x16 Drivers/CMSIS/Device/ST/STM32L0xx/Source/Templates/system_stm32l0xx.o
 .debug_macro   0x00008891       0x43 Drivers/CMSIS/Device/ST/STM32L0xx/Source/Templates/system_stm32l0xx.o
 .debug_macro   0x000088d4      0x180 Drivers/CMSIS/Device/ST/STM32L0xx/Source/Templates/system_stm32l0xx.o
 .debug_macro   0x00008a54       0x10 Drivers/CMSIS/Device/ST/STM32L0xx/Source/Templates/system_stm32l0xx.o
 .debug_macro   0x00008a64       0x22 Drivers/CMSIS/Device/ST/STM32L0xx/Source/Templates/system_stm32l0xx.o
 .debug_macro   0x00008a86       0xbd Drivers/CMSIS/Device/ST/STM32L0xx/Source/Templates/system_stm32l0xx.o
 .debug_macro   0x00008b43       0x16 Drivers/CMSIS/Device/ST/STM32L0xx/Source/Templates/system_stm32l0xx.o
 .debug_macro   0x00008b59      0x196 Drivers/CMSIS/Device/ST/STM32L0xx/Source/Templates/system_stm32l0xx.o
 .debug_macro   0x00008cef       0x50 Drivers/CMSIS/Device/ST/STM32L0xx/Source/Templates/system_stm32l0xx.o
 .debug_macro   0x00008d3f      0x7c1 Drivers/CMSIS/Device/ST/STM32L0xx/Source/Templates/system_stm32l0xx.o
 .debug_macro   0x00009500      0x4f6 Drivers/CMSIS/Device/ST/STM32L0xx/Source/Templates/system_stm32l0xx.o
 .debug_macro   0x000099f6      0x14d Drivers/CMSIS/Device/ST/STM32L0xx/Source/Templates/system_stm32l0xx.o
 .debug_macro   0x00009b43      0x168 Drivers/CMSIS/Device/ST/STM32L0xx/Source/Templates/system_stm32l0xx.o
 .debug_macro   0x00009cab      0x26b Drivers/CMSIS/Device/ST/STM32L0xx/Source/Templates/system_stm32l0xx.o
 .debug_macro   0x00009f16      0x1ef Drivers/CMSIS/Device/ST/STM32L0xx/Source/Templates/system_stm32l0xx.o
 .debug_macro   0x0000a105      0x120 Drivers/CMSIS/Device/ST/STM32L0xx/Source/Templates/system_stm32l0xx.o
 .debug_macro   0x0000a225      0x2bf Drivers/CMSIS/Device/ST/STM32L0xx/Source/Templates/system_stm32l0xx.o
 .debug_macro   0x0000a4e4       0x12 Drivers/CMSIS/Device/ST/STM32L0xx/Source/Templates/system_stm32l0xx.o
 .debug_macro   0x0000a4f6      0x1d0 Drivers/CMSIS/Device/ST/STM32L0xx/Source/Templates/system_stm32l0xx.o
 .debug_macro   0x0000a6c6       0x4d Drivers/CMSIS/Device/ST/STM32L0xx/Source/Templates/system_stm32l0xx.o
 .debug_macro   0x0000a713       0x66 Drivers/CMSIS/Device/ST/STM32L0xx/Source/Templates/system_stm32l0xx.o
 .debug_macro   0x0000a779      0x189 Drivers/CMSIS/Device/ST/STM32L0xx/Source/Templates/system_stm32l0xx.o
 .debug_macro   0x0000a902       0x16 Drivers/CMSIS/Device/ST/STM32L0xx/Source/Templates/system_stm32l0xx.o
 .debug_macro   0x0000a918      0x202 Drivers/CMSIS/Device/ST/STM32L0xx/Source/Templates/system_stm32l0xx.o
 .debug_macro   0x0000ab1a      0x703 Drivers/CMSIS/Device/ST/STM32L0xx/Source/Templates/system_stm32l0xx.o
 .debug_macro   0x0000b21d      0x120 Drivers/CMSIS/Device/ST/STM32L0xx/Source/Templates/system_stm32l0xx.o
 .debug_macro   0x0000b33d      0x535 Drivers/CMSIS/Device/ST/STM32L0xx/Source/Templates/system_stm32l0xx.o
 .debug_macro   0x0000b872       0x77 Drivers/CMSIS/Device/ST/STM32L0xx/Source/Templates/system_stm32l0xx.o
 .debug_macro   0x0000b8e9      0x13f Drivers/CMSIS/Device/ST/STM32L0xx/Source/Templates/system_stm32l0xx.o
 .debug_macro   0x0000ba28      0x2b6 Drivers/STM32L0xx_HAL_Driver/Src/stm32l0xx_hal.o
 .debug_macro   0x0000bcde      0x292 Drivers/STM32L0xx_HAL_Driver/Src/stm32l0xx_hal_cortex.o
 .debug_macro   0x0000bf70      0x2cb Drivers/STM32L0xx_HAL_Driver/Src/stm32l0xx_hal_gpio.o
 .debug_macro   0x0000c23b      0x2e0 Drivers/STM32L0xx_HAL_Driver/Src/stm32l0xx_hal_rcc.o
 .debug_macro   0x0000c51b      0x2a4 Drivers/STM32L0xx_HAL_Driver/Src/stm32l0xx_hal_rcc_ex.o
 .debug_macro   0x0000c7bf      0x29a Drivers/STM32L0xx_HAL_Driver/Src/stm32l0xx_hal_spi.o
 .debug_macro   0x0000ca59      0x293 Drivers/STM32L0xx_HAL_Driver/Src/stm32l0xx_hal_tim.o
 .debug_macro   0x0000ccec      0x292 Drivers/STM32L0xx_HAL_Driver/Src/stm32l0xx_hal_tim_ex.o
 .debug_macro   0x0000cf7e      0x2a1 Drivers/STM32L0xx_HAL_Driver/Src/stm32l0xx_hal_uart.o
 .debug_macro   0x0000d21f      0x2ec Src/gpio.o
 .debug_macro   0x0000d50b       0x58 Src/gpio.o
 .debug_macro   0x0000d563       0x9c Src/gpio.o
 .debug_macro   0x0000d5ff       0x97 Src/gpio.o
 .debug_macro   0x0000d696      0x329 Src/gpio.o
 .debug_macro   0x0000d9bf       0xfd Src/gpio.o
 .debug_macro   0x0000dabc       0x43 Src/gpio.o
 .debug_macro   0x0000daff      0x187 Src/gpio.o
 .debug_macro   0x0000dc86       0x10 Src/gpio.o
 .debug_macro   0x0000dc96       0x3a Src/gpio.o
 .debug_macro   0x0000dcd0       0x10 Src/gpio.o
 .debug_macro   0x0000dce0       0x40 Src/gpio.o
 .debug_macro   0x0000dd20       0x65 Src/gpio.o
 .debug_macro   0x0000dd85      0x197 Src/gpio.o
 .debug_macro   0x0000df1c      0x2f6 Src/i2c_lowlevel.o
 .debug_macro   0x0000e212       0x3a Src/i2c_lowlevel.o
 .debug_macro   0x0000e24c      0x2a6 Src/spi.o
 .debug_macro   0x0000e4f2      0x292 Src/stm32l0xx_hal_msp.o
 .debug_macro   0x0000e784      0x29c Src/stm32l0xx_it.o
 .debug_macro   0x0000ea20      0x29c Src/tim.o
 .debug_macro   0x0000ecbc      0x2a6 Src/usart.o
 .debug_macro   0x0000ef62      0x394 tests/test_template_runner.o
 .debug_macro   0x0000f2f6      0x334 tests/test_template_runner.o
 .debug_macro   0x0000f62a       0x10 tests/test_template_runner.o

.debug_str      0x00000000    0x61366
 .debug_str     0x00000000    0x52481 Drivers/CMSIS/Device/ST/STM32L0xx/Source/Templates/system_stm32l0xx.o
                              0x527bf (size before relaxing)
 .debug_str     0x00052481      0x570 Drivers/STM32L0xx_HAL_Driver/Src/stm32l0xx_hal.o
                              0x52d31 (size before relaxing)
 .debug_str     0x000529f1      0x289 Drivers/STM32L0xx_HAL_Driver/Src/stm32l0xx_hal_cortex.o
                              0x52b50 (size before relaxing)
 .debug_str     0x00052c7a      0x2b9 Drivers/STM32L0xx_HAL_Driver/Src/stm32l0xx_hal_gpio.o
                              0x52a02 (size before relaxing)
 .debug_str     0x00052f33      0x490 Drivers/STM32L0xx_HAL_Driver/Src/stm32l0xx_hal_rcc.o
                              0x52ca4 (size before relaxing)
 .debug_str     0x000533c3      0x235 Drivers/STM32L0xx_HAL_Driver/Src/stm32l0xx_hal_rcc_ex.o
                              0x52982 (size before relaxing)
 .debug_str     0x000535f8      0x6d7 Drivers/STM32L0xx_HAL_Driver/Src/stm32l0xx_hal_spi.o
                              0x52dd5 (size before relaxing)
 .debug_str     0x00053ccf      0xe35 Drivers/STM32L0xx_HAL_Driver/Src/stm32l0xx_hal_tim.o
                              0x5373b (size before relaxing)
 .debug_str     0x00054b04       0xc7 Drivers/STM32L0xx_HAL_Driver/Src/stm32l0xx_hal_tim_ex.o
                              0x52ab5 (size before relaxing)
 .debug_str     0x00054bcb      0x6ff Drivers/STM32L0xx_HAL_Driver/Src/stm32l0xx_hal_uart.o
                              0x530ad (size before relaxing)
 .debug_str     0x000552ca     0x1919 Src/gpio.o
                              0x53230 (size before relaxing)
 .debug_str     0x00056be3      0x19f Src/i2c_lowlevel.o
                              0x53327 (size before relaxing)
 .debug_str     0x00056d82       0x29 Src/spi.o
                              0x52ca1 (size before relaxing)
 .debug_str     0x00056dab       0x1b Src/stm32l0xx_hal_msp.o
                              0x5284b (size before relaxing)
 .debug_str     0x00056dc6       0x73 Src/stm32l0xx_it.o
                              0x526ee (size before relaxing)
 .debug_str     0x00056e39       0x5d Src/tim.o
                              0x52b7b (size before relaxing)
 .debug_str     0x00056e96       0x35 Src/usart.o
                              0x52bd6 (size before relaxing)
 .debug_str     0x00056ecb     0xa49b tests/test_template_runner.o
                              0x5dff8 (size before relaxing)

.comment        0x00000000       0xde
 .comment       0x00000000       0x70 Drivers/CMSIS/Device/ST/STM32L0xx/Source/Templates/system_stm32l0xx.o
                                 0x71 (size before relaxing)
 .comment       0x00000070       0x71 Drivers/STM32L0xx_HAL_Driver/Src/stm32l0xx_hal.o
 .comment       0x00000070       0x71 Drivers/STM32L0xx_HAL_Driver/Src/stm32l0xx_hal_cortex.o
 .comment       0x00000070       0x71 Drivers/STM32L0xx_HAL_Driver/Src/stm32l0xx_hal_gpio.o
 .comment       0x00000070       0x71 Drivers/STM32L0xx_HAL_Driver/Src/stm32l0xx_hal_rcc.o
 .comment       0x00000070       0x71 Drivers/STM32L0xx_HAL_Driver/Src/stm32l0xx_hal_rcc_ex.o
 .comment       0x00000070       0x71 Drivers/STM32L0xx_HAL_Driver/Src/stm32l0xx_hal_spi.o
 .comment       0x00000070       0x71 Drivers/STM32L0xx_HAL_Driver/Src/stm32l0xx_hal_tim.o
 .comment       0x00000070       0x71 Drivers/STM32L0xx_HAL_Driver/Src/stm32l0xx_hal_tim_ex.o
 .comment       0x00000070       0x71 Drivers/STM32L0xx_HAL_Driver/Src/stm32l0xx_hal_uart.o
 .comment       0x00000070       0x6e Src/gpio.o
                                 0x6f (size before relaxing)
 .comment       0x000000de       0x6f Src/i2c_lowlevel.o
 .comment       0x000000de       0x71 Src/spi.o
 .comment       0x000000de       0x71 Src/stm32l0xx_hal_msp.o
 .comment       0x000000de       0x71 Src/stm32l0xx_it.o
 .comment       0x000000de       0x71 Src/tim.o
 .comment       0x000000de       0x71 Src/usart.o
 .comment       0x000000de       0x6f tests/test_template_runner.o

.debug_frame    0x00000000     0x28e8
 .debug_frame   0x00000000       0x4c Drivers/CMSIS/Device/ST/STM32L0xx/Source/Templates/system_stm32l0xx.o
 .debug_frame   0x0000004c      0x318 Drivers/STM32L0xx_HAL_Driver/Src/stm32l0xx_hal.o
 .debug_frame   0x00000364      0x2c4 Drivers/STM32L0xx_HAL_Driver/Src/stm32l0xx_hal_cortex.o
 .debug_frame   0x00000628      0x110 Drivers/STM32L0xx_HAL_Driver/Src/stm32l0xx_hal_gpio.o
 .debug_frame   0x00000738      0x194 Drivers/STM32L0xx_HAL_Driver/Src/stm32l0xx_hal_rcc.o
 .debug_frame   0x000008cc      0x11c Drivers/STM32L0xx_HAL_Driver/Src/stm32l0xx_hal_rcc_ex.o
 .debug_frame   0x000009e8      0x4f0 Drivers/STM32L0xx_HAL_Driver/Src/stm32l0xx_hal_spi.o
 .debug_frame   0x00000ed8      0xd50 Drivers/STM32L0xx_HAL_Driver/Src/stm32l0xx_hal_tim.o
 .debug_frame   0x00001c28       0x50 Drivers/STM32L0xx_HAL_Driver/Src/stm32l0xx_hal_tim_ex.o
 .debug_frame   0x00001c78      0x554 Drivers/STM32L0xx_HAL_Driver/Src/stm32l0xx_hal_uart.o
 .debug_frame   0x000021cc       0x30 Src/gpio.o
 .debug_frame   0x000021fc      0x220 Src/i2c_lowlevel.o
 .debug_frame   0x0000241c       0x6c Src/spi.o
 .debug_frame   0x00002488       0x2c Src/stm32l0xx_hal_msp.o
 .debug_frame   0x000024b4       0x84 Src/stm32l0xx_it.o
 .debug_frame   0x00002538       0xb0 Src/tim.o
 .debug_frame   0x000025e8       0x6c Src/usart.o
 .debug_frame   0x00002654       0x6c tests/test_template_runner.o
 .debug_frame   0x000026c0       0x20 c:/eclipse/cpp-neon/eclipse/plugins/fr.ac6.mcu.externaltools.arm-none.win32_1.7.0.201602121829/tools/compiler/bin/../lib/gcc/arm-none-eabi/5.2.1/armv6-m\libgcc.a(_udivsi3.o)
 .debug_frame   0x000026e0       0x2c c:/eclipse/cpp-neon/eclipse/plugins/fr.ac6.mcu.externaltools.arm-none.win32_1.7.0.201602121829/tools/compiler/bin/../lib/gcc/arm-none-eabi/5.2.1/armv6-m\libgcc.a(_fixunsdfsi.o)
 .debug_frame   0x0000270c       0x3c c:/eclipse/cpp-neon/eclipse/plugins/fr.ac6.mcu.externaltools.arm-none.win32_1.7.0.201602121829/tools/compiler/bin/../lib/gcc/arm-none-eabi/5.2.1/armv6-m\libgcc.a(divdf3.o)
 .debug_frame   0x00002748       0x3c c:/eclipse/cpp-neon/eclipse/plugins/fr.ac6.mcu.externaltools.arm-none.win32_1.7.0.201602121829/tools/compiler/bin/../lib/gcc/arm-none-eabi/5.2.1/armv6-m\libgcc.a(muldf3.o)
 .debug_frame   0x00002784       0x38 c:/eclipse/cpp-neon/eclipse/plugins/fr.ac6.mcu.externaltools.arm-none.win32_1.7.0.201602121829/tools/compiler/bin/../lib/gcc/arm-none-eabi/5.2.1/armv6-m\libgcc.a(subdf3.o)
 .debug_frame   0x000027bc       0x2c c:/eclipse/cpp-neon/eclipse/plugins/fr.ac6.mcu.externaltools.arm-none.win32_1.7.0.201602121829/tools/compiler/bin/../lib/gcc/arm-none-eabi/5.2.1/armv6-m\libgcc.a(fixdfsi.o)
 .debug_frame   0x000027e8       0x2c c:/eclipse/cpp-neon/eclipse/plugins/fr.ac6.mcu.externaltools.arm-none.win32_1.7.0.201602121829/tools/compiler/bin/../lib/gcc/arm-none-eabi/5.2.1/armv6-m\libgcc.a(floatunsidf.o)
 .debug_frame   0x00002814       0x38 c:/eclipse/cpp-neon/eclipse/plugins/fr.ac6.mcu.externaltools.arm-none.win32_1.7.0.201602121829/tools/compiler/bin/../lib/gcc/arm-none-eabi/5.2.1/armv6-m\libgcc.a(eqdf2.o)
 .debug_frame   0x0000284c       0x38 c:/eclipse/cpp-neon/eclipse/plugins/fr.ac6.mcu.externaltools.arm-none.win32_1.7.0.201602121829/tools/compiler/bin/../lib/gcc/arm-none-eabi/5.2.1/armv6-m\libgcc.a(gedf2.o)
 .debug_frame   0x00002884       0x38 c:/eclipse/cpp-neon/eclipse/plugins/fr.ac6.mcu.externaltools.arm-none.win32_1.7.0.201602121829/tools/compiler/bin/../lib/gcc/arm-none-eabi/5.2.1/armv6-m\libgcc.a(ledf2.o)
 .debug_frame   0x000028bc       0x2c c:/eclipse/cpp-neon/eclipse/plugins/fr.ac6.mcu.externaltools.arm-none.win32_1.7.0.201602121829/tools/compiler/bin/../lib/gcc/arm-none-eabi/5.2.1/../../../../arm-none-eabi/lib/armv6-m\libc_nano.a(lib_a-init.o)

.stabstr        0x00000000       0xdf
 .stabstr       0x00000000       0xdf c:/eclipse/cpp-neon/eclipse/plugins/fr.ac6.mcu.externaltools.arm-none.win32_1.7.0.201602121829/tools/compiler/bin/../lib/gcc/arm-none-eabi/5.2.1/../../../../arm-none-eabi/lib/armv6-m\libnosys.a(close.o)
