Archive member included to satisfy reference by file (symbol)

c:/eclipse/cpp-neon/eclipse/plugins/fr.ac6.mcu.externaltools.arm-none.win32_1.7.0.201602121829/tools/compiler/bin/../lib/gcc/arm-none-eabi/5.2.1/armv6-m\libgcc.a(_udivsi3.o)
                              Drivers/CMSIS/Device/ST/STM32L0xx/Source/Templates/system_stm32l0xx.o (__aeabi_uidiv)
c:/eclipse/cpp-neon/eclipse/plugins/fr.ac6.mcu.externaltools.arm-none.win32_1.7.0.201602121829/tools/compiler/bin/../lib/gcc/arm-none-eabi/5.2.1/armv6-m\libgcc.a(_dvmd_tls.o)
                              c:/eclipse/cpp-neon/eclipse/plugins/fr.ac6.mcu.externaltools.arm-none.win32_1.7.0.201602121829/tools/compiler/bin/../lib/gcc/arm-none-eabi/5.2.1/armv6-m\libgcc.a(_udivsi3.o) (__aeabi_idiv0)
c:/eclipse/cpp-neon/eclipse/plugins/fr.ac6.mcu.externaltools.arm-none.win32_1.7.0.201602121829/tools/compiler/bin/../lib/gcc/arm-none-eabi/5.2.1/armv6-m\libgcc.a(_arm_cmpsf2.o)
                              tests/unity.o (__aeabi_fcmplt)
c:/eclipse/cpp-neon/eclipse/plugins/fr.ac6.mcu.externaltools.arm-none.win32_1.7.0.201602121829/tools/compiler/bin/../lib/gcc/arm-none-eabi/5.2.1/armv6-m\libgcc.a(_fixunsdfsi.o)
                              Drivers/STM32L0xx_HAL_Driver/Src/stm32l0xx_hal_uart.o (__aeabi_d2uiz)
c:/eclipse/cpp-neon/eclipse/plugins/fr.ac6.mcu.externaltools.arm-none.win32_1.7.0.201602121829/tools/compiler/bin/../lib/gcc/arm-none-eabi/5.2.1/armv6-m\libgcc.a(eqsf2.o)
                              c:/eclipse/cpp-neon/eclipse/plugins/fr.ac6.mcu.externaltools.arm-none.win32_1.7.0.201602121829/tools/compiler/bin/../lib/gcc/arm-none-eabi/5.2.1/armv6-m\libgcc.a(_arm_cmpsf2.o) (__eqsf2)
c:/eclipse/cpp-neon/eclipse/plugins/fr.ac6.mcu.externaltools.arm-none.win32_1.7.0.201602121829/tools/compiler/bin/../lib/gcc/arm-none-eabi/5.2.1/armv6-m\libgcc.a(gesf2.o)
                              c:/eclipse/cpp-neon/eclipse/plugins/fr.ac6.mcu.externaltools.arm-none.win32_1.7.0.201602121829/tools/compiler/bin/../lib/gcc/arm-none-eabi/5.2.1/armv6-m\libgcc.a(_arm_cmpsf2.o) (__gesf2)
c:/eclipse/cpp-neon/eclipse/plugins/fr.ac6.mcu.externaltools.arm-none.win32_1.7.0.201602121829/tools/compiler/bin/../lib/gcc/arm-none-eabi/5.2.1/armv6-m\libgcc.a(lesf2.o)
                              c:/eclipse/cpp-neon/eclipse/plugins/fr.ac6.mcu.externaltools.arm-none.win32_1.7.0.201602121829/tools/compiler/bin/../lib/gcc/arm-none-eabi/5.2.1/armv6-m\libgcc.a(_arm_cmpsf2.o) (__lesf2)
c:/eclipse/cpp-neon/eclipse/plugins/fr.ac6.mcu.externaltools.arm-none.win32_1.7.0.201602121829/tools/compiler/bin/../lib/gcc/arm-none-eabi/5.2.1/armv6-m\libgcc.a(mulsf3.o)
                              tests/unity.o (__aeabi_fmul)
c:/eclipse/cpp-neon/eclipse/plugins/fr.ac6.mcu.externaltools.arm-none.win32_1.7.0.201602121829/tools/compiler/bin/../lib/gcc/arm-none-eabi/5.2.1/armv6-m\libgcc.a(subsf3.o)
                              tests/unity.o (__aeabi_fsub)
c:/eclipse/cpp-neon/eclipse/plugins/fr.ac6.mcu.externaltools.arm-none.win32_1.7.0.201602121829/tools/compiler/bin/../lib/gcc/arm-none-eabi/5.2.1/armv6-m\libgcc.a(divdf3.o)
                              Drivers/STM32L0xx_HAL_Driver/Src/stm32l0xx_hal_uart.o (__aeabi_ddiv)
c:/eclipse/cpp-neon/eclipse/plugins/fr.ac6.mcu.externaltools.arm-none.win32_1.7.0.201602121829/tools/compiler/bin/../lib/gcc/arm-none-eabi/5.2.1/armv6-m\libgcc.a(muldf3.o)
                              Drivers/STM32L0xx_HAL_Driver/Src/stm32l0xx_hal_uart.o (__aeabi_dmul)
c:/eclipse/cpp-neon/eclipse/plugins/fr.ac6.mcu.externaltools.arm-none.win32_1.7.0.201602121829/tools/compiler/bin/../lib/gcc/arm-none-eabi/5.2.1/armv6-m\libgcc.a(subdf3.o)
                              c:/eclipse/cpp-neon/eclipse/plugins/fr.ac6.mcu.externaltools.arm-none.win32_1.7.0.201602121829/tools/compiler/bin/../lib/gcc/arm-none-eabi/5.2.1/armv6-m\libgcc.a(_fixunsdfsi.o) (__aeabi_dsub)
c:/eclipse/cpp-neon/eclipse/plugins/fr.ac6.mcu.externaltools.arm-none.win32_1.7.0.201602121829/tools/compiler/bin/../lib/gcc/arm-none-eabi/5.2.1/armv6-m\libgcc.a(fixdfsi.o)
                              c:/eclipse/cpp-neon/eclipse/plugins/fr.ac6.mcu.externaltools.arm-none.win32_1.7.0.201602121829/tools/compiler/bin/../lib/gcc/arm-none-eabi/5.2.1/armv6-m\libgcc.a(_fixunsdfsi.o) (__aeabi_d2iz)
c:/eclipse/cpp-neon/eclipse/plugins/fr.ac6.mcu.externaltools.arm-none.win32_1.7.0.201602121829/tools/compiler/bin/../lib/gcc/arm-none-eabi/5.2.1/armv6-m\libgcc.a(floatunsidf.o)
                              Drivers/STM32L0xx_HAL_Driver/Src/stm32l0xx_hal_uart.o (__aeabi_ui2d)
c:/eclipse/cpp-neon/eclipse/plugins/fr.ac6.mcu.externaltools.arm-none.win32_1.7.0.201602121829/tools/compiler/bin/../lib/gcc/arm-none-eabi/5.2.1/armv6-m\libgcc.a(_arm_cmpdf2.o)
                              c:/eclipse/cpp-neon/eclipse/plugins/fr.ac6.mcu.externaltools.arm-none.win32_1.7.0.201602121829/tools/compiler/bin/../lib/gcc/arm-none-eabi/5.2.1/armv6-m\libgcc.a(_fixunsdfsi.o) (__aeabi_dcmpge)
[...]
Memory Configuration

Name             Origin             Length             Attributes
FLASH            0x08000000         0x00008000         xr
RAM              0x20000000         0x00002000         xrw
*default*        0x00000000         0xffffffff

Linker script and memory map

LOAD c:/eclipse/cpp-neon/eclipse/plugins/fr.ac6.mcu.externaltools.arm-none.win32_1.7.0.201602121829/tools/compiler/bin/../lib/gcc/arm-none-eabi/5.2.1/armv6-m/crti.o
LOAD c:/eclipse/cpp-neon/eclipse/plugins/fr.ac6.mcu.externaltools.arm-none.win32_1.7.0.201602121829/tools/compiler/bin/../lib/gcc/arm-none-eabi/5.2.1/armv6-m/crtbegin.o
LOAD c:/eclipse/cpp-neon/eclipse/plugins/fr.ac6.mcu.externaltools.arm-none.win32_1.7.0.201602121829/tools/compiler/bin/../lib/gcc/arm-none-eabi/5.2.1/../../../../arm-none-eabi/lib/armv6-m/crt0.o
LOAD c:/eclipse/cpp-neon/eclipse/plugins/fr.ac6.mcu.externaltools.arm-none.win32_1.7.0.201602121829/tools/compiler/bin/../lib/gcc/arm-none-eabi/5.2.1/../../../../arm-none-eabi/lib/armv6-m\libm.a
LOAD Drivers/CMSIS/Device/ST/STM32L0xx/Source/Templates/gcc/startup_stm32l051xx.o
LOAD Drivers/CMSIS/Device/ST/STM32L0xx/Source/Templates/system_stm32l0xx.o
LOAD Drivers/STM32L0xx_HAL_Driver/Src/stm32l0xx_hal.o
LOAD Drivers/STM32L0xx_HAL_Driver/Src/stm32l0xx_hal_adc.o
LOAD Drivers/STM32L0xx_HAL_Driver/Src/stm32l0xx_hal_adc_ex.o
LOAD Drivers/STM32L0xx_HAL_Driver/Src/stm32l0xx_hal_cortex.o
LOAD Drivers/STM32L0xx_HAL_Driver/Src/stm32l0xx_hal_dma.o
LOAD Drivers/STM32L0xx_HAL_Driver/Src/stm32l0xx_hal_flash.o
LOAD Drivers/STM32L0xx_HAL_Driver/Src/stm32l0xx_hal_flash_ex.o
LOAD Drivers/STM32L0xx_HAL_Driver/Src/stm32l0xx_hal_flash_ramfunc.o
LOAD Drivers/STM32L0xx_HAL_Driver/Src/stm32l0xx_hal_gpio.o
LOAD Drivers/STM32L0xx_HAL_Driver/Src/stm32l0xx_hal_i2c.o
LOAD Drivers/STM32L0xx_HAL_Driver/Src/stm32l0xx_hal_i2c_ex.o
LOAD Drivers/STM32L0xx_HAL_Driver/Src/stm32l0xx_hal_pwr.o
LOAD Drivers/STM32L0xx_HAL_Driver/Src/stm32l0xx_hal_pwr_ex.o
LOAD Drivers/STM32L0xx_HAL_Driver/Src/stm32l0xx_hal_rcc.o
LOAD Drivers/STM32L0xx_HAL_Driver/Src/stm32l0xx_hal_rcc_ex.o
LOAD Drivers/STM32L0xx_HAL_Driver/Src/stm32l0xx_hal_spi.o
LOAD Drivers/STM32L0xx_HAL_Driver/Src/stm32l0xx_hal_tim.o
LOAD Drivers/STM32L0xx_HAL_Driver/Src/stm32l0xx_hal_tim_ex.o
LOAD Drivers/STM32L0xx_HAL_Driver/Src/stm32l0xx_hal_uart.o
LOAD Drivers/STM32L0xx_HAL_Driver/Src/stm32l0xx_hal_uart_ex.o
LOAD Src/adc.o
LOAD Src/battery.o
LOAD Src/battery_control_task.o
LOAD Src/ext_pow_control_task.o
LOAD Src/external_power.o
LOAD Src/gpio.o
LOAD Src/int_adc_measure_task.o
LOAD Src/internal_adc.o
LOAD Src/main.o
LOAD Src/putchar.o
LOAD Src/spi.o
LOAD Src/spi_pipe.o
LOAD Src/stm32l0xx_hal_msp.o
LOAD Src/stm32l0xx_it.o
LOAD Src/tim.o
LOAD Src/time_management_task.o
LOAD Src/usart.o
LOAD tests/test_code_template.o
LOAD tests/unity.o
START GROUP
LOAD c:/eclipse/cpp-neon/eclipse/plugins/fr.ac6.mcu.externaltools.arm-none.win32_1.7.0.201602121829/tools/compiler/bin/../lib/gcc/arm-none-eabi/5.2.1/armv6-m\libgcc.a
LOAD c:/eclipse/cpp-neon/eclipse/plugins/fr.ac6.mcu.externaltools.arm-none.win32_1.7.0.201602121829/tools/compiler/bin/../lib/gcc/arm-none-eabi/5.2.1/../../../../arm-none-eabi/lib/armv6-m\libc_nano.a
END GROUP
START GROUP
LOAD c:/eclipse/cpp-neon/eclipse/plugins/fr.ac6.mcu.externaltools.arm-none.win32_1.7.0.201602121829/tools/compiler/bin/../lib/gcc/arm-none-eabi/5.2.1/armv6-m\libgcc.a
LOAD c:/eclipse/cpp-neon/eclipse/plugins/fr.ac6.mcu.externaltools.arm-none.win32_1.7.0.201602121829/tools/compiler/bin/../lib/gcc/arm-none-eabi/5.2.1/../../../../arm-none-eabi/lib/armv6-m\libc_nano.a
LOAD c:/eclipse/cpp-neon/eclipse/plugins/fr.ac6.mcu.externaltools.arm-none.win32_1.7.0.201602121829/tools/compiler/bin/../lib/gcc/arm-none-eabi/5.2.1/../../../../arm-none-eabi/lib/armv6-m\libnosys.a
END GROUP
START GROUP
LOAD c:/eclipse/cpp-neon/eclipse/plugins/fr.ac6.mcu.externaltools.arm-none.win32_1.7.0.201602121829/tools/compiler/bin/../lib/gcc/arm-none-eabi/5.2.1/armv6-m\libgcc.a
LOAD c:/eclipse/cpp-neon/eclipse/plugins/fr.ac6.mcu.externaltools.arm-none.win32_1.7.0.201602121829/tools/compiler/bin/../lib/gcc/arm-none-eabi/5.2.1/../../../../arm-none-eabi/lib/armv6-m\libc_nano.a
LOAD c:/eclipse/cpp-neon/eclipse/plugins/fr.ac6.mcu.externaltools.arm-none.win32_1.7.0.201602121829/tools/compiler/bin/../lib/gcc/arm-none-eabi/5.2.1/../../../../arm-none-eabi/lib/armv6-m\libnosys.a
END GROUP
LOAD c:/eclipse/cpp-neon/eclipse/plugins/fr.ac6.mcu.externaltools.arm-none.win32_1.7.0.201602121829/tools/compiler/bin/../lib/gcc/arm-none-eabi/5.2.1/armv6-m/crtend.o
LOAD c:/eclipse/cpp-neon/eclipse/plugins/fr.ac6.mcu.externaltools.arm-none.win32_1.7.0.201602121829/tools/compiler/bin/../lib/gcc/arm-none-eabi/5.2.1/armv6-m/crtn.o
                0x20002000                _estack = 0x20002000
                0x00000200                _Min_Heap_Size = 0x200
                0x00000400                _Min_Stack_Size = 0x400

.isr_vector     0x08000000       0xc0
                0x08000000                . = ALIGN (0x4)
 *(.isr_vector)
 .isr_vector    0x08000000       0xc0 Drivers/CMSIS/Device/ST/STM32L0xx/Source/Templates/gcc/startup_stm32l051xx.o
                0x08000000                g_pfnVectors
                0x080000c0                . = ALIGN (0x4)

.text           0x080000c0     0x4f84
                0x080000c0                . = ALIGN (0x4)
 *(.text)
 .text          0x080000c0       0xb4 c:/eclipse/cpp-neon/eclipse/plugins/fr.ac6.mcu.externaltools.arm-none.win32_1.7.0.201602121829/tools/compiler/bin/../lib/gcc/arm-none-eabi/5.2.1/armv6-m/crtbegin.o
 .text          0x08000174      0x114 c:/eclipse/cpp-neon/eclipse/plugins/fr.ac6.mcu.externaltools.arm-none.win32_1.7.0.201602121829/tools/compiler/bin/../lib/gcc/arm-none-eabi/5.2.1/armv6-m\libgcc.a(_udivsi3.o)
                0x08000174                __aeabi_uidiv
                0x08000174                __udivsi3
                0x08000280                __aeabi_uidivmod
 .text          0x08000288        0x4 c:/eclipse/cpp-neon/eclipse/plugins/fr.ac6.mcu.externaltools.arm-none.win32_1.7.0.201602121829/tools/compiler/bin/../lib/gcc/arm-none-eabi/5.2.1/armv6-m\libgcc.a(_dvmd_tls.o)
                0x08000288                __aeabi_idiv0
                0x08000288                __aeabi_ldiv0
 .text          0x0800028c       0x3c c:/eclipse/cpp-neon/eclipse/plugins/fr.ac6.mcu.externaltools.arm-none.win32_1.7.0.201602121829/tools/compiler/bin/../lib/gcc/arm-none-eabi/5.2.1/armv6-m\libgcc.a(_fixunsdfsi.o)
                0x0800028c                __aeabi_d2uiz
                0x0800028c                __fixunsdfsi
 .text          0x080002c8      0x62c c:/eclipse/cpp-neon/eclipse/plugins/fr.ac6.mcu.externaltools.arm-none.win32_1.7.0.201602121829/tools/compiler/bin/../lib/gcc/arm-none-eabi/5.2.1/armv6-m\libgcc.a(divdf3.o)
                0x080002c8                __aeabi_ddiv
 .text          0x080008f4      0x4f4 c:/eclipse/cpp-neon/eclipse/plugins/fr.ac6.mcu.externaltools.arm-none.win32_1.7.0.201602121829/tools/compiler/bin/../lib/gcc/arm-none-eabi/5.2.1/armv6-m\libgcc.a(muldf3.o)
                0x080008f4                __aeabi_dmul
 .text          0x08000de8      0x6a8 c:/eclipse/cpp-neon/eclipse/plugins/fr.ac6.mcu.externaltools.arm-none.win32_1.7.0.201602121829/tools/compiler/bin/../lib/gcc/arm-none-eabi/5.2.1/armv6-m\libgcc.a(subdf3.o)
                0x08000de8                __aeabi_dsub
 .text          0x08001490       0x6c c:/eclipse/cpp-neon/eclipse/plugins/fr.ac6.mcu.externaltools.arm-none.win32_1.7.0.201602121829/tools/compiler/bin/../lib/gcc/arm-none-eabi/5.2.1/armv6-m\libgcc.a(fixdfsi.o)
                0x08001490                __aeabi_d2iz
 .text          0x080014fc       0x70 c:/eclipse/cpp-neon/eclipse/plugins/fr.ac6.mcu.externaltools.arm-none.win32_1.7.0.201602121829/tools/compiler/bin/../lib/gcc/arm-none-eabi/5.2.1/armv6-m\libgcc.a(floatunsidf.o)
                0x080014fc                __aeabi_ui2d
 .text          0x0800156c       0x7c c:/eclipse/cpp-neon/eclipse/plugins/fr.ac6.mcu.externaltools.arm-none.win32_1.7.0.201602121829/tools/compiler/bin/../lib/gcc/arm-none-eabi/5.2.1/armv6-m\libgcc.a(_arm_cmpdf2.o)
                0x0800156c                __aeabi_cdrcmple
                0x0800157c                __aeabi_cdcmple
                0x0800157c                __aeabi_cdcmpeq
                0x0800158c                __aeabi_dcmpeq
                0x08001598                __aeabi_dcmplt
                0x080015ac                __aeabi_dcmple
                0x080015c0                __aeabi_dcmpgt
                0x080015d4                __aeabi_dcmpge
 .text          0x080015e8       0x3c c:/eclipse/cpp-neon/eclipse/plugins/fr.ac6.mcu.externaltools.arm-none.win32_1.7.0.201602121829/tools/compiler/bin/../lib/gcc/arm-none-eabi/5.2.1/armv6-m\libgcc.a(_clzsi2.o)
                0x080015e8                __clzsi2
 .text          0x08001624       0x80 c:/eclipse/cpp-neon/eclipse/plugins/fr.ac6.mcu.externaltools.arm-none.win32_1.7.0.201602121829/tools/compiler/bin/../lib/gcc/arm-none-eabi/5.2.1/armv6-m\libgcc.a(eqdf2.o)
                0x08001624                __nedf2
                0x08001624                __eqdf2
 .text          0x080016a4       0xc8 c:/eclipse/cpp-neon/eclipse/plugins/fr.ac6.mcu.externaltools.arm-none.win32_1.7.0.201602121829/tools/compiler/bin/../lib/gcc/arm-none-eabi/5.2.1/armv6-m\libgcc.a(gedf2.o)
                0x080016a4                __gedf2
                0x080016a4                __gtdf2
 .text          0x0800176c       0xd4 c:/eclipse/cpp-neon/eclipse/plugins/fr.ac6.mcu.externaltools.arm-none.win32_1.7.0.201602121829/tools/compiler/bin/../lib/gcc/arm-none-eabi/5.2.1/armv6-m\libgcc.a(ledf2.o)
                0x0800176c                __ledf2
                0x0800176c                __ltdf2
 *(.text*)
 .text.Reset_Handler
                0x08001840       0x50 Drivers/CMSIS/Device/ST/STM32L0xx/Source/Templates/gcc/startup_stm32l051xx.o
                0x08001840                Reset_Handler
 .text.Default_Handler
                0x08001890        0x2 Drivers/CMSIS/Device/ST/STM32L0xx/Source/Templates/gcc/startup_stm32l051xx.o
                0x08001890                ADC1_COMP_IRQHandler
                0x08001890                TIM6_IRQHandler
                0x08001890                PVD_IRQHandler
                0x08001890                PendSV_Handler
                0x08001890                I2C1_IRQHandler
                0x08001890                SPI1_IRQHandler
                0x08001890                EXTI2_3_IRQHandler
                0x08001890                I2C2_IRQHandler
                0x08001890                RTC_IRQHandler
                0x08001890                DMA1_Channel4_5_6_7_IRQHandler
                0x08001890                RCC_IRQHandler
                0x08001890                DMA1_Channel1_IRQHandler
                0x08001890                Default_Handler
                0x08001890                TIM22_IRQHandler
                0x08001890                EXTI0_1_IRQHandler
                0x08001890                SPI2_IRQHandler
                0x08001890                SVC_Handler
                0x08001890                TIM21_IRQHandler
                0x08001890                WWDG_IRQHandler
                0x08001890                LPUART1_IRQHandler
                0x08001890                TIM2_IRQHandler
                0x08001890                DMA1_Channel2_3_IRQHandler
                0x08001890                USART2_IRQHandler
                0x08001890                FLASH_IRQHandler
                0x08001890                USART1_IRQHandler
                0x08001890                LPTIM1_IRQHandler
 *fill*         0x08001892        0x2 
 .text.SystemInit
                0x08001894       0x78 Drivers/CMSIS/Device/ST/STM32L0xx/Source/Templates/system_stm32l0xx.o
                0x08001894                SystemInit
 .text.HAL_Init
                0x0800190c       0x28 Drivers/STM32L0xx_HAL_Driver/Src/stm32l0xx_hal.o
                0x0800190c                HAL_Init
 .text.HAL_InitTick
                0x08001934       0x3c Drivers/STM32L0xx_HAL_Driver/Src/stm32l0xx_hal.o
                0x08001934                HAL_InitTick
 .text.HAL_IncTick
                0x08001970       0x18 Drivers/STM32L0xx_HAL_Driver/Src/stm32l0xx_hal.o
                0x08001970                HAL_IncTick
 .text.HAL_GetTick
                0x08001988       0x14 Drivers/STM32L0xx_HAL_Driver/Src/stm32l0xx_hal.o
                0x08001988                HAL_GetTick
 .text.HAL_Delay
                0x0800199c       0x2c Drivers/STM32L0xx_HAL_Driver/Src/stm32l0xx_hal.o
                0x0800199c                HAL_Delay
 .text.HAL_ADC_Init
                0x080019c8      0x2d8 Drivers/STM32L0xx_HAL_Driver/Src/stm32l0xx_hal_adc.o
                0x080019c8                HAL_ADC_Init
 .text.HAL_ADC_Start
                0x08001ca0       0xa8 Drivers/STM32L0xx_HAL_Driver/Src/stm32l0xx_hal_adc.o
                0x08001ca0                HAL_ADC_Start
 .text.HAL_ADC_Stop
                0x08001d48       0x84 Drivers/STM32L0xx_HAL_Driver/Src/stm32l0xx_hal_adc.o
                0x08001d48                HAL_ADC_Stop
 .text.HAL_ADC_PollForConversion
                0x08001dcc      0x120 Drivers/STM32L0xx_HAL_Driver/Src/stm32l0xx_hal_adc.o
                0x08001dcc                HAL_ADC_PollForConversion
 .text.HAL_ADC_GetValue
                0x08001eec       0x18 Drivers/STM32L0xx_HAL_Driver/Src/stm32l0xx_hal_adc.o
                0x08001eec                HAL_ADC_GetValue
 .text.HAL_ADC_ConfigChannel
                0x08001f04      0x10c Drivers/STM32L0xx_HAL_Driver/Src/stm32l0xx_hal_adc.o
                0x08001f04                HAL_ADC_ConfigChannel
 .text.ADC_Enable
                0x08002010       0xbc Drivers/STM32L0xx_HAL_Driver/Src/stm32l0xx_hal_adc.o
 .text.ADC_Disable
                0x080020cc       0xbc Drivers/STM32L0xx_HAL_Driver/Src/stm32l0xx_hal_adc.o
 .text.ADC_ConversionStop
                0x08002188       0x8c Drivers/STM32L0xx_HAL_Driver/Src/stm32l0xx_hal_adc.o
 .text.ADC_DelayMicroSecond
                0x08002214       0x3c Drivers/STM32L0xx_HAL_Driver/Src/stm32l0xx_hal_adc.o
 .text.NVIC_EnableIRQ
                0x08002250       0x2c Drivers/STM32L0xx_HAL_Driver/Src/stm32l0xx_hal_cortex.o
 .text.NVIC_DisableIRQ
                0x0800227c       0x2c Drivers/STM32L0xx_HAL_Driver/Src/stm32l0xx_hal_cortex.o
 .text.NVIC_SetPriority
                0x080022a8       0xd4 Drivers/STM32L0xx_HAL_Driver/Src/stm32l0xx_hal_cortex.o
 .text.SysTick_Config
                0x0800237c       0x48 Drivers/STM32L0xx_HAL_Driver/Src/stm32l0xx_hal_cortex.o
 .text.HAL_NVIC_SetPriority
                0x080023c4       0x2c Drivers/STM32L0xx_HAL_Driver/Src/stm32l0xx_hal_cortex.o
                0x080023c4                HAL_NVIC_SetPriority
 .text.HAL_NVIC_EnableIRQ
                0x080023f0       0x20 Drivers/STM32L0xx_HAL_Driver/Src/stm32l0xx_hal_cortex.o
                0x080023f0                HAL_NVIC_EnableIRQ
 .text.HAL_NVIC_DisableIRQ
                0x08002410       0x20 Drivers/STM32L0xx_HAL_Driver/Src/stm32l0xx_hal_cortex.o
                0x08002410                HAL_NVIC_DisableIRQ
 .text.HAL_SYSTICK_Config
                0x08002430       0x1c Drivers/STM32L0xx_HAL_Driver/Src/stm32l0xx_hal_cortex.o
                0x08002430                HAL_SYSTICK_Config
 .text.HAL_SYSTICK_CLKSourceConfig
                0x0800244c       0x34 Drivers/STM32L0xx_HAL_Driver/Src/stm32l0xx_hal_cortex.o
                0x0800244c                HAL_SYSTICK_CLKSourceConfig
 .text.HAL_SYSTICK_IRQHandler
                0x08002480        0xc Drivers/STM32L0xx_HAL_Driver/Src/stm32l0xx_hal_cortex.o
                0x08002480                HAL_SYSTICK_IRQHandler
 .text.HAL_SYSTICK_Callback
                0x0800248c        0x8 Drivers/STM32L0xx_HAL_Driver/Src/stm32l0xx_hal_cortex.o
                0x0800248c                HAL_SYSTICK_Callback
 .text.HAL_GPIO_Init
                0x08002494      0x2e0 Drivers/STM32L0xx_HAL_Driver/Src/stm32l0xx_hal_gpio.o
                0x08002494                HAL_GPIO_Init
 .text.HAL_GPIO_ReadPin
                0x08002774       0x3c Drivers/STM32L0xx_HAL_Driver/Src/stm32l0xx_hal_gpio.o
                0x08002774                HAL_GPIO_ReadPin
 .text.HAL_GPIO_WritePin
                0x080027b0       0x38 Drivers/STM32L0xx_HAL_Driver/Src/stm32l0xx_hal_gpio.o
                0x080027b0                HAL_GPIO_WritePin
 .text.HAL_RCC_OscConfig
                0x080027e8      0x648 Drivers/STM32L0xx_HAL_Driver/Src/stm32l0xx_hal_rcc.o
                0x080027e8                HAL_RCC_OscConfig
 .text.HAL_RCC_ClockConfig
                0x08002e30      0x210 Drivers/STM32L0xx_HAL_Driver/Src/stm32l0xx_hal_rcc.o
                0x08002e30                HAL_RCC_ClockConfig
 .text.HAL_RCC_GetSysClockFreq
                0x08003040      0x124 Drivers/STM32L0xx_HAL_Driver/Src/stm32l0xx_hal_rcc.o
                0x08003040                HAL_RCC_GetSysClockFreq
 .text.HAL_RCC_GetHCLKFreq
                0x08003164       0x38 Drivers/STM32L0xx_HAL_Driver/Src/stm32l0xx_hal_rcc.o
                0x08003164                HAL_RCC_GetHCLKFreq
 .text.HAL_RCC_GetPCLK1Freq
                0x0800319c       0x2c Drivers/STM32L0xx_HAL_Driver/Src/stm32l0xx_hal_rcc.o
                0x0800319c                HAL_RCC_GetPCLK1Freq
 .text.HAL_RCC_GetPCLK2Freq
                0x080031c8       0x2c Drivers/STM32L0xx_HAL_Driver/Src/stm32l0xx_hal_rcc.o
                0x080031c8                HAL_RCC_GetPCLK2Freq
 .text.HAL_RCCEx_PeriphCLKConfig
                0x080031f4      0x214 Drivers/STM32L0xx_HAL_Driver/Src/stm32l0xx_hal_rcc_ex.o
                0x080031f4                HAL_RCCEx_PeriphCLKConfig
 .text.HAL_SPI_Init
                0x08003408       0xd4 Drivers/STM32L0xx_HAL_Driver/Src/stm32l0xx_hal_spi.o
                0x08003408                HAL_SPI_Init
 .text.HAL_TIM_Base_Init
                0x080034dc       0x58 Drivers/STM32L0xx_HAL_Driver/Src/stm32l0xx_hal_tim.o
                0x080034dc                HAL_TIM_Base_Init
 .text.HAL_TIM_ConfigClockSource
                0x08003534      0x1cc Drivers/STM32L0xx_HAL_Driver/Src/stm32l0xx_hal_tim.o
                0x08003534                HAL_TIM_ConfigClockSource
 .text.TIM_Base_SetConfig
                0x08003700       0xb0 Drivers/STM32L0xx_HAL_Driver/Src/stm32l0xx_hal_tim.o
 .text.TIM_TI1_ConfigInputStage
                0x080037b0       0x64 Drivers/STM32L0xx_HAL_Driver/Src/stm32l0xx_hal_tim.o
 .text.TIM_TI2_ConfigInputStage
                0x08003814       0x68 Drivers/STM32L0xx_HAL_Driver/Src/stm32l0xx_hal_tim.o
 .text.TIM_ITRx_SetConfig
                0x0800387c       0x40 Drivers/STM32L0xx_HAL_Driver/Src/stm32l0xx_hal_tim.o
 .text.TIM_ETR_SetConfig
                0x080038bc       0x44 Drivers/STM32L0xx_HAL_Driver/Src/stm32l0xx_hal_tim.o
 .text.HAL_TIMEx_MasterConfigSynchronization
                0x08003900       0x88 Drivers/STM32L0xx_HAL_Driver/Src/stm32l0xx_hal_tim_ex.o
                0x08003900                HAL_TIMEx_MasterConfigSynchronization
 .text.HAL_UART_Init
                0x08003988       0xa4 Drivers/STM32L0xx_HAL_Driver/Src/stm32l0xx_hal_uart.o
                0x08003988                HAL_UART_Init
 .text.HAL_UART_Transmit
                0x08003a2c      0x144 Drivers/STM32L0xx_HAL_Driver/Src/stm32l0xx_hal_uart.o
                0x08003a2c                HAL_UART_Transmit
 .text.UART_SetConfig
                0x08003b70      0x4d0 Drivers/STM32L0xx_HAL_Driver/Src/stm32l0xx_hal_uart.o
                0x08003b70                UART_SetConfig
 .text.UART_CheckIdleState
                0x08004040       0x7c Drivers/STM32L0xx_HAL_Driver/Src/stm32l0xx_hal_uart.o
                0x08004040                UART_CheckIdleState
 .text.UART_AdvFeatureConfig
                0x080040bc      0x154 Drivers/STM32L0xx_HAL_Driver/Src/stm32l0xx_hal_uart.o
                0x080040bc                UART_AdvFeatureConfig
 .text.UART_WaitOnFlagUntilTimeout
                0x08004210      0x138 Drivers/STM32L0xx_HAL_Driver/Src/stm32l0xx_hal_uart.o
                0x08004210                UART_WaitOnFlagUntilTimeout
 .text.MX_ADC_Init
                0x08004348       0xc4 Src/adc.o
                0x08004348                MX_ADC_Init
 .text.HAL_ADC_MspInit
                0x0800440c       0x58 Src/adc.o
                0x0800440c                HAL_ADC_MspInit
 .text.battery_control_task
                0x08004464       0x30 Src/battery_control_task.o
                0x08004464                battery_control_task
 .text.ext_pow_control_task
                0x08004494        0xc Src/ext_pow_control_task.o
                0x08004494                ext_pow_control_task
 .text.MX_GPIO_Init
                0x080044a0       0xf8 Src/gpio.o
                0x080044a0                MX_GPIO_Init
 .text.int_adc_measure_task
                0x08004598        0xc Src/int_adc_measure_task.o
                0x08004598                int_adc_measure_task
 .text.main     0x080045a4      0x170 Src/main.o
                0x080045a4                main
 .text.SystemClock_Config
                0x08004714       0xfc Src/main.o
                0x08004714                SystemClock_Config
 .text.test_leds
                0x08004810      0x1b0 Src/main.o
                0x08004810                test_leds
 .text.HAL_GPIO_EXTI_Callback
                0x080049c0       0x98 Src/main.o
                0x080049c0                HAL_GPIO_EXTI_Callback
 .text.MX_SPI2_Init
                0x08004a58       0x68 Src/spi.o
                0x08004a58                MX_SPI2_Init
 .text.HAL_SPI_MspInit
                0x08004ac0       0x6c Src/spi.o
                0x08004ac0                HAL_SPI_MspInit
 .text.spi_short_delay
                0x08004b2c       0x2c Src/spi.o
                0x08004b2c                spi_short_delay
 .text.spi2_chipselhigh
                0x08004b58       0x1c Src/spi.o
                0x08004b58                spi2_chipselhigh
 .text.spi2_chipsellow
                0x08004b74       0x1c Src/spi.o
                0x08004b74                spi2_chipsellow
 .text.spi2_write_byte
                0x08004b90       0x60 Src/spi.o
                0x08004b90                spi2_write_byte
 .text.spi_pipe_transmit
                0x08004bf0       0x20 Src/spi_pipe.o
                0x08004bf0                spi_pipe_transmit
 .text.HAL_MspInit
                0x08004c10       0x28 Src/stm32l0xx_hal_msp.o
                0x08004c10                HAL_MspInit
 .text.NMI_Handler
                0x08004c38        0x8 Src/stm32l0xx_it.o
                0x08004c38                NMI_Handler
 .text.HardFault_Handler
                0x08004c40        0x8 Src/stm32l0xx_it.o
                0x08004c40                HardFault_Handler
 .text.SysTick_Handler
                0x08004c48       0x10 Src/stm32l0xx_it.o
                0x08004c48                SysTick_Handler
 .text.EXTI4_15_IRQHandler
                0x08004c58       0x14 Src/stm32l0xx_it.o
                0x08004c58                EXTI4_15_IRQHandler
 .text.MX_TIM2_Init
                0x08004c6c       0x68 Src/tim.o
                0x08004c6c                MX_TIM2_Init
 .text.MX_TIM21_Init
                0x08004cd4       0x6c Src/tim.o
                0x08004cd4                MX_TIM21_Init
 .text.MX_TIM22_Init
                0x08004d40       0x6c Src/tim.o
                0x08004d40                MX_TIM22_Init
 .text.HAL_TIM_Base_MspInit
                0x08004dac       0x64 Src/tim.o
                0x08004dac                HAL_TIM_Base_MspInit
 .text.time_management_task
                0x08004e10       0x40 Src/time_management_task.o
                0x08004e10                time_management_task
 .text.time_manager_get_seconds
                0x08004e50       0x14 Src/time_management_task.o
                0x08004e50                time_manager_get_seconds
 .text.MX_LPUART1_UART_Init
                0x08004e64       0x50 Src/usart.o
                0x08004e64                MX_LPUART1_UART_Init
 .text.MX_USART1_UART_Init
                0x08004eb4       0x58 Src/usart.o
                0x08004eb4                MX_USART1_UART_Init
 .text.HAL_UART_MspInit
                0x08004f0c       0xc0 Src/usart.o
                0x08004f0c                HAL_UART_MspInit
 .text.__libc_init_array
                0x08004fcc       0x4c c:/eclipse/cpp-neon/eclipse/plugins/fr.ac6.mcu.externaltools.arm-none.win32_1.7.0.201602121829/tools/compiler/bin/../lib/gcc/arm-none-eabi/5.2.1/../../../../arm-none-eabi/lib/armv6-m\libc_nano.a(lib_a-init.o)
                0x08004fcc                __libc_init_array
 .text.memcpy   0x08005018       0x12 c:/eclipse/cpp-neon/eclipse/plugins/fr.ac6.mcu.externaltools.arm-none.win32_1.7.0.201602121829/tools/compiler/bin/../lib/gcc/arm-none-eabi/5.2.1/../../../../arm-none-eabi/lib/armv6-m\libc_nano.a(lib_a-memcpy-stub.o)
                0x08005018                memcpy
 *(.glue_7)
 .glue_7        0x0800502a        0x0 linker stubs
 *(.glue_7t)
 .glue_7t       0x0800502a        0x0 linker stubs
 *(.eh_frame)
 *fill*         0x0800502a        0x2 
 .eh_frame      0x0800502c        0x0 c:/eclipse/cpp-neon/eclipse/plugins/fr.ac6.mcu.externaltools.arm-none.win32_1.7.0.201602121829/tools/compiler/bin/../lib/gcc/arm-none-eabi/5.2.1/armv6-m/crtbegin.o
 *(.init)
 .init          0x0800502c        0x4 c:/eclipse/cpp-neon/eclipse/plugins/fr.ac6.mcu.externaltools.arm-none.win32_1.7.0.201602121829/tools/compiler/bin/../lib/gcc/arm-none-eabi/5.2.1/armv6-m/crti.o
                0x0800502c                _init
 .init          0x08005030        0x8 c:/eclipse/cpp-neon/eclipse/plugins/fr.ac6.mcu.externaltools.arm-none.win32_1.7.0.201602121829/tools/compiler/bin/../lib/gcc/arm-none-eabi/5.2.1/armv6-m/crtn.o
 *(.fini)
 .fini          0x08005038        0x4 c:/eclipse/cpp-neon/eclipse/plugins/fr.ac6.mcu.externaltools.arm-none.win32_1.7.0.201602121829/tools/compiler/bin/../lib/gcc/arm-none-eabi/5.2.1/armv6-m/crti.o
                0x08005038                _fini
 .fini          0x0800503c        0x8 c:/eclipse/cpp-neon/eclipse/plugins/fr.ac6.mcu.externaltools.arm-none.win32_1.7.0.201602121829/tools/compiler/bin/../lib/gcc/arm-none-eabi/5.2.1/armv6-m/crtn.o
                0x08005044                . = ALIGN (0x4)
                0x08005044                _etext = .

.vfp11_veneer   0x08005044        0x0
 .vfp11_veneer  0x08005044        0x0 linker stubs

.v4_bx          0x08005044        0x0
 .v4_bx         0x08005044        0x0 linker stubs

.iplt           0x08005044        0x0
 .iplt          0x08005044        0x0 c:/eclipse/cpp-neon/eclipse/plugins/fr.ac6.mcu.externaltools.arm-none.win32_1.7.0.201602121829/tools/compiler/bin/../lib/gcc/arm-none-eabi/5.2.1/armv6-m/crtbegin.o

.rodata         0x08005044      0x108
                0x08005044                . = ALIGN (0x4)
 *(.rodata)
 .rodata        0x08005044       0x1c Drivers/CMSIS/Device/ST/STM32L0xx/Source/Templates/system_stm32l0xx.o
                0x08005044                AHBPrescTable
                0x08005054                PLLMulTable
 .rodata        0x08005060       0x10 Drivers/STM32L0xx_HAL_Driver/Src/stm32l0xx_hal_rcc.o
 .rodata        0x08005070       0x48 Drivers/STM32L0xx_HAL_Driver/Src/stm32l0xx_hal_uart.o
 .rodata        0x080050b8       0x14 Src/main.o
 .rodata        0x080050cc       0x40 c:/eclipse/cpp-neon/eclipse/plugins/fr.ac6.mcu.externaltools.arm-none.win32_1.7.0.201602121829/tools/compiler/bin/../lib/gcc/arm-none-eabi/5.2.1/armv6-m\libgcc.a(divdf3.o)
 .rodata        0x0800510c       0x40 c:/eclipse/cpp-neon/eclipse/plugins/fr.ac6.mcu.externaltools.arm-none.win32_1.7.0.201602121829/tools/compiler/bin/../lib/gcc/arm-none-eabi/5.2.1/armv6-m\libgcc.a(muldf3.o)
 *(.rodata*)
                0x0800514c                . = ALIGN (0x4)

.rel.dyn        0x0800514c        0x0
 .rel.iplt      0x0800514c        0x0 c:/eclipse/cpp-neon/eclipse/plugins/fr.ac6.mcu.externaltools.arm-none.win32_1.7.0.201602121829/tools/compiler/bin/../lib/gcc/arm-none-eabi/5.2.1/armv6-m/crtbegin.o

.ARM.extab
 *(.ARM.extab* .gnu.linkonce.armextab.*)

.ARM            0x0800514c        0x0
                0x0800514c                __exidx_start = .
 *(.ARM.exidx*)
                0x0800514c                __exidx_end = .

.preinit_array  0x0800514c        0x0
                0x0800514c                PROVIDE (__preinit_array_start, .)
 *(.preinit_array*)
                0x0800514c                PROVIDE (__preinit_array_end, .)

.init_array     0x0800514c        0x4
                0x0800514c                PROVIDE (__init_array_start, .)
 *(SORT(.init_array.*))
 *(.init_array*)
 .init_array    0x0800514c        0x4 c:/eclipse/cpp-neon/eclipse/plugins/fr.ac6.mcu.externaltools.arm-none.win32_1.7.0.201602121829/tools/compiler/bin/../lib/gcc/arm-none-eabi/5.2.1/armv6-m/crtbegin.o
                0x08005150                PROVIDE (__init_array_end, .)

.fini_array     0x08005150        0x4
                [!provide]                PROVIDE (__fini_array_start, .)
 *(SORT(.fini_array.*))
 *(.fini_array*)
 .fini_array    0x08005150        0x4 c:/eclipse/cpp-neon/eclipse/plugins/fr.ac6.mcu.externaltools.arm-none.win32_1.7.0.201602121829/tools/compiler/bin/../lib/gcc/arm-none-eabi/5.2.1/armv6-m/crtbegin.o
                [!provide]                PROVIDE (__fini_array_end, .)
                0x08005154                _sidata = LOADADDR (.data)

.data           0x20000000        0x4 load address 0x08005154
                0x20000000                . = ALIGN (0x4)
                0x20000000                _sdata = .
 *(.data)
 .data          0x20000000        0x4 Drivers/CMSIS/Device/ST/STM32L0xx/Source/Templates/system_stm32l0xx.o
                0x20000000                SystemCoreClock
 *(.data*)
                0x20000004                . = ALIGN (0x4)
                0x20000004                _edata = .

.jcr            0x20000004        0x0 load address 0x08005158
 .jcr           0x20000004        0x0 c:/eclipse/cpp-neon/eclipse/plugins/fr.ac6.mcu.externaltools.arm-none.win32_1.7.0.201602121829/tools/compiler/bin/../lib/gcc/arm-none-eabi/5.2.1/armv6-m/crtbegin.o

.tm_clone_table
                0x20000004        0x0 load address 0x08005158
 .tm_clone_table
                0x20000004        0x0 c:/eclipse/cpp-neon/eclipse/plugins/fr.ac6.mcu.externaltools.arm-none.win32_1.7.0.201602121829/tools/compiler/bin/../lib/gcc/arm-none-eabi/5.2.1/armv6-m/crtbegin.o
 .tm_clone_table
                0x20000004        0x0 c:/eclipse/cpp-neon/eclipse/plugins/fr.ac6.mcu.externaltools.arm-none.win32_1.7.0.201602121829/tools/compiler/bin/../lib/gcc/arm-none-eabi/5.2.1/armv6-m/crtend.o

.igot.plt       0x20000004        0x0 load address 0x08005158
 .igot.plt      0x20000004        0x0 c:/eclipse/cpp-neon/eclipse/plugins/fr.ac6.mcu.externaltools.arm-none.win32_1.7.0.201602121829/tools/compiler/bin/../lib/gcc/arm-none-eabi/5.2.1/armv6-m/crtbegin.o
                0x20000004                . = ALIGN (0x4)

.bss            0x20000004      0x33c load address 0x08005158
                0x20000004                _sbss = .
                0x20000004                __bss_start__ = _sbss
 *(.bss)
 .bss           0x20000004       0x1c c:/eclipse/cpp-neon/eclipse/plugins/fr.ac6.mcu.externaltools.arm-none.win32_1.7.0.201602121829/tools/compiler/bin/../lib/gcc/arm-none-eabi/5.2.1/armv6-m/crtbegin.o
 .bss           0x20000020        0x4 Drivers/STM32L0xx_HAL_Driver/Src/stm32l0xx_hal.o
 .bss           0x20000024        0xc Src/battery_control_task.o
 .bss           0x20000030        0x8 Src/time_management_task.o
 *(.bss*)
 *(COMMON)
 COMMON         0x20000038       0x60 Src/adc.o
                0x20000038                hadc
 COMMON         0x20000098      0x138 Src/main.o
                0x20000098                huart1
                0x20000108                hspi1
                0x20000160                huart2
 COMMON         0x200001d0       0x58 Src/spi.o
                0x200001d0                hspi2
 COMMON         0x20000228       0xa8 Src/tim.o
                0x20000228                htim22
                0x20000260                htim2
                0x20000298                htim21
 COMMON         0x200002d0       0x70 Src/usart.o
                0x200002d0                hlpuart1
                0x20000340                . = ALIGN (0x4)
                0x20000340                _ebss = .
                0x20000340                __bss_end__ = _ebss

._user_heap_stack
                0x20000340      0x600 load address 0x08005158
                0x20000340                . = ALIGN (0x8)
                0x20000340                PROVIDE (end, .)
                [!provide]                PROVIDE (_end, .)
                0x20000540                . = (. + _Min_Heap_Size)
 *fill*         0x20000340      0x200 
                0x20000940                . = (. + _Min_Stack_Size)
 *fill*         0x20000540      0x400 
                0x20000940                . = ALIGN (0x8)

/DISCARD/
 libc.a(*)
 libm.a(*)
 libgcc.a(*)

.ARM.attributes
                0x00000000       0x28
 *(.ARM.attributes)
 .ARM.attributes
                0x00000000       0x1e c:/eclipse/cpp-neon/eclipse/plugins/fr.ac6.mcu.externaltools.arm-none.win32_1.7.0.201602121829/tools/compiler/bin/../lib/gcc/arm-none-eabi/5.2.1/armv6-m/crti.o
 .ARM.attributes
                0x0000001e       0x2c c:/eclipse/cpp-neon/eclipse/plugins/fr.ac6.mcu.externaltools.arm-none.win32_1.7.0.201602121829/tools/compiler/bin/../lib/gcc/arm-none-eabi/5.2.1/armv6-m/crtbegin.o
 .ARM.attributes
                0x0000004a       0x22 Drivers/CMSIS/Device/ST/STM32L0xx/Source/Templates/gcc/startup_stm32l051xx.o
 .ARM.attributes
                0x0000006c       0x32 Drivers/CMSIS/Device/ST/STM32L0xx/Source/Templates/system_stm32l0xx.o
 .ARM.attributes
                0x0000009e       0x32 Drivers/STM32L0xx_HAL_Driver/Src/stm32l0xx_hal.o
 .ARM.attributes
                0x000000d0       0x32 Drivers/STM32L0xx_HAL_Driver/Src/stm32l0xx_hal_adc.o
 .ARM.attributes
                0x00000102       0x32 Drivers/STM32L0xx_HAL_Driver/Src/stm32l0xx_hal_cortex.o
 .ARM.attributes
                0x00000134       0x32 Drivers/STM32L0xx_HAL_Driver/Src/stm32l0xx_hal_gpio.o
 .ARM.attributes
                0x00000166       0x32 Drivers/STM32L0xx_HAL_Driver/Src/stm32l0xx_hal_rcc.o
 .ARM.attributes
                0x00000198       0x32 Drivers/STM32L0xx_HAL_Driver/Src/stm32l0xx_hal_rcc_ex.o
 .ARM.attributes
                0x000001ca       0x32 Drivers/STM32L0xx_HAL_Driver/Src/stm32l0xx_hal_spi.o
 .ARM.attributes
                0x000001fc       0x32 Drivers/STM32L0xx_HAL_Driver/Src/stm32l0xx_hal_tim.o
 .ARM.attributes
                0x0000022e       0x32 Drivers/STM32L0xx_HAL_Driver/Src/stm32l0xx_hal_tim_ex.o
 .ARM.attributes
                0x00000260       0x32 Drivers/STM32L0xx_HAL_Driver/Src/stm32l0xx_hal_uart.o
 .ARM.attributes
                0x00000292       0x32 Src/adc.o
 .ARM.attributes
                0x000002c4       0x32 Src/battery_control_task.o
 .ARM.attributes
                0x000002f6       0x32 Src/ext_pow_control_task.o
 .ARM.attributes
                0x00000328       0x32 Src/gpio.o
 .ARM.attributes
                0x0000035a       0x32 Src/int_adc_measure_task.o
 .ARM.attributes
                0x0000038c       0x32 Src/main.o
 .ARM.attributes
                0x000003be       0x32 Src/spi.o
 .ARM.attributes
                0x000003f0       0x32 Src/spi_pipe.o
 .ARM.attributes
                0x00000422       0x32 Src/stm32l0xx_hal_msp.o
 .ARM.attributes
                0x00000454       0x32 Src/stm32l0xx_it.o
 .ARM.attributes
                0x00000486       0x32 Src/tim.o
 .ARM.attributes
                0x000004b8       0x32 Src/time_management_task.o
 .ARM.attributes
                0x000004ea       0x32 Src/usart.o
 .ARM.attributes
                0x0000051c       0x1e c:/eclipse/cpp-neon/eclipse/plugins/fr.ac6.mcu.externaltools.arm-none.win32_1.7.0.201602121829/tools/compiler/bin/../lib/gcc/arm-none-eabi/5.2.1/armv6-m\libgcc.a(_udivsi3.o)
 .ARM.attributes
                0x0000053a       0x1e c:/eclipse/cpp-neon/eclipse/plugins/fr.ac6.mcu.externaltools.arm-none.win32_1.7.0.201602121829/tools/compiler/bin/../lib/gcc/arm-none-eabi/5.2.1/armv6-m\libgcc.a(_dvmd_tls.o)
 .ARM.attributes
                0x00000558       0x2c c:/eclipse/cpp-neon/eclipse/plugins/fr.ac6.mcu.externaltools.arm-none.win32_1.7.0.201602121829/tools/compiler/bin/../lib/gcc/arm-none-eabi/5.2.1/armv6-m\libgcc.a(_fixunsdfsi.o)
 .ARM.attributes
                0x00000584       0x2c c:/eclipse/cpp-neon/eclipse/plugins/fr.ac6.mcu.externaltools.arm-none.win32_1.7.0.201602121829/tools/compiler/bin/../lib/gcc/arm-none-eabi/5.2.1/armv6-m\libgcc.a(divdf3.o)
 .ARM.attributes
                0x000005b0       0x2c c:/eclipse/cpp-neon/eclipse/plugins/fr.ac6.mcu.externaltools.arm-none.win32_1.7.0.201602121829/tools/compiler/bin/../lib/gcc/arm-none-eabi/5.2.1/armv6-m\libgcc.a(muldf3.o)
 .ARM.attributes
                0x000005dc       0x2c c:/eclipse/cpp-neon/eclipse/plugins/fr.ac6.mcu.externaltools.arm-none.win32_1.7.0.201602121829/tools/compiler/bin/../lib/gcc/arm-none-eabi/5.2.1/armv6-m\libgcc.a(subdf3.o)
 .ARM.attributes
                0x00000608       0x2c c:/eclipse/cpp-neon/eclipse/plugins/fr.ac6.mcu.externaltools.arm-none.win32_1.7.0.201602121829/tools/compiler/bin/../lib/gcc/arm-none-eabi/5.2.1/armv6-m\libgcc.a(fixdfsi.o)
 .ARM.attributes
                0x00000634       0x2c c:/eclipse/cpp-neon/eclipse/plugins/fr.ac6.mcu.externaltools.arm-none.win32_1.7.0.201602121829/tools/compiler/bin/../lib/gcc/arm-none-eabi/5.2.1/armv6-m\libgcc.a(floatunsidf.o)
 .ARM.attributes
                0x00000660       0x1e c:/eclipse/cpp-neon/eclipse/plugins/fr.ac6.mcu.externaltools.arm-none.win32_1.7.0.201602121829/tools/compiler/bin/../lib/gcc/arm-none-eabi/5.2.1/armv6-m\libgcc.a(_arm_cmpdf2.o)
 .ARM.attributes
                0x0000067e       0x1e c:/eclipse/cpp-neon/eclipse/plugins/fr.ac6.mcu.externaltools.arm-none.win32_1.7.0.201602121829/tools/compiler/bin/../lib/gcc/arm-none-eabi/5.2.1/armv6-m\libgcc.a(_clzsi2.o)
 .ARM.attributes
                0x0000069c       0x2c c:/eclipse/cpp-neon/eclipse/plugins/fr.ac6.mcu.externaltools.arm-none.win32_1.7.0.201602121829/tools/compiler/bin/../lib/gcc/arm-none-eabi/5.2.1/armv6-m\libgcc.a(eqdf2.o)
 .ARM.attributes
                0x000006c8       0x2c c:/eclipse/cpp-neon/eclipse/plugins/fr.ac6.mcu.externaltools.arm-none.win32_1.7.0.201602121829/tools/compiler/bin/../lib/gcc/arm-none-eabi/5.2.1/armv6-m\libgcc.a(gedf2.o)
 .ARM.attributes
                0x000006f4       0x2c c:/eclipse/cpp-neon/eclipse/plugins/fr.ac6.mcu.externaltools.arm-none.win32_1.7.0.201602121829/tools/compiler/bin/../lib/gcc/arm-none-eabi/5.2.1/armv6-m\libgcc.a(ledf2.o)
 .ARM.attributes
                0x00000720       0x2c c:/eclipse/cpp-neon/eclipse/plugins/fr.ac6.mcu.externaltools.arm-none.win32_1.7.0.201602121829/tools/compiler/bin/../lib/gcc/arm-none-eabi/5.2.1/../../../../arm-none-eabi/lib/armv6-m\libc_nano.a(lib_a-init.o)
 .ARM.attributes
                0x0000074c       0x2c c:/eclipse/cpp-neon/eclipse/plugins/fr.ac6.mcu.externaltools.arm-none.win32_1.7.0.201602121829/tools/compiler/bin/../lib/gcc/arm-none-eabi/5.2.1/../../../../arm-none-eabi/lib/armv6-m\libc_nano.a(lib_a-memcpy-stub.o)
 .ARM.attributes
                0x00000778       0x2c c:/eclipse/cpp-neon/eclipse/plugins/fr.ac6.mcu.externaltools.arm-none.win32_1.7.0.201602121829/tools/compiler/bin/../lib/gcc/arm-none-eabi/5.2.1/armv6-m/crtend.o
 .ARM.attributes
                0x000007a4       0x1e c:/eclipse/cpp-neon/eclipse/plugins/fr.ac6.mcu.externaltools.arm-none.win32_1.7.0.201602121829/tools/compiler/bin/../lib/gcc/arm-none-eabi/5.2.1/armv6-m/crtn.o
OUTPUT(irp_00_01.elf elf32-littlearm)

.debug_line     0x00000000     0xe651
 .debug_line    0x00000000       0xb2 Drivers/CMSIS/Device/ST/STM32L0xx/Source/Templates/gcc/startup_stm32l051xx.o
 .debug_line    0x000000b2      0x899 Drivers/CMSIS/Device/ST/STM32L0xx/Source/Templates/system_stm32l0xx.o
 .debug_line    0x0000094b      0xa3f Drivers/STM32L0xx_HAL_Driver/Src/stm32l0xx_hal.o
 .debug_line    0x0000138a      0xd20 Drivers/STM32L0xx_HAL_Driver/Src/stm32l0xx_hal_adc.o
 .debug_line    0x000020aa      0xa3c Drivers/STM32L0xx_HAL_Driver/Src/stm32l0xx_hal_cortex.o
 .debug_line    0x00002ae6      0x9d5 Drivers/STM32L0xx_HAL_Driver/Src/stm32l0xx_hal_gpio.o
 .debug_line    0x000034bb      0xac2 Drivers/STM32L0xx_HAL_Driver/Src/stm32l0xx_hal_rcc.o
 .debug_line    0x00003f7d      0x9da Drivers/STM32L0xx_HAL_Driver/Src/stm32l0xx_hal_rcc_ex.o
 .debug_line    0x00004957     0x105c Drivers/STM32L0xx_HAL_Driver/Src/stm32l0xx_hal_spi.o
 .debug_line    0x000059b3     0x174e Drivers/STM32L0xx_HAL_Driver/Src/stm32l0xx_hal_tim.o
 .debug_line    0x00007101      0x8c0 Drivers/STM32L0xx_HAL_Driver/Src/stm32l0xx_hal_tim_ex.o
 .debug_line    0x000079c1     0x1006 Drivers/STM32L0xx_HAL_Driver/Src/stm32l0xx_hal_uart.o
 .debug_line    0x000089c7      0x880 Src/adc.o
 .debug_line    0x00009247      0x362 Src/battery_control_task.o
 .debug_line    0x000095a9       0xb8 Src/ext_pow_control_task.o
 .debug_line    0x00009661      0x847 Src/gpio.o
 .debug_line    0x00009ea8       0xb8 Src/int_adc_measure_task.o
 .debug_line    0x00009f60      0x9d9 Src/main.o
 .debug_line    0x0000a939      0x9a1 Src/spi.o
 .debug_line    0x0000b2da      0x8ac Src/spi_pipe.o
 .debug_line    0x0000bb86      0x83a Src/stm32l0xx_hal_msp.o
 .debug_line    0x0000c3c0      0x87f Src/stm32l0xx_it.o
 .debug_line    0x0000cc3f      0x8a4 Src/tim.o
 .debug_line    0x0000d4e3      0x8cf Src/time_management_task.o
 .debug_line    0x0000ddb2      0x89f Src/usart.o

.debug_info     0x00000000     0xaf79
 .debug_info    0x00000000       0xc6 Drivers/CMSIS/Device/ST/STM32L0xx/Source/Templates/gcc/startup_stm32l051xx.o
 .debug_info    0x000000c6      0x344 Drivers/CMSIS/Device/ST/STM32L0xx/Source/Templates/system_stm32l0xx.o
 .debug_info    0x0000040a      0x6b7 Drivers/STM32L0xx_HAL_Driver/Src/stm32l0xx_hal.o
 .debug_info    0x00000ac1      0xbf6 Drivers/STM32L0xx_HAL_Driver/Src/stm32l0xx_hal_adc.o
 .debug_info    0x000016b7      0x7d3 Drivers/STM32L0xx_HAL_Driver/Src/stm32l0xx_hal_cortex.o
 .debug_info    0x00001e8a      0x615 Drivers/STM32L0xx_HAL_Driver/Src/stm32l0xx_hal_gpio.o
 .debug_info    0x0000249f      0x7ff Drivers/STM32L0xx_HAL_Driver/Src/stm32l0xx_hal_rcc.o
 .debug_info    0x00002c9e      0x44d Drivers/STM32L0xx_HAL_Driver/Src/stm32l0xx_hal_rcc_ex.o
 .debug_info    0x000030eb      0xe2b Drivers/STM32L0xx_HAL_Driver/Src/stm32l0xx_hal_spi.o
 .debug_info    0x00003f16     0x206e Drivers/STM32L0xx_HAL_Driver/Src/stm32l0xx_hal_tim.o
 .debug_info    0x00005f84      0x576 Drivers/STM32L0xx_HAL_Driver/Src/stm32l0xx_hal_tim_ex.o
 .debug_info    0x000064fa      0xfe0 Drivers/STM32L0xx_HAL_Driver/Src/stm32l0xx_hal_uart.o
 .debug_info    0x000074da      0x7c1 Src/adc.o
 .debug_info    0x00007c9b       0xdd Src/battery_control_task.o
 .debug_info    0x00007d78       0x3b Src/ext_pow_control_task.o
 .debug_info    0x00007db3      0x33b Src/gpio.o
 .debug_info    0x000080ee       0x3b Src/int_adc_measure_task.o
 .debug_info    0x00008129     0x10ec Src/main.o
 .debug_info    0x00009215      0x8f8 Src/spi.o
 .debug_info    0x00009b0d       0xbb Src/spi_pipe.o
 .debug_info    0x00009bc8      0x287 Src/stm32l0xx_hal_msp.o
 .debug_info    0x00009e4f       0xd8 Src/stm32l0xx_it.o
 .debug_info    0x00009f27      0x754 Src/tim.o
 .debug_info    0x0000a67b       0xf6 Src/time_management_task.o
 .debug_info    0x0000a771      0x808 Src/usart.o

.debug_abbrev   0x00000000     0x1f2d
 .debug_abbrev  0x00000000       0x12 Drivers/CMSIS/Device/ST/STM32L0xx/Source/Templates/gcc/startup_stm32l051xx.o
 .debug_abbrev  0x00000012       0xf3 Drivers/CMSIS/Device/ST/STM32L0xx/Source/Templates/system_stm32l0xx.o
 .debug_abbrev  0x00000105      0x1c3 Drivers/STM32L0xx_HAL_Driver/Src/stm32l0xx_hal.o
 .debug_abbrev  0x000002c8      0x199 Drivers/STM32L0xx_HAL_Driver/Src/stm32l0xx_hal_adc.o
 .debug_abbrev  0x00000461      0x24e Drivers/STM32L0xx_HAL_Driver/Src/stm32l0xx_hal_cortex.o
 .debug_abbrev  0x000006af      0x1ab Drivers/STM32L0xx_HAL_Driver/Src/stm32l0xx_hal_gpio.o
 .debug_abbrev  0x0000085a      0x214 Drivers/STM32L0xx_HAL_Driver/Src/stm32l0xx_hal_rcc.o
 .debug_abbrev  0x00000a6e      0x1a4 Drivers/STM32L0xx_HAL_Driver/Src/stm32l0xx_hal_rcc_ex.o
 .debug_abbrev  0x00000c12      0x1eb Drivers/STM32L0xx_HAL_Driver/Src/stm32l0xx_hal_spi.o
 .debug_abbrev  0x00000dfd      0x21b Drivers/STM32L0xx_HAL_Driver/Src/stm32l0xx_hal_tim.o
 .debug_abbrev  0x00001018      0x15c Drivers/STM32L0xx_HAL_Driver/Src/stm32l0xx_hal_tim_ex.o
 .debug_abbrev  0x00001174      0x1f1 Drivers/STM32L0xx_HAL_Driver/Src/stm32l0xx_hal_uart.o
 .debug_abbrev  0x00001365      0x144 Src/adc.o
 .debug_abbrev  0x000014a9       0x61 Src/battery_control_task.o
 .debug_abbrev  0x0000150a       0x2d Src/ext_pow_control_task.o
 .debug_abbrev  0x00001537      0x107 Src/gpio.o
 .debug_abbrev  0x0000163e       0x2d Src/int_adc_measure_task.o
 .debug_abbrev  0x0000166b      0x227 Src/main.o
 .debug_abbrev  0x00001892      0x1e9 Src/spi.o
 .debug_abbrev  0x00001a7b       0x61 Src/spi_pipe.o
 .debug_abbrev  0x00001adc       0xa7 Src/stm32l0xx_hal_msp.o
 .debug_abbrev  0x00001b83       0x6a Src/stm32l0xx_it.o
 .debug_abbrev  0x00001bed      0x16b Src/tim.o
 .debug_abbrev  0x00001d58       0x79 Src/time_management_task.o
 .debug_abbrev  0x00001dd1      0x15c Src/usart.o

.debug_aranges  0x00000000      0xce8
 .debug_aranges
                0x00000000       0x28 Drivers/CMSIS/Device/ST/STM32L0xx/Source/Templates/gcc/startup_stm32l051xx.o
 .debug_aranges
                0x00000028       0x28 Drivers/CMSIS/Device/ST/STM32L0xx/Source/Templates/system_stm32l0xx.o
 .debug_aranges
                0x00000050       0xf0 Drivers/STM32L0xx_HAL_Driver/Src/stm32l0xx_hal.o
 .debug_aranges
                0x00000140      0x100 Drivers/STM32L0xx_HAL_Driver/Src/stm32l0xx_hal_adc.o
 .debug_aranges
                0x00000240       0xc8 Drivers/STM32L0xx_HAL_Driver/Src/stm32l0xx_hal_cortex.o
 .debug_aranges
                0x00000308       0x58 Drivers/STM32L0xx_HAL_Driver/Src/stm32l0xx_hal_gpio.o
 .debug_aranges
                0x00000360       0x80 Drivers/STM32L0xx_HAL_Driver/Src/stm32l0xx_hal_rcc.o
 .debug_aranges
                0x000003e0       0x60 Drivers/STM32L0xx_HAL_Driver/Src/stm32l0xx_hal_rcc_ex.o
 .debug_aranges
                0x00000440      0x150 Drivers/STM32L0xx_HAL_Driver/Src/stm32l0xx_hal_spi.o
 .debug_aranges
                0x00000590      0x368 Drivers/STM32L0xx_HAL_Driver/Src/stm32l0xx_hal_tim.o
 .debug_aranges
                0x000008f8       0x28 Drivers/STM32L0xx_HAL_Driver/Src/stm32l0xx_hal_tim_ex.o
 .debug_aranges
                0x00000920      0x168 Drivers/STM32L0xx_HAL_Driver/Src/stm32l0xx_hal_uart.o
 .debug_aranges
                0x00000a88       0x30 Src/adc.o
 .debug_aranges
                0x00000ab8       0x20 Src/battery_control_task.o
 .debug_aranges
                0x00000ad8       0x20 Src/ext_pow_control_task.o
 .debug_aranges
                0x00000af8       0x20 Src/gpio.o
 .debug_aranges
                0x00000b18       0x20 Src/int_adc_measure_task.o
 .debug_aranges
                0x00000b38       0x38 Src/main.o
 .debug_aranges
                0x00000b70       0x60 Src/spi.o
 .debug_aranges
                0x00000bd0       0x20 Src/spi_pipe.o
 .debug_aranges
                0x00000bf0       0x20 Src/stm32l0xx_hal_msp.o
 .debug_aranges
                0x00000c10       0x38 Src/stm32l0xx_it.o
 .debug_aranges
                0x00000c48       0x40 Src/tim.o
 .debug_aranges
                0x00000c88       0x28 Src/time_management_task.o
 .debug_aranges
                0x00000cb0       0x38 Src/usart.o

.debug_ranges   0x00000000      0xb60
 .debug_ranges  0x00000000       0x20 Drivers/CMSIS/Device/ST/STM32L0xx/Source/Templates/gcc/startup_stm32l051xx.o
 .debug_ranges  0x00000020       0x18 Drivers/CMSIS/Device/ST/STM32L0xx/Source/Templates/system_stm32l0xx.o
 .debug_ranges  0x00000038       0xe0 Drivers/STM32L0xx_HAL_Driver/Src/stm32l0xx_hal.o
 .debug_ranges  0x00000118       0xf0 Drivers/STM32L0xx_HAL_Driver/Src/stm32l0xx_hal_adc.o
 .debug_ranges  0x00000208       0xb8 Drivers/STM32L0xx_HAL_Driver/Src/stm32l0xx_hal_cortex.o
 .debug_ranges  0x000002c0       0x48 Drivers/STM32L0xx_HAL_Driver/Src/stm32l0xx_hal_gpio.o
 .debug_ranges  0x00000308       0x70 Drivers/STM32L0xx_HAL_Driver/Src/stm32l0xx_hal_rcc.o
 .debug_ranges  0x00000378       0x50 Drivers/STM32L0xx_HAL_Driver/Src/stm32l0xx_hal_rcc_ex.o
 .debug_ranges  0x000003c8      0x140 Drivers/STM32L0xx_HAL_Driver/Src/stm32l0xx_hal_spi.o
 .debug_ranges  0x00000508      0x358 Drivers/STM32L0xx_HAL_Driver/Src/stm32l0xx_hal_tim.o
 .debug_ranges  0x00000860       0x18 Drivers/STM32L0xx_HAL_Driver/Src/stm32l0xx_hal_tim_ex.o
 .debug_ranges  0x00000878      0x158 Drivers/STM32L0xx_HAL_Driver/Src/stm32l0xx_hal_uart.o
 .debug_ranges  0x000009d0       0x20 Src/adc.o
 .debug_ranges  0x000009f0       0x10 Src/battery_control_task.o
 .debug_ranges  0x00000a00       0x10 Src/ext_pow_control_task.o
 .debug_ranges  0x00000a10       0x10 Src/gpio.o
 .debug_ranges  0x00000a20       0x10 Src/int_adc_measure_task.o
 .debug_ranges  0x00000a30       0x28 Src/main.o
 .debug_ranges  0x00000a58       0x50 Src/spi.o
 .debug_ranges  0x00000aa8       0x10 Src/spi_pipe.o
 .debug_ranges  0x00000ab8       0x10 Src/stm32l0xx_hal_msp.o
 .debug_ranges  0x00000ac8       0x28 Src/stm32l0xx_it.o
 .debug_ranges  0x00000af0       0x30 Src/tim.o
 .debug_ranges  0x00000b20       0x18 Src/time_management_task.o
 .debug_ranges  0x00000b38       0x28 Src/usart.o

.debug_macro    0x00000000    0x10323
 .debug_macro   0x00000000      0x2ac Drivers/CMSIS/Device/ST/STM32L0xx/Source/Templates/system_stm32l0xx.o
 .debug_macro   0x000002ac      0x82c Drivers/CMSIS/Device/ST/STM32L0xx/Source/Templates/system_stm32l0xx.o
 .debug_macro   0x00000ad8       0x2e Drivers/CMSIS/Device/ST/STM32L0xx/Source/Templates/system_stm32l0xx.o
 .debug_macro   0x00000b06       0x28 Drivers/CMSIS/Device/ST/STM32L0xx/Source/Templates/system_stm32l0xx.o
 .debug_macro   0x00000b2e       0x22 Drivers/CMSIS/Device/ST/STM32L0xx/Source/Templates/system_stm32l0xx.o
 .debug_macro   0x00000b50       0x44 Drivers/CMSIS/Device/ST/STM32L0xx/Source/Templates/system_stm32l0xx.o
 .debug_macro   0x00000b94       0x1c Drivers/CMSIS/Device/ST/STM32L0xx/Source/Templates/system_stm32l0xx.o
 .debug_macro   0x00000bb0      0x1f7 Drivers/CMSIS/Device/ST/STM32L0xx/Source/Templates/system_stm32l0xx.o
 .debug_macro   0x00000da7       0x34 Drivers/CMSIS/Device/ST/STM32L0xx/Source/Templates/system_stm32l0xx.o
 .debug_macro   0x00000ddb       0x26 Drivers/CMSIS/Device/ST/STM32L0xx/Source/Templates/system_stm32l0xx.o
 .debug_macro   0x00000e01      0x44f Drivers/CMSIS/Device/ST/STM32L0xx/Source/Templates/system_stm32l0xx.o
 .debug_macro   0x00001250     0x3dc2 Drivers/CMSIS/Device/ST/STM32L0xx/Source/Templates/system_stm32l0xx.o
 .debug_macro   0x00005012       0x3c Drivers/CMSIS/Device/ST/STM32L0xx/Source/Templates/system_stm32l0xx.o
 .debug_macro   0x0000504e      0x100 Drivers/CMSIS/Device/ST/STM32L0xx/Source/Templates/system_stm32l0xx.o
 .debug_macro   0x0000514e       0xa8 Drivers/CMSIS/Device/ST/STM32L0xx/Source/Templates/system_stm32l0xx.o
 .debug_macro   0x000051f6     0x31a7 Drivers/CMSIS/Device/ST/STM32L0xx/Source/Templates/system_stm32l0xx.o
 .debug_macro   0x0000839d       0x58 Drivers/CMSIS/Device/ST/STM32L0xx/Source/Templates/system_stm32l0xx.o
 .debug_macro   0x000083f5       0x35 Drivers/CMSIS/Device/ST/STM32L0xx/Source/Templates/system_stm32l0xx.o
 .debug_macro   0x0000842a       0x9c Drivers/CMSIS/Device/ST/STM32L0xx/Source/Templates/system_stm32l0xx.o
 .debug_macro   0x000084c6       0x16 Drivers/CMSIS/Device/ST/STM32L0xx/Source/Templates/system_stm32l0xx.o
 .debug_macro   0x000084dc       0x97 Drivers/CMSIS/Device/ST/STM32L0xx/Source/Templates/system_stm32l0xx.o
 .debug_macro   0x00008573      0x29d Drivers/CMSIS/Device/ST/STM32L0xx/Source/Templates/system_stm32l0xx.o
 .debug_macro   0x00008810       0xef Drivers/CMSIS/Device/ST/STM32L0xx/Source/Templates/system_stm32l0xx.o
 .debug_macro   0x000088ff       0x10 Drivers/CMSIS/Device/ST/STM32L0xx/Source/Templates/system_stm32l0xx.o
 .debug_macro   0x0000890f       0x52 Drivers/CMSIS/Device/ST/STM32L0xx/Source/Templates/system_stm32l0xx.o
 .debug_macro   0x00008961       0x16 Drivers/CMSIS/Device/ST/STM32L0xx/Source/Templates/system_stm32l0xx.o
 .debug_macro   0x00008977       0x43 Drivers/CMSIS/Device/ST/STM32L0xx/Source/Templates/system_stm32l0xx.o
 .debug_macro   0x000089ba      0x180 Drivers/CMSIS/Device/ST/STM32L0xx/Source/Templates/system_stm32l0xx.o
 .debug_macro   0x00008b3a       0x10 Drivers/CMSIS/Device/ST/STM32L0xx/Source/Templates/system_stm32l0xx.o
 .debug_macro   0x00008b4a       0x22 Drivers/CMSIS/Device/ST/STM32L0xx/Source/Templates/system_stm32l0xx.o
 .debug_macro   0x00008b6c       0xbd Drivers/CMSIS/Device/ST/STM32L0xx/Source/Templates/system_stm32l0xx.o
 .debug_macro   0x00008c29       0x16 Drivers/CMSIS/Device/ST/STM32L0xx/Source/Templates/system_stm32l0xx.o
 .debug_macro   0x00008c3f      0x196 Drivers/CMSIS/Device/ST/STM32L0xx/Source/Templates/system_stm32l0xx.o
 .debug_macro   0x00008dd5       0x50 Drivers/CMSIS/Device/ST/STM32L0xx/Source/Templates/system_stm32l0xx.o
 .debug_macro   0x00008e25      0x7c1 Drivers/CMSIS/Device/ST/STM32L0xx/Source/Templates/system_stm32l0xx.o
 .debug_macro   0x000095e6      0x4f6 Drivers/CMSIS/Device/ST/STM32L0xx/Source/Templates/system_stm32l0xx.o
 .debug_macro   0x00009adc      0x14d Drivers/CMSIS/Device/ST/STM32L0xx/Source/Templates/system_stm32l0xx.o
 .debug_macro   0x00009c29      0x168 Drivers/CMSIS/Device/ST/STM32L0xx/Source/Templates/system_stm32l0xx.o
 .debug_macro   0x00009d91      0x26b Drivers/CMSIS/Device/ST/STM32L0xx/Source/Templates/system_stm32l0xx.o
 .debug_macro   0x00009ffc      0x1ef Drivers/CMSIS/Device/ST/STM32L0xx/Source/Templates/system_stm32l0xx.o
 .debug_macro   0x0000a1eb      0x4d6 Drivers/CMSIS/Device/ST/STM32L0xx/Source/Templates/system_stm32l0xx.o
 .debug_macro   0x0000a6c1       0x66 Drivers/CMSIS/Device/ST/STM32L0xx/Source/Templates/system_stm32l0xx.o
 .debug_macro   0x0000a727      0x120 Drivers/CMSIS/Device/ST/STM32L0xx/Source/Templates/system_stm32l0xx.o
 .debug_macro   0x0000a847      0x2bf Drivers/CMSIS/Device/ST/STM32L0xx/Source/Templates/system_stm32l0xx.o
 .debug_macro   0x0000ab06       0x12 Drivers/CMSIS/Device/ST/STM32L0xx/Source/Templates/system_stm32l0xx.o
 .debug_macro   0x0000ab18      0x1d0 Drivers/CMSIS/Device/ST/STM32L0xx/Source/Templates/system_stm32l0xx.o
 .debug_macro   0x0000ace8       0x4d Drivers/CMSIS/Device/ST/STM32L0xx/Source/Templates/system_stm32l0xx.o
 .debug_macro   0x0000ad35       0x66 Drivers/CMSIS/Device/ST/STM32L0xx/Source/Templates/system_stm32l0xx.o
 .debug_macro   0x0000ad9b      0x189 Drivers/CMSIS/Device/ST/STM32L0xx/Source/Templates/system_stm32l0xx.o
 .debug_macro   0x0000af24       0x16 Drivers/CMSIS/Device/ST/STM32L0xx/Source/Templates/system_stm32l0xx.o
 .debug_macro   0x0000af3a      0x202 Drivers/CMSIS/Device/ST/STM32L0xx/Source/Templates/system_stm32l0xx.o
 .debug_macro   0x0000b13c      0x703 Drivers/CMSIS/Device/ST/STM32L0xx/Source/Templates/system_stm32l0xx.o
 .debug_macro   0x0000b83f      0x120 Drivers/CMSIS/Device/ST/STM32L0xx/Source/Templates/system_stm32l0xx.o
 .debug_macro   0x0000b95f      0x535 Drivers/CMSIS/Device/ST/STM32L0xx/Source/Templates/system_stm32l0xx.o
 .debug_macro   0x0000be94       0x77 Drivers/CMSIS/Device/ST/STM32L0xx/Source/Templates/system_stm32l0xx.o
 .debug_macro   0x0000bf0b      0x13f Drivers/CMSIS/Device/ST/STM32L0xx/Source/Templates/system_stm32l0xx.o
 .debug_macro   0x0000c04a      0x2ca Drivers/STM32L0xx_HAL_Driver/Src/stm32l0xx_hal.o
 .debug_macro   0x0000c314      0x2b5 Drivers/STM32L0xx_HAL_Driver/Src/stm32l0xx_hal_adc.o
 .debug_macro   0x0000c5c9      0x2a6 Drivers/STM32L0xx_HAL_Driver/Src/stm32l0xx_hal_cortex.o
 .debug_macro   0x0000c86f      0x2df Drivers/STM32L0xx_HAL_Driver/Src/stm32l0xx_hal_gpio.o
 .debug_macro   0x0000cb4e      0x2f4 Drivers/STM32L0xx_HAL_Driver/Src/stm32l0xx_hal_rcc.o
 .debug_macro   0x0000ce42      0x2b8 Drivers/STM32L0xx_HAL_Driver/Src/stm32l0xx_hal_rcc_ex.o
 .debug_macro   0x0000d0fa      0x2ae Drivers/STM32L0xx_HAL_Driver/Src/stm32l0xx_hal_spi.o
 .debug_macro   0x0000d3a8      0x2a7 Drivers/STM32L0xx_HAL_Driver/Src/stm32l0xx_hal_tim.o
 .debug_macro   0x0000d64f      0x2a6 Drivers/STM32L0xx_HAL_Driver/Src/stm32l0xx_hal_tim_ex.o
 .debug_macro   0x0000d8f5      0x2b5 Drivers/STM32L0xx_HAL_Driver/Src/stm32l0xx_hal_uart.o
 .debug_macro   0x0000dbaa      0x2ba Src/adc.o
 .debug_macro   0x0000de64       0x72 Src/battery_control_task.o
 .debug_macro   0x0000ded6       0x1b Src/ext_pow_control_task.o
 .debug_macro   0x0000def1      0x2b0 Src/gpio.o
 .debug_macro   0x0000e1a1       0x1b Src/int_adc_measure_task.o
 .debug_macro   0x0000e1bc      0x354 Src/main.o
 .debug_macro   0x0000e510       0x58 Src/main.o
 .debug_macro   0x0000e568       0x9c Src/main.o
 .debug_macro   0x0000e604       0x97 Src/main.o
 .debug_macro   0x0000e69b      0x329 Src/main.o
 .debug_macro   0x0000e9c4       0xfd Src/main.o
 .debug_macro   0x0000eac1       0x43 Src/main.o
 .debug_macro   0x0000eb04      0x187 Src/main.o
 .debug_macro   0x0000ec8b       0x10 Src/main.o
 .debug_macro   0x0000ec9b       0x3a Src/main.o
 .debug_macro   0x0000ecd5       0x10 Src/main.o
 .debug_macro   0x0000ece5       0x40 Src/main.o
 .debug_macro   0x0000ed25       0x65 Src/main.o
 .debug_macro   0x0000ed8a      0x197 Src/main.o
 .debug_macro   0x0000ef21      0x30a Src/spi.o
 .debug_macro   0x0000f22b      0x304 Src/spi_pipe.o
 .debug_macro   0x0000f52f       0x3a Src/spi_pipe.o
 .debug_macro   0x0000f569      0x2a6 Src/stm32l0xx_hal_msp.o
 .debug_macro   0x0000f80f      0x2b0 Src/stm32l0xx_it.o
 .debug_macro   0x0000fabf      0x2b0 Src/tim.o
 .debug_macro   0x0000fd6f      0x2fa Src/time_management_task.o
 .debug_macro   0x00010069      0x2ba Src/usart.o

.debug_str      0x00000000    0x5b80f
 .debug_str     0x00000000    0x5669d Drivers/CMSIS/Device/ST/STM32L0xx/Source/Templates/system_stm32l0xx.o
                              0x569c4 (size before relaxing)
 .debug_str     0x0005669d      0x570 Drivers/STM32L0xx_HAL_Driver/Src/stm32l0xx_hal.o
                              0x56f36 (size before relaxing)
 .debug_str     0x00056c0d      0x6f1 Drivers/STM32L0xx_HAL_Driver/Src/stm32l0xx_hal_adc.o
                              0x56ff3 (size before relaxing)
 .debug_str     0x000572fe      0x270 Drivers/STM32L0xx_HAL_Driver/Src/stm32l0xx_hal_cortex.o
                              0x56d55 (size before relaxing)
 .debug_str     0x0005756e      0x2b9 Drivers/STM32L0xx_HAL_Driver/Src/stm32l0xx_hal_gpio.o
                              0x56c07 (size before relaxing)
 .debug_str     0x00057827      0x490 Drivers/STM32L0xx_HAL_Driver/Src/stm32l0xx_hal_rcc.o
                              0x56ea9 (size before relaxing)
 .debug_str     0x00057cb7      0x235 Drivers/STM32L0xx_HAL_Driver/Src/stm32l0xx_hal_rcc_ex.o
                              0x56b87 (size before relaxing)
 .debug_str     0x00057eec      0x52f Drivers/STM32L0xx_HAL_Driver/Src/stm32l0xx_hal_spi.o
                              0x56fda (size before relaxing)
 .debug_str     0x0005841b      0xe1e Drivers/STM32L0xx_HAL_Driver/Src/stm32l0xx_hal_tim.o
                              0x57940 (size before relaxing)
 .debug_str     0x00059239       0xc7 Drivers/STM32L0xx_HAL_Driver/Src/stm32l0xx_hal_tim_ex.o
                              0x56cba (size before relaxing)
 .debug_str     0x00059300      0x6ff Drivers/STM32L0xx_HAL_Driver/Src/stm32l0xx_hal_uart.o
                              0x572b2 (size before relaxing)
 .debug_str     0x000599ff       0x2c Src/adc.o
                              0x56d65 (size before relaxing)
 .debug_str     0x00059a2b      0xc21 Src/battery_control_task.o
                               0x3100 (size before relaxing)
 .debug_str     0x0005a64c       0x50 Src/ext_pow_control_task.o
                               0x23f9 (size before relaxing)
 .debug_str     0x0005a69c       0x1b Src/gpio.o
                              0x56982 (size before relaxing)
 .debug_str     0x0005a6b7       0x50 Src/int_adc_measure_task.o
                               0x23f9 (size before relaxing)
 .debug_str     0x0005a707      0xec8 Src/main.o
                              0x580c7 (size before relaxing)
 .debug_str     0x0005b5cf       0xbe Src/spi.o
                              0x578c5 (size before relaxing)
 .debug_str     0x0005b68d       0x24 Src/spi_pipe.o
                              0x57315 (size before relaxing)
 .debug_str     0x0005b6b1       0x1b Src/stm32l0xx_hal_msp.o
                              0x56a50 (size before relaxing)
 .debug_str     0x0005b6cc       0x6a Src/stm32l0xx_it.o
                              0x5688b (size before relaxing)
 .debug_str     0x0005b736       0x54 Src/tim.o
                              0x56d80 (size before relaxing)
 .debug_str     0x0005b78a       0x44 Src/time_management_task.o
                              0x57366 (size before relaxing)
 .debug_str     0x0005b7ce       0x41 Src/usart.o
                              0x56df9 (size before relaxing)

.comment        0x00000000       0xde
 .comment       0x00000000       0x70 Drivers/CMSIS/Device/ST/STM32L0xx/Source/Templates/system_stm32l0xx.o
                                 0x71 (size before relaxing)
 .comment       0x00000070       0x71 Drivers/STM32L0xx_HAL_Driver/Src/stm32l0xx_hal.o
 .comment       0x00000070       0x71 Drivers/STM32L0xx_HAL_Driver/Src/stm32l0xx_hal_adc.o
 .comment       0x00000070       0x71 Drivers/STM32L0xx_HAL_Driver/Src/stm32l0xx_hal_cortex.o
 .comment       0x00000070       0x71 Drivers/STM32L0xx_HAL_Driver/Src/stm32l0xx_hal_gpio.o
 .comment       0x00000070       0x71 Drivers/STM32L0xx_HAL_Driver/Src/stm32l0xx_hal_rcc.o
 .comment       0x00000070       0x71 Drivers/STM32L0xx_HAL_Driver/Src/stm32l0xx_hal_rcc_ex.o
 .comment       0x00000070       0x71 Drivers/STM32L0xx_HAL_Driver/Src/stm32l0xx_hal_spi.o
 .comment       0x00000070       0x71 Drivers/STM32L0xx_HAL_Driver/Src/stm32l0xx_hal_tim.o
 .comment       0x00000070       0x71 Drivers/STM32L0xx_HAL_Driver/Src/stm32l0xx_hal_tim_ex.o
 .comment       0x00000070       0x71 Drivers/STM32L0xx_HAL_Driver/Src/stm32l0xx_hal_uart.o
 .comment       0x00000070       0x71 Src/adc.o
 .comment       0x00000070       0x6e Src/battery_control_task.o
                                 0x6f (size before relaxing)
 .comment       0x000000de       0x6f Src/ext_pow_control_task.o
 .comment       0x000000de       0x71 Src/gpio.o
 .comment       0x000000de       0x6f Src/int_adc_measure_task.o
 .comment       0x000000de       0x6f Src/main.o
 .comment       0x000000de       0x6f Src/spi.o
 .comment       0x000000de       0x6f Src/spi_pipe.o
 .comment       0x000000de       0x71 Src/stm32l0xx_hal_msp.o
 .comment       0x000000de       0x71 Src/stm32l0xx_it.o
 .comment       0x000000de       0x71 Src/tim.o
 .comment       0x000000de       0x6f Src/time_management_task.o
 .comment       0x000000de       0x71 Src/usart.o

.debug_frame    0x00000000     0x2d04
 .debug_frame   0x00000000       0x4c Drivers/CMSIS/Device/ST/STM32L0xx/Source/Templates/system_stm32l0xx.o
 .debug_frame   0x0000004c      0x318 Drivers/STM32L0xx_HAL_Driver/Src/stm32l0xx_hal.o
 .debug_frame   0x00000364      0x3b0 Drivers/STM32L0xx_HAL_Driver/Src/stm32l0xx_hal_adc.o
 .debug_frame   0x00000714      0x2c4 Drivers/STM32L0xx_HAL_Driver/Src/stm32l0xx_hal_cortex.o
 .debug_frame   0x000009d8      0x110 Drivers/STM32L0xx_HAL_Driver/Src/stm32l0xx_hal_gpio.o
 .debug_frame   0x00000ae8      0x194 Drivers/STM32L0xx_HAL_Driver/Src/stm32l0xx_hal_rcc.o
 .debug_frame   0x00000c7c      0x11c Drivers/STM32L0xx_HAL_Driver/Src/stm32l0xx_hal_rcc_ex.o
 .debug_frame   0x00000d98      0x4f0 Drivers/STM32L0xx_HAL_Driver/Src/stm32l0xx_hal_spi.o
 .debug_frame   0x00001288      0xd50 Drivers/STM32L0xx_HAL_Driver/Src/stm32l0xx_hal_tim.o
 .debug_frame   0x00001fd8       0x50 Drivers/STM32L0xx_HAL_Driver/Src/stm32l0xx_hal_tim_ex.o
 .debug_frame   0x00002028      0x554 Drivers/STM32L0xx_HAL_Driver/Src/stm32l0xx_hal_uart.o
 .debug_frame   0x0000257c       0x70 Src/adc.o
 .debug_frame   0x000025ec       0x30 Src/battery_control_task.o
 .debug_frame   0x0000261c       0x2c Src/ext_pow_control_task.o
 .debug_frame   0x00002648       0x30 Src/gpio.o
 .debug_frame   0x00002678       0x2c Src/int_adc_measure_task.o
 .debug_frame   0x000026a4       0x8c Src/main.o
 .debug_frame   0x00002730      0x124 Src/spi.o
 .debug_frame   0x00002854       0x30 Src/spi_pipe.o
 .debug_frame   0x00002884       0x2c Src/stm32l0xx_hal_msp.o
 .debug_frame   0x000028b0       0x80 Src/stm32l0xx_it.o
 .debug_frame   0x00002930       0xb0 Src/tim.o
 .debug_frame   0x000029e0       0x4c Src/time_management_task.o
 .debug_frame   0x00002a2c       0x88 Src/usart.o
 .debug_frame   0x00002ab4       0x20 c:/eclipse/cpp-neon/eclipse/plugins/fr.ac6.mcu.externaltools.arm-none.win32_1.7.0.201602121829/tools/compiler/bin/../lib/gcc/arm-none-eabi/5.2.1/armv6-m\libgcc.a(_udivsi3.o)
 .debug_frame   0x00002ad4       0x2c c:/eclipse/cpp-neon/eclipse/plugins/fr.ac6.mcu.externaltools.arm-none.win32_1.7.0.201602121829/tools/compiler/bin/../lib/gcc/arm-none-eabi/5.2.1/armv6-m\libgcc.a(_fixunsdfsi.o)
 .debug_frame   0x00002b00       0x3c c:/eclipse/cpp-neon/eclipse/plugins/fr.ac6.mcu.externaltools.arm-none.win32_1.7.0.201602121829/tools/compiler/bin/../lib/gcc/arm-none-eabi/5.2.1/armv6-m\libgcc.a(divdf3.o)
 .debug_frame   0x00002b3c       0x3c c:/eclipse/cpp-neon/eclipse/plugins/fr.ac6.mcu.externaltools.arm-none.win32_1.7.0.201602121829/tools/compiler/bin/../lib/gcc/arm-none-eabi/5.2.1/armv6-m\libgcc.a(muldf3.o)
 .debug_frame   0x00002b78       0x38 c:/eclipse/cpp-neon/eclipse/plugins/fr.ac6.mcu.externaltools.arm-none.win32_1.7.0.201602121829/tools/compiler/bin/../lib/gcc/arm-none-eabi/5.2.1/armv6-m\libgcc.a(subdf3.o)
 .debug_frame   0x00002bb0       0x2c c:/eclipse/cpp-neon/eclipse/plugins/fr.ac6.mcu.externaltools.arm-none.win32_1.7.0.201602121829/tools/compiler/bin/../lib/gcc/arm-none-eabi/5.2.1/armv6-m\libgcc.a(fixdfsi.o)
 .debug_frame   0x00002bdc       0x2c c:/eclipse/cpp-neon/eclipse/plugins/fr.ac6.mcu.externaltools.arm-none.win32_1.7.0.201602121829/tools/compiler/bin/../lib/gcc/arm-none-eabi/5.2.1/armv6-m\libgcc.a(floatunsidf.o)
 .debug_frame   0x00002c08       0x38 c:/eclipse/cpp-neon/eclipse/plugins/fr.ac6.mcu.externaltools.arm-none.win32_1.7.0.201602121829/tools/compiler/bin/../lib/gcc/arm-none-eabi/5.2.1/armv6-m\libgcc.a(eqdf2.o)
 .debug_frame   0x00002c40       0x38 c:/eclipse/cpp-neon/eclipse/plugins/fr.ac6.mcu.externaltools.arm-none.win32_1.7.0.201602121829/tools/compiler/bin/../lib/gcc/arm-none-eabi/5.2.1/armv6-m\libgcc.a(gedf2.o)
 .debug_frame   0x00002c78       0x38 c:/eclipse/cpp-neon/eclipse/plugins/fr.ac6.mcu.externaltools.arm-none.win32_1.7.0.201602121829/tools/compiler/bin/../lib/gcc/arm-none-eabi/5.2.1/armv6-m\libgcc.a(ledf2.o)
 .debug_frame   0x00002cb0       0x2c c:/eclipse/cpp-neon/eclipse/plugins/fr.ac6.mcu.externaltools.arm-none.win32_1.7.0.201602121829/tools/compiler/bin/../lib/gcc/arm-none-eabi/5.2.1/../../../../arm-none-eabi/lib/armv6-m\libc_nano.a(lib_a-init.o)
 .debug_frame   0x00002cdc       0x28 c:/eclipse/cpp-neon/eclipse/plugins/fr.ac6.mcu.externaltools.arm-none.win32_1.7.0.201602121829/tools/compiler/bin/../lib/gcc/arm-none-eabi/5.2.1/../../../../arm-none-eabi/lib/armv6-m\libc_nano.a(lib_a-memcpy-stub.o)

.stabstr        0x00000000       0xdf
 .stabstr       0x00000000       0xdf c:/eclipse/cpp-neon/eclipse/plugins/fr.ac6.mcu.externaltools.arm-none.win32_1.7.0.201602121829/tools/compiler/bin/../lib/gcc/arm-none-eabi/5.2.1/../../../../arm-none-eabi/lib/armv6-m\libnosys.a(close.o)
