Archive member included to satisfy reference by file (symbol)

c:/eclipse/cpp-neon/eclipse/plugins/fr.ac6.mcu.externaltools.arm-none.win32_1.7.0.201602121829/tools/compiler/bin/../lib/gcc/arm-none-eabi/5.2.1/armv6-m\libgcc.a(_udivsi3.o)
                              Drivers/CMSIS/Device/ST/STM32L0xx/Source/Templates/system_stm32l0xx.o (__aeabi_uidiv)
c:/eclipse/cpp-neon/eclipse/plugins/fr.ac6.mcu.externaltools.arm-none.win32_1.7.0.201602121829/tools/compiler/bin/../lib/gcc/arm-none-eabi/5.2.1/armv6-m\libgcc.a(_dvmd_tls.o)
                              c:/eclipse/cpp-neon/eclipse/plugins/fr.ac6.mcu.externaltools.arm-none.win32_1.7.0.201602121829/tools/compiler/bin/../lib/gcc/arm-none-eabi/5.2.1/armv6-m\libgcc.a(_udivsi3.o) (__aeabi_idiv0)
c:/eclipse/cpp-neon/eclipse/plugins/fr.ac6.mcu.externaltools.arm-none.win32_1.7.0.201602121829/tools/compiler/bin/../lib/gcc/arm-none-eabi/5.2.1/armv6-m\libgcc.a(_arm_cmpsf2.o)
                              tests/unity.o (__aeabi_fcmplt)
c:/eclipse/cpp-neon/eclipse/plugins/fr.ac6.mcu.externaltools.arm-none.win32_1.7.0.201602121829/tools/compiler/bin/../lib/gcc/arm-none-eabi/5.2.1/armv6-m\libgcc.a(_fixunsdfsi.o)
                              Drivers/STM32L0xx_HAL_Driver/Src/stm32l0xx_hal_uart.o (__aeabi_d2uiz)
c:/eclipse/cpp-neon/eclipse/plugins/fr.ac6.mcu.externaltools.arm-none.win32_1.7.0.201602121829/tools/compiler/bin/../lib/gcc/arm-none-eabi/5.2.1/armv6-m\libgcc.a(eqsf2.o)
                              c:/eclipse/cpp-neon/eclipse/plugins/fr.ac6.mcu.externaltools.arm-none.win32_1.7.0.201602121829/tools/compiler/bin/../lib/gcc/arm-none-eabi/5.2.1/armv6-m\libgcc.a(_arm_cmpsf2.o) (__eqsf2)
c:/eclipse/cpp-neon/eclipse/plugins/fr.ac6.mcu.externaltools.arm-none.win32_1.7.0.201602121829/tools/compiler/bin/../lib/gcc/arm-none-eabi/5.2.1/armv6-m\libgcc.a(gesf2.o)
                              c:/eclipse/cpp-neon/eclipse/plugins/fr.ac6.mcu.externaltools.arm-none.win32_1.7.0.201602121829/tools/compiler/bin/../lib/gcc/arm-none-eabi/5.2.1/armv6-m\libgcc.a(_arm_cmpsf2.o) (__gesf2)
c:/eclipse/cpp-neon/eclipse/plugins/fr.ac6.mcu.externaltools.arm-none.win32_1.7.0.201602121829/tools/compiler/bin/../lib/gcc/arm-none-eabi/5.2.1/armv6-m\libgcc.a(lesf2.o)
                              c:/eclipse/cpp-neon/eclipse/plugins/fr.ac6.mcu.externaltools.arm-none.win32_1.7.0.201602121829/tools/compiler/bin/../lib/gcc/arm-none-eabi/5.2.1/armv6-m\libgcc.a(_arm_cmpsf2.o) (__lesf2)
c:/eclipse/cpp-neon/eclipse/plugins/fr.ac6.mcu.externaltools.arm-none.win32_1.7.0.201602121829/tools/compiler/bin/../lib/gcc/arm-none-eabi/5.2.1/armv6-m\libgcc.a(mulsf3.o)
                              tests/unity.o (__aeabi_fmul)
c:/eclipse/cpp-neon/eclipse/plugins/fr.ac6.mcu.externaltools.arm-none.win32_1.7.0.201602121829/tools/compiler/bin/../lib/gcc/arm-none-eabi/5.2.1/armv6-m\libgcc.a(subsf3.o)
                              tests/unity.o (__aeabi_fsub)
c:/eclipse/cpp-neon/eclipse/plugins/fr.ac6.mcu.externaltools.arm-none.win32_1.7.0.201602121829/tools/compiler/bin/../lib/gcc/arm-none-eabi/5.2.1/armv6-m\libgcc.a(divdf3.o)
                              Drivers/STM32L0xx_HAL_Driver/Src/stm32l0xx_hal_uart.o (__aeabi_ddiv)
c:/eclipse/cpp-neon/eclipse/plugins/fr.ac6.mcu.externaltools.arm-none.win32_1.7.0.201602121829/tools/compiler/bin/../lib/gcc/arm-none-eabi/5.2.1/armv6-m\libgcc.a(muldf3.o)
                              Drivers/STM32L0xx_HAL_Driver/Src/stm32l0xx_hal_uart.o (__aeabi_dmul)
c:/eclipse/cpp-neon/eclipse/plugins/fr.ac6.mcu.externaltools.arm-none.win32_1.7.0.201602121829/tools/compiler/bin/../lib/gcc/arm-none-eabi/5.2.1/armv6-m\libgcc.a(subdf3.o)
                              c:/eclipse/cpp-neon/eclipse/plugins/fr.ac6.mcu.externaltools.arm-none.win32_1.7.0.201602121829/tools/compiler/bin/../lib/gcc/arm-none-eabi/5.2.1/armv6-m\libgcc.a(_fixunsdfsi.o) (__aeabi_dsub)
c:/eclipse/cpp-neon/eclipse/plugins/fr.ac6.mcu.externaltools.arm-none.win32_1.7.0.201602121829/tools/compiler/bin/../lib/gcc/arm-none-eabi/5.2.1/armv6-m\libgcc.a(fixdfsi.o)
                              c:/eclipse/cpp-neon/eclipse/plugins/fr.ac6.mcu.externaltools.arm-none.win32_1.7.0.201602121829/tools/compiler/bin/../lib/gcc/arm-none-eabi/5.2.1/armv6-m\libgcc.a(_fixunsdfsi.o) (__aeabi_d2iz)
c:/eclipse/cpp-neon/eclipse/plugins/fr.ac6.mcu.externaltools.arm-none.win32_1.7.0.201602121829/tools/compiler/bin/../lib/gcc/arm-none-eabi/5.2.1/armv6-m\libgcc.a(floatunsidf.o)
                              Drivers/STM32L0xx_HAL_Driver/Src/stm32l0xx_hal_uart.o (__aeabi_ui2d)
c:/eclipse/cpp-neon/eclipse/plugins/fr.ac6.mcu.externaltools.arm-none.win32_1.7.0.201602121829/tools/compiler/bin/../lib/gcc/arm-none-eabi/5.2.1/armv6-m\libgcc.a(_arm_cmpdf2.o)
                              c:/eclipse/cpp-neon/eclipse/plugins/fr.ac6.mcu.externaltools.arm-none.win32_1.7.0.201602121829/tools/compiler/bin/../lib/gcc/arm-none-eabi/5.2.1/armv6-m\libgcc.a(_fixunsdfsi.o) (__aeabi_dcmpge)
[...]
Memory Configuration

Name             Origin             Length             Attributes
FLASH            0x08000000         0x00008000         xr
RAM              0x20000000         0x00002000         xrw
*default*        0x00000000         0xffffffff

Linker script and memory map

LOAD c:/eclipse/cpp-neon/eclipse/plugins/fr.ac6.mcu.externaltools.arm-none.win32_1.7.0.201602121829/tools/compiler/bin/../lib/gcc/arm-none-eabi/5.2.1/armv6-m/crti.o
LOAD c:/eclipse/cpp-neon/eclipse/plugins/fr.ac6.mcu.externaltools.arm-none.win32_1.7.0.201602121829/tools/compiler/bin/../lib/gcc/arm-none-eabi/5.2.1/armv6-m/crtbegin.o
LOAD c:/eclipse/cpp-neon/eclipse/plugins/fr.ac6.mcu.externaltools.arm-none.win32_1.7.0.201602121829/tools/compiler/bin/../lib/gcc/arm-none-eabi/5.2.1/../../../../arm-none-eabi/lib/armv6-m/crt0.o
LOAD c:/eclipse/cpp-neon/eclipse/plugins/fr.ac6.mcu.externaltools.arm-none.win32_1.7.0.201602121829/tools/compiler/bin/../lib/gcc/arm-none-eabi/5.2.1/../../../../arm-none-eabi/lib/armv6-m\libm.a
LOAD Drivers/CMSIS/Device/ST/STM32L0xx/Source/Templates/gcc/startup_stm32l051xx.o
LOAD Drivers/CMSIS/Device/ST/STM32L0xx/Source/Templates/system_stm32l0xx.o
LOAD Drivers/STM32L0xx_HAL_Driver/Src/stm32l0xx_hal.o
LOAD Drivers/STM32L0xx_HAL_Driver/Src/stm32l0xx_hal_adc.o
LOAD Drivers/STM32L0xx_HAL_Driver/Src/stm32l0xx_hal_adc_ex.o
LOAD Drivers/STM32L0xx_HAL_Driver/Src/stm32l0xx_hal_cortex.o
LOAD Drivers/STM32L0xx_HAL_Driver/Src/stm32l0xx_hal_dma.o
LOAD Drivers/STM32L0xx_HAL_Driver/Src/stm32l0xx_hal_flash.o
LOAD Drivers/STM32L0xx_HAL_Driver/Src/stm32l0xx_hal_flash_ex.o
LOAD Drivers/STM32L0xx_HAL_Driver/Src/stm32l0xx_hal_flash_ramfunc.o
LOAD Drivers/STM32L0xx_HAL_Driver/Src/stm32l0xx_hal_gpio.o
LOAD Drivers/STM32L0xx_HAL_Driver/Src/stm32l0xx_hal_i2c.o
LOAD Drivers/STM32L0xx_HAL_Driver/Src/stm32l0xx_hal_i2c_ex.o
LOAD Drivers/STM32L0xx_HAL_Driver/Src/stm32l0xx_hal_pwr.o
LOAD Drivers/STM32L0xx_HAL_Driver/Src/stm32l0xx_hal_pwr_ex.o
LOAD Drivers/STM32L0xx_HAL_Driver/Src/stm32l0xx_hal_rcc.o
LOAD Drivers/STM32L0xx_HAL_Driver/Src/stm32l0xx_hal_rcc_ex.o
LOAD Drivers/STM32L0xx_HAL_Driver/Src/stm32l0xx_hal_spi.o
LOAD Drivers/STM32L0xx_HAL_Driver/Src/stm32l0xx_hal_tim.o
LOAD Drivers/STM32L0xx_HAL_Driver/Src/stm32l0xx_hal_tim_ex.o
LOAD Drivers/STM32L0xx_HAL_Driver/Src/stm32l0xx_hal_uart.o
LOAD Drivers/STM32L0xx_HAL_Driver/Src/stm32l0xx_hal_uart_ex.o
LOAD Src/adc.o
LOAD Src/battery.o
LOAD Src/battery_control_task.o
LOAD Src/ext_pow_control_task.o
LOAD Src/external_power.o
LOAD Src/gpio.o
LOAD Src/int_adc_measure_task.o
LOAD Src/internal_adc.o
LOAD Src/main.o
LOAD Src/putchar.o
LOAD Src/spi.o
LOAD Src/spi_pipe.o
LOAD Src/stm32l0xx_hal_msp.o
LOAD Src/stm32l0xx_it.o
LOAD Src/tim.o
LOAD Src/time_management_task.o
LOAD Src/usart.o
LOAD tests/test_code_template.o
LOAD tests/unity.o
START GROUP
LOAD c:/eclipse/cpp-neon/eclipse/plugins/fr.ac6.mcu.externaltools.arm-none.win32_1.7.0.201602121829/tools/compiler/bin/../lib/gcc/arm-none-eabi/5.2.1/armv6-m\libgcc.a
LOAD c:/eclipse/cpp-neon/eclipse/plugins/fr.ac6.mcu.externaltools.arm-none.win32_1.7.0.201602121829/tools/compiler/bin/../lib/gcc/arm-none-eabi/5.2.1/../../../../arm-none-eabi/lib/armv6-m\libc_nano.a
END GROUP
START GROUP
LOAD c:/eclipse/cpp-neon/eclipse/plugins/fr.ac6.mcu.externaltools.arm-none.win32_1.7.0.201602121829/tools/compiler/bin/../lib/gcc/arm-none-eabi/5.2.1/armv6-m\libgcc.a
LOAD c:/eclipse/cpp-neon/eclipse/plugins/fr.ac6.mcu.externaltools.arm-none.win32_1.7.0.201602121829/tools/compiler/bin/../lib/gcc/arm-none-eabi/5.2.1/../../../../arm-none-eabi/lib/armv6-m\libc_nano.a
LOAD c:/eclipse/cpp-neon/eclipse/plugins/fr.ac6.mcu.externaltools.arm-none.win32_1.7.0.201602121829/tools/compiler/bin/../lib/gcc/arm-none-eabi/5.2.1/../../../../arm-none-eabi/lib/armv6-m\libnosys.a
END GROUP
START GROUP
LOAD c:/eclipse/cpp-neon/eclipse/plugins/fr.ac6.mcu.externaltools.arm-none.win32_1.7.0.201602121829/tools/compiler/bin/../lib/gcc/arm-none-eabi/5.2.1/armv6-m\libgcc.a
LOAD c:/eclipse/cpp-neon/eclipse/plugins/fr.ac6.mcu.externaltools.arm-none.win32_1.7.0.201602121829/tools/compiler/bin/../lib/gcc/arm-none-eabi/5.2.1/../../../../arm-none-eabi/lib/armv6-m\libc_nano.a
LOAD c:/eclipse/cpp-neon/eclipse/plugins/fr.ac6.mcu.externaltools.arm-none.win32_1.7.0.201602121829/tools/compiler/bin/../lib/gcc/arm-none-eabi/5.2.1/../../../../arm-none-eabi/lib/armv6-m\libnosys.a
END GROUP
LOAD c:/eclipse/cpp-neon/eclipse/plugins/fr.ac6.mcu.externaltools.arm-none.win32_1.7.0.201602121829/tools/compiler/bin/../lib/gcc/arm-none-eabi/5.2.1/armv6-m/crtend.o
LOAD c:/eclipse/cpp-neon/eclipse/plugins/fr.ac6.mcu.externaltools.arm-none.win32_1.7.0.201602121829/tools/compiler/bin/../lib/gcc/arm-none-eabi/5.2.1/armv6-m/crtn.o
                0x20002000                _estack = 0x20002000
                0x00000200                _Min_Heap_Size = 0x200
                0x00000400                _Min_Stack_Size = 0x400

.isr_vector     0x08000000       0xc0
                0x08000000                . = ALIGN (0x4)
 *(.isr_vector)
 .isr_vector    0x08000000       0xc0 Drivers/CMSIS/Device/ST/STM32L0xx/Source/Templates/gcc/startup_stm32l051xx.o
                0x08000000                g_pfnVectors
                0x080000c0                . = ALIGN (0x4)

.text           0x080000c0     0x4fa4
                0x080000c0                . = ALIGN (0x4)
 *(.text)
 .text          0x080000c0       0xb4 c:/eclipse/cpp-neon/eclipse/plugins/fr.ac6.mcu.externaltools.arm-none.win32_1.7.0.201602121829/tools/compiler/bin/../lib/gcc/arm-none-eabi/5.2.1/armv6-m/crtbegin.o
 .text          0x08000174      0x114 c:/eclipse/cpp-neon/eclipse/plugins/fr.ac6.mcu.externaltools.arm-none.win32_1.7.0.201602121829/tools/compiler/bin/../lib/gcc/arm-none-eabi/5.2.1/armv6-m\libgcc.a(_udivsi3.o)
                0x08000174                __aeabi_uidiv
                0x08000174                __udivsi3
                0x08000280                __aeabi_uidivmod
 .text          0x08000288        0x4 c:/eclipse/cpp-neon/eclipse/plugins/fr.ac6.mcu.externaltools.arm-none.win32_1.7.0.201602121829/tools/compiler/bin/../lib/gcc/arm-none-eabi/5.2.1/armv6-m\libgcc.a(_dvmd_tls.o)
                0x08000288                __aeabi_idiv0
                0x08000288                __aeabi_ldiv0
 .text          0x0800028c       0x3c c:/eclipse/cpp-neon/eclipse/plugins/fr.ac6.mcu.externaltools.arm-none.win32_1.7.0.201602121829/tools/compiler/bin/../lib/gcc/arm-none-eabi/5.2.1/armv6-m\libgcc.a(_fixunsdfsi.o)
                0x0800028c                __aeabi_d2uiz
                0x0800028c                __fixunsdfsi
 .text          0x080002c8      0x62c c:/eclipse/cpp-neon/eclipse/plugins/fr.ac6.mcu.externaltools.arm-none.win32_1.7.0.201602121829/tools/compiler/bin/../lib/gcc/arm-none-eabi/5.2.1/armv6-m\libgcc.a(divdf3.o)
                0x080002c8                __aeabi_ddiv
 .text          0x080008f4      0x4f4 c:/eclipse/cpp-neon/eclipse/plugins/fr.ac6.mcu.externaltools.arm-none.win32_1.7.0.201602121829/tools/compiler/bin/../lib/gcc/arm-none-eabi/5.2.1/armv6-m\libgcc.a(muldf3.o)
                0x080008f4                __aeabi_dmul
 .text          0x08000de8      0x6a8 c:/eclipse/cpp-neon/eclipse/plugins/fr.ac6.mcu.externaltools.arm-none.win32_1.7.0.201602121829/tools/compiler/bin/../lib/gcc/arm-none-eabi/5.2.1/armv6-m\libgcc.a(subdf3.o)
                0x08000de8                __aeabi_dsub
 .text          0x08001490       0x6c c:/eclipse/cpp-neon/eclipse/plugins/fr.ac6.mcu.externaltools.arm-none.win32_1.7.0.201602121829/tools/compiler/bin/../lib/gcc/arm-none-eabi/5.2.1/armv6-m\libgcc.a(fixdfsi.o)
                0x08001490                __aeabi_d2iz
 .text          0x080014fc       0x70 c:/eclipse/cpp-neon/eclipse/plugins/fr.ac6.mcu.externaltools.arm-none.win32_1.7.0.201602121829/tools/compiler/bin/../lib/gcc/arm-none-eabi/5.2.1/armv6-m\libgcc.a(floatunsidf.o)
                0x080014fc                __aeabi_ui2d
 .text          0x0800156c       0x7c c:/eclipse/cpp-neon/eclipse/plugins/fr.ac6.mcu.externaltools.arm-none.win32_1.7.0.201602121829/tools/compiler/bin/../lib/gcc/arm-none-eabi/5.2.1/armv6-m\libgcc.a(_arm_cmpdf2.o)
                0x0800156c                __aeabi_cdrcmple
                0x0800157c                __aeabi_cdcmple
                0x0800157c                __aeabi_cdcmpeq
                0x0800158c                __aeabi_dcmpeq
                0x08001598                __aeabi_dcmplt
                0x080015ac                __aeabi_dcmple
                0x080015c0                __aeabi_dcmpgt
                0x080015d4                __aeabi_dcmpge
 .text          0x080015e8       0x3c c:/eclipse/cpp-neon/eclipse/plugins/fr.ac6.mcu.externaltools.arm-none.win32_1.7.0.201602121829/tools/compiler/bin/../lib/gcc/arm-none-eabi/5.2.1/armv6-m\libgcc.a(_clzsi2.o)
                0x080015e8                __clzsi2
 .text          0x08001624       0x80 c:/eclipse/cpp-neon/eclipse/plugins/fr.ac6.mcu.externaltools.arm-none.win32_1.7.0.201602121829/tools/compiler/bin/../lib/gcc/arm-none-eabi/5.2.1/armv6-m\libgcc.a(eqdf2.o)
                0x08001624                __nedf2
                0x08001624                __eqdf2
 .text          0x080016a4       0xc8 c:/eclipse/cpp-neon/eclipse/plugins/fr.ac6.mcu.externaltools.arm-none.win32_1.7.0.201602121829/tools/compiler/bin/../lib/gcc/arm-none-eabi/5.2.1/armv6-m\libgcc.a(gedf2.o)
                0x080016a4                __gedf2
                0x080016a4                __gtdf2
 .text          0x0800176c       0xd4 c:/eclipse/cpp-neon/eclipse/plugins/fr.ac6.mcu.externaltools.arm-none.win32_1.7.0.201602121829/tools/compiler/bin/../lib/gcc/arm-none-eabi/5.2.1/armv6-m\libgcc.a(ledf2.o)
                0x0800176c                __ledf2
                0x0800176c                __ltdf2
 *(.text*)
 .text.Reset_Handler
                0x08001840       0x50 Drivers/CMSIS/Device/ST/STM32L0xx/Source/Templates/gcc/startup_stm32l051xx.o
                0x08001840                Reset_Handler
 .text.Default_Handler
                0x08001890        0x2 Drivers/CMSIS/Device/ST/STM32L0xx/Source/Templates/gcc/startup_stm32l051xx.o
                0x08001890                ADC1_COMP_IRQHandler
                0x08001890                TIM6_IRQHandler
                0x08001890                PVD_IRQHandler
                0x08001890                PendSV_Handler
                0x08001890                I2C1_IRQHandler
                0x08001890                SPI1_IRQHandler
                0x08001890                EXTI2_3_IRQHandler
                0x08001890                I2C2_IRQHandler
                0x08001890                RTC_IRQHandler
                0x08001890                DMA1_Channel4_5_6_7_IRQHandler
                0x08001890                RCC_IRQHandler
                0x08001890                DMA1_Channel1_IRQHandler
                0x08001890                Default_Handler
                0x08001890                TIM22_IRQHandler
                0x08001890                EXTI0_1_IRQHandler
                0x08001890                SPI2_IRQHandler
                0x08001890                SVC_Handler
                0x08001890                TIM21_IRQHandler
                0x08001890                WWDG_IRQHandler
                0x08001890                LPUART1_IRQHandler
                0x08001890                TIM2_IRQHandler
                0x08001890                DMA1_Channel2_3_IRQHandler
                0x08001890                USART2_IRQHandler
                0x08001890                FLASH_IRQHandler
                0x08001890                USART1_IRQHandler
                0x08001890                LPTIM1_IRQHandler
 *fill*         0x08001892        0x2 
 .text.SystemInit
                0x08001894       0x7c Drivers/CMSIS/Device/ST/STM32L0xx/Source/Templates/system_stm32l0xx.o
                0x08001894                SystemInit
 .text.HAL_Init
                0x08001910       0x28 Drivers/STM32L0xx_HAL_Driver/Src/stm32l0xx_hal.o
                0x08001910                HAL_Init
 .text.HAL_InitTick
                0x08001938       0x38 Drivers/STM32L0xx_HAL_Driver/Src/stm32l0xx_hal.o
                0x08001938                HAL_InitTick
 .text.HAL_IncTick
                0x08001970       0x18 Drivers/STM32L0xx_HAL_Driver/Src/stm32l0xx_hal.o
                0x08001970                HAL_IncTick
 .text.HAL_GetTick
                0x08001988       0x14 Drivers/STM32L0xx_HAL_Driver/Src/stm32l0xx_hal.o
                0x08001988                HAL_GetTick
 .text.HAL_Delay
                0x0800199c       0x30 Drivers/STM32L0xx_HAL_Driver/Src/stm32l0xx_hal.o
                0x0800199c                HAL_Delay
 .text.HAL_ADC_Init
                0x080019cc      0x2d8 Drivers/STM32L0xx_HAL_Driver/Src/stm32l0xx_hal_adc.o
                0x080019cc                HAL_ADC_Init
 .text.HAL_ADC_Start
                0x08001ca4       0xa8 Drivers/STM32L0xx_HAL_Driver/Src/stm32l0xx_hal_adc.o
                0x08001ca4                HAL_ADC_Start
 .text.HAL_ADC_Stop
                0x08001d4c       0x84 Drivers/STM32L0xx_HAL_Driver/Src/stm32l0xx_hal_adc.o
                0x08001d4c                HAL_ADC_Stop
 .text.HAL_ADC_PollForConversion
                0x08001dd0      0x120 Drivers/STM32L0xx_HAL_Driver/Src/stm32l0xx_hal_adc.o
                0x08001dd0                HAL_ADC_PollForConversion
 .text.HAL_ADC_GetValue
                0x08001ef0       0x18 Drivers/STM32L0xx_HAL_Driver/Src/stm32l0xx_hal_adc.o
                0x08001ef0                HAL_ADC_GetValue
 .text.HAL_ADC_ConfigChannel
                0x08001f08      0x10c Drivers/STM32L0xx_HAL_Driver/Src/stm32l0xx_hal_adc.o
                0x08001f08                HAL_ADC_ConfigChannel
 .text.ADC_Enable
                0x08002014       0xbc Drivers/STM32L0xx_HAL_Driver/Src/stm32l0xx_hal_adc.o
 .text.ADC_Disable
                0x080020d0       0xbc Drivers/STM32L0xx_HAL_Driver/Src/stm32l0xx_hal_adc.o
 .text.ADC_ConversionStop
                0x0800218c       0x8c Drivers/STM32L0xx_HAL_Driver/Src/stm32l0xx_hal_adc.o
 .text.ADC_DelayMicroSecond
                0x08002218       0x3c Drivers/STM32L0xx_HAL_Driver/Src/stm32l0xx_hal_adc.o
 .text.NVIC_EnableIRQ
                0x08002254       0x2c Drivers/STM32L0xx_HAL_Driver/Src/stm32l0xx_hal_cortex.o
 .text.NVIC_DisableIRQ
                0x08002280       0x30 Drivers/STM32L0xx_HAL_Driver/Src/stm32l0xx_hal_cortex.o
 .text.NVIC_SetPriority
                0x080022b0       0xdc Drivers/STM32L0xx_HAL_Driver/Src/stm32l0xx_hal_cortex.o
 .text.SysTick_Config
                0x0800238c       0x48 Drivers/STM32L0xx_HAL_Driver/Src/stm32l0xx_hal_cortex.o
 .text.HAL_NVIC_SetPriority
                0x080023d4       0x2c Drivers/STM32L0xx_HAL_Driver/Src/stm32l0xx_hal_cortex.o
                0x080023d4                HAL_NVIC_SetPriority
 .text.HAL_NVIC_EnableIRQ
                0x08002400       0x20 Drivers/STM32L0xx_HAL_Driver/Src/stm32l0xx_hal_cortex.o
                0x08002400                HAL_NVIC_EnableIRQ
 .text.HAL_NVIC_DisableIRQ
                0x08002420       0x20 Drivers/STM32L0xx_HAL_Driver/Src/stm32l0xx_hal_cortex.o
                0x08002420                HAL_NVIC_DisableIRQ
 .text.HAL_SYSTICK_Config
                0x08002440       0x1c Drivers/STM32L0xx_HAL_Driver/Src/stm32l0xx_hal_cortex.o
                0x08002440                HAL_SYSTICK_Config
 .text.HAL_SYSTICK_CLKSourceConfig
                0x0800245c       0x34 Drivers/STM32L0xx_HAL_Driver/Src/stm32l0xx_hal_cortex.o
                0x0800245c                HAL_SYSTICK_CLKSourceConfig
 .text.HAL_SYSTICK_IRQHandler
                0x08002490       0x10 Drivers/STM32L0xx_HAL_Driver/Src/stm32l0xx_hal_cortex.o
                0x08002490                HAL_SYSTICK_IRQHandler
 .text.HAL_SYSTICK_Callback
                0x080024a0        0xc Drivers/STM32L0xx_HAL_Driver/Src/stm32l0xx_hal_cortex.o
                0x080024a0                HAL_SYSTICK_Callback
 .text.HAL_GPIO_Init
                0x080024ac      0x2ec Drivers/STM32L0xx_HAL_Driver/Src/stm32l0xx_hal_gpio.o
                0x080024ac                HAL_GPIO_Init
 .text.HAL_GPIO_ReadPin
                0x08002798       0x3c Drivers/STM32L0xx_HAL_Driver/Src/stm32l0xx_hal_gpio.o
                0x08002798                HAL_GPIO_ReadPin
 .text.HAL_GPIO_WritePin
                0x080027d4       0x3c Drivers/STM32L0xx_HAL_Driver/Src/stm32l0xx_hal_gpio.o
                0x080027d4                HAL_GPIO_WritePin
 .text.HAL_RCC_OscConfig
                0x08002810      0x650 Drivers/STM32L0xx_HAL_Driver/Src/stm32l0xx_hal_rcc.o
                0x08002810                HAL_RCC_OscConfig
 .text.HAL_RCC_ClockConfig
                0x08002e60      0x210 Drivers/STM32L0xx_HAL_Driver/Src/stm32l0xx_hal_rcc.o
                0x08002e60                HAL_RCC_ClockConfig
 .text.HAL_RCC_GetSysClockFreq
                0x08003070      0x124 Drivers/STM32L0xx_HAL_Driver/Src/stm32l0xx_hal_rcc.o
                0x08003070                HAL_RCC_GetSysClockFreq
 .text.HAL_RCC_GetHCLKFreq
                0x08003194       0x38 Drivers/STM32L0xx_HAL_Driver/Src/stm32l0xx_hal_rcc.o
                0x08003194                HAL_RCC_GetHCLKFreq
 .text.HAL_RCC_GetPCLK1Freq
                0x080031cc       0x2c Drivers/STM32L0xx_HAL_Driver/Src/stm32l0xx_hal_rcc.o
                0x080031cc                HAL_RCC_GetPCLK1Freq
 .text.HAL_RCC_GetPCLK2Freq
                0x080031f8       0x2c Drivers/STM32L0xx_HAL_Driver/Src/stm32l0xx_hal_rcc.o
                0x080031f8                HAL_RCC_GetPCLK2Freq
 .text.HAL_RCCEx_PeriphCLKConfig
                0x08003224      0x214 Drivers/STM32L0xx_HAL_Driver/Src/stm32l0xx_hal_rcc_ex.o
                0x08003224                HAL_RCCEx_PeriphCLKConfig
 .text.HAL_SPI_Init
                0x08003438       0xd4 Drivers/STM32L0xx_HAL_Driver/Src/stm32l0xx_hal_spi.o
                0x08003438                HAL_SPI_Init
 .text.HAL_TIM_Base_Init
                0x0800350c       0x58 Drivers/STM32L0xx_HAL_Driver/Src/stm32l0xx_hal_tim.o
                0x0800350c                HAL_TIM_Base_Init
 .text.HAL_TIM_ConfigClockSource
                0x08003564      0x1c0 Drivers/STM32L0xx_HAL_Driver/Src/stm32l0xx_hal_tim.o
                0x08003564                HAL_TIM_ConfigClockSource
 .text.TIM_Base_SetConfig
                0x08003724       0xb0 Drivers/STM32L0xx_HAL_Driver/Src/stm32l0xx_hal_tim.o
 .text.TIM_TI1_ConfigInputStage
                0x080037d4       0x64 Drivers/STM32L0xx_HAL_Driver/Src/stm32l0xx_hal_tim.o
 .text.TIM_TI2_ConfigInputStage
                0x08003838       0x6c Drivers/STM32L0xx_HAL_Driver/Src/stm32l0xx_hal_tim.o
 .text.TIM_ITRx_SetConfig
                0x080038a4       0x40 Drivers/STM32L0xx_HAL_Driver/Src/stm32l0xx_hal_tim.o
 .text.TIM_ETR_SetConfig
                0x080038e4       0x44 Drivers/STM32L0xx_HAL_Driver/Src/stm32l0xx_hal_tim.o
 .text.HAL_TIMEx_MasterConfigSynchronization
                0x08003928       0x88 Drivers/STM32L0xx_HAL_Driver/Src/stm32l0xx_hal_tim_ex.o
                0x08003928                HAL_TIMEx_MasterConfigSynchronization
 .text.HAL_UART_Init
                0x080039b0       0xa4 Drivers/STM32L0xx_HAL_Driver/Src/stm32l0xx_hal_uart.o
                0x080039b0                HAL_UART_Init
 .text.HAL_UART_Transmit
                0x08003a54      0x140 Drivers/STM32L0xx_HAL_Driver/Src/stm32l0xx_hal_uart.o
                0x08003a54                HAL_UART_Transmit
 .text.UART_SetConfig
                0x08003b94      0x4c0 Drivers/STM32L0xx_HAL_Driver/Src/stm32l0xx_hal_uart.o
                0x08003b94                UART_SetConfig
 .text.UART_CheckIdleState
                0x08004054       0x74 Drivers/STM32L0xx_HAL_Driver/Src/stm32l0xx_hal_uart.o
                0x08004054                UART_CheckIdleState
 .text.UART_AdvFeatureConfig
                0x080040c8      0x158 Drivers/STM32L0xx_HAL_Driver/Src/stm32l0xx_hal_uart.o
                0x080040c8                UART_AdvFeatureConfig
 .text.UART_WaitOnFlagUntilTimeout
                0x08004220      0x138 Drivers/STM32L0xx_HAL_Driver/Src/stm32l0xx_hal_uart.o
                0x08004220                UART_WaitOnFlagUntilTimeout
 .text.MX_ADC_Init
                0x08004358       0xc8 Src/adc.o
                0x08004358                MX_ADC_Init
 .text.HAL_ADC_MspInit
                0x08004420       0x58 Src/adc.o
                0x08004420                HAL_ADC_MspInit
 .text.battery_control_task
                0x08004478       0x30 Src/battery_control_task.o
                0x08004478                battery_control_task
 .text.ext_pow_control_task
                0x080044a8        0xc Src/ext_pow_control_task.o
                0x080044a8                ext_pow_control_task
 .text.MX_GPIO_Init
                0x080044b4       0xf4 Src/gpio.o
                0x080044b4                MX_GPIO_Init
 .text.int_adc_measure_task
                0x080045a8        0xc Src/int_adc_measure_task.o
                0x080045a8                int_adc_measure_task
 .text.main     0x080045b4      0x170 Src/main.o
                0x080045b4                main
 .text.SystemClock_Config
                0x08004724       0xfc Src/main.o
                0x08004724                SystemClock_Config
 .text.test_leds
                0x08004820      0x1b0 Src/main.o
                0x08004820                test_leds
 .text.HAL_GPIO_EXTI_Callback
                0x080049d0       0x98 Src/main.o
                0x080049d0                HAL_GPIO_EXTI_Callback
 .text.MX_SPI2_Init
                0x08004a68       0x68 Src/spi.o
                0x08004a68                MX_SPI2_Init
 .text.HAL_SPI_MspInit
                0x08004ad0       0x6c Src/spi.o
                0x08004ad0                HAL_SPI_MspInit
 .text.spi_short_delay
                0x08004b3c       0x2c Src/spi.o
                0x08004b3c                spi_short_delay
 .text.spi2_chipselhigh
                0x08004b68       0x1c Src/spi.o
                0x08004b68                spi2_chipselhigh
 .text.spi2_chipsellow
                0x08004b84       0x1c Src/spi.o
                0x08004b84                spi2_chipsellow
 .text.spi2_write_byte
                0x08004ba0       0x60 Src/spi.o
                0x08004ba0                spi2_write_byte
 .text.spi_pipe_transmit
                0x08004c00       0x20 Src/spi_pipe.o
                0x08004c00                spi_pipe_transmit
 .text.HAL_MspInit
                0x08004c20       0x28 Src/stm32l0xx_hal_msp.o
                0x08004c20                HAL_MspInit
 .text.NMI_Handler
                0x08004c48        0xc Src/stm32l0xx_it.o
                0x08004c48                NMI_Handler
 .text.HardFault_Handler
                0x08004c54        0x8 Src/stm32l0xx_it.o
                0x08004c54                HardFault_Handler
 .text.SysTick_Handler
                0x08004c5c       0x14 Src/stm32l0xx_it.o
                0x08004c5c                SysTick_Handler
 .text.EXTI4_15_IRQHandler
                0x08004c70       0x14 Src/stm32l0xx_it.o
                0x08004c70                EXTI4_15_IRQHandler
 .text.MX_TIM2_Init
                0x08004c84       0x6c Src/tim.o
                0x08004c84                MX_TIM2_Init
 .text.MX_TIM21_Init
                0x08004cf0       0x6c Src/tim.o
                0x08004cf0                MX_TIM21_Init
 .text.MX_TIM22_Init
                0x08004d5c       0x6c Src/tim.o
                0x08004d5c                MX_TIM22_Init
 .text.HAL_TIM_Base_MspInit
                0x08004dc8       0x64 Src/tim.o
                0x08004dc8                HAL_TIM_Base_MspInit
 .text.time_management_task
                0x08004e2c       0x40 Src/time_management_task.o
                0x08004e2c                time_management_task
 .text.time_manager_get_seconds
                0x08004e6c       0x14 Src/time_management_task.o
                0x08004e6c                time_manager_get_seconds
 .text.MX_LPUART1_UART_Init
                0x08004e80       0x54 Src/usart.o
                0x08004e80                MX_LPUART1_UART_Init
 .text.MX_USART1_UART_Init
                0x08004ed4       0x58 Src/usart.o
                0x08004ed4                MX_USART1_UART_Init
 .text.HAL_UART_MspInit
                0x08004f2c       0xc0 Src/usart.o
                0x08004f2c                HAL_UART_MspInit
 .text.__libc_init_array
                0x08004fec       0x4c c:/eclipse/cpp-neon/eclipse/plugins/fr.ac6.mcu.externaltools.arm-none.win32_1.7.0.201602121829/tools/compiler/bin/../lib/gcc/arm-none-eabi/5.2.1/../../../../arm-none-eabi/lib/armv6-m\libc_nano.a(lib_a-init.o)
                0x08004fec                __libc_init_array
 .text.memcpy   0x08005038       0x12 c:/eclipse/cpp-neon/eclipse/plugins/fr.ac6.mcu.externaltools.arm-none.win32_1.7.0.201602121829/tools/compiler/bin/../lib/gcc/arm-none-eabi/5.2.1/../../../../arm-none-eabi/lib/armv6-m\libc_nano.a(lib_a-memcpy-stub.o)
                0x08005038                memcpy
 *(.glue_7)
 .glue_7        0x0800504a        0x0 linker stubs
 *(.glue_7t)
 .glue_7t       0x0800504a        0x0 linker stubs
 *(.eh_frame)
 *fill*         0x0800504a        0x2 
 .eh_frame      0x0800504c        0x0 c:/eclipse/cpp-neon/eclipse/plugins/fr.ac6.mcu.externaltools.arm-none.win32_1.7.0.201602121829/tools/compiler/bin/../lib/gcc/arm-none-eabi/5.2.1/armv6-m/crtbegin.o
 *(.init)
 .init          0x0800504c        0x4 c:/eclipse/cpp-neon/eclipse/plugins/fr.ac6.mcu.externaltools.arm-none.win32_1.7.0.201602121829/tools/compiler/bin/../lib/gcc/arm-none-eabi/5.2.1/armv6-m/crti.o
                0x0800504c                _init
 .init          0x08005050        0x8 c:/eclipse/cpp-neon/eclipse/plugins/fr.ac6.mcu.externaltools.arm-none.win32_1.7.0.201602121829/tools/compiler/bin/../lib/gcc/arm-none-eabi/5.2.1/armv6-m/crtn.o
 *(.fini)
 .fini          0x08005058        0x4 c:/eclipse/cpp-neon/eclipse/plugins/fr.ac6.mcu.externaltools.arm-none.win32_1.7.0.201602121829/tools/compiler/bin/../lib/gcc/arm-none-eabi/5.2.1/armv6-m/crti.o
                0x08005058                _fini
 .fini          0x0800505c        0x8 c:/eclipse/cpp-neon/eclipse/plugins/fr.ac6.mcu.externaltools.arm-none.win32_1.7.0.201602121829/tools/compiler/bin/../lib/gcc/arm-none-eabi/5.2.1/armv6-m/crtn.o
                0x08005064                . = ALIGN (0x4)
                0x08005064                _etext = .

.vfp11_veneer   0x08005064        0x0
 .vfp11_veneer  0x08005064        0x0 linker stubs

.v4_bx          0x08005064        0x0
 .v4_bx         0x08005064        0x0 linker stubs

.iplt           0x08005064        0x0
 .iplt          0x08005064        0x0 c:/eclipse/cpp-neon/eclipse/plugins/fr.ac6.mcu.externaltools.arm-none.win32_1.7.0.201602121829/tools/compiler/bin/../lib/gcc/arm-none-eabi/5.2.1/armv6-m/crtbegin.o

.rodata         0x08005064      0x108
                0x08005064                . = ALIGN (0x4)
 *(.rodata)
 .rodata        0x08005064       0x19 Drivers/CMSIS/Device/ST/STM32L0xx/Source/Templates/system_stm32l0xx.o
                0x08005064                AHBPrescTable
                0x08005074                PLLMulTable
 *fill*         0x0800507d        0x3 
 .rodata        0x08005080       0x10 Drivers/STM32L0xx_HAL_Driver/Src/stm32l0xx_hal_rcc.o
 .rodata        0x08005090       0x48 Drivers/STM32L0xx_HAL_Driver/Src/stm32l0xx_hal_uart.o
 .rodata        0x080050d8       0x14 Src/main.o
 .rodata        0x080050ec       0x40 c:/eclipse/cpp-neon/eclipse/plugins/fr.ac6.mcu.externaltools.arm-none.win32_1.7.0.201602121829/tools/compiler/bin/../lib/gcc/arm-none-eabi/5.2.1/armv6-m\libgcc.a(divdf3.o)
 .rodata        0x0800512c       0x40 c:/eclipse/cpp-neon/eclipse/plugins/fr.ac6.mcu.externaltools.arm-none.win32_1.7.0.201602121829/tools/compiler/bin/../lib/gcc/arm-none-eabi/5.2.1/armv6-m\libgcc.a(muldf3.o)
 *(.rodata*)
                0x0800516c                . = ALIGN (0x4)

.rel.dyn        0x0800516c        0x0
 .rel.iplt      0x0800516c        0x0 c:/eclipse/cpp-neon/eclipse/plugins/fr.ac6.mcu.externaltools.arm-none.win32_1.7.0.201602121829/tools/compiler/bin/../lib/gcc/arm-none-eabi/5.2.1/armv6-m/crtbegin.o

.ARM.extab
 *(.ARM.extab* .gnu.linkonce.armextab.*)

.ARM            0x0800516c        0x0
                0x0800516c                __exidx_start = .
 *(.ARM.exidx*)
                0x0800516c                __exidx_end = .

.preinit_array  0x0800516c        0x0
                0x0800516c                PROVIDE (__preinit_array_start, .)
 *(.preinit_array*)
                0x0800516c                PROVIDE (__preinit_array_end, .)

.init_array     0x0800516c        0x4
                0x0800516c                PROVIDE (__init_array_start, .)
 *(SORT(.init_array.*))
 *(.init_array*)
 .init_array    0x0800516c        0x4 c:/eclipse/cpp-neon/eclipse/plugins/fr.ac6.mcu.externaltools.arm-none.win32_1.7.0.201602121829/tools/compiler/bin/../lib/gcc/arm-none-eabi/5.2.1/armv6-m/crtbegin.o
                0x08005170                PROVIDE (__init_array_end, .)

.fini_array     0x08005170        0x4
                [!provide]                PROVIDE (__fini_array_start, .)
 *(SORT(.fini_array.*))
 *(.fini_array*)
 .fini_array    0x08005170        0x4 c:/eclipse/cpp-neon/eclipse/plugins/fr.ac6.mcu.externaltools.arm-none.win32_1.7.0.201602121829/tools/compiler/bin/../lib/gcc/arm-none-eabi/5.2.1/armv6-m/crtbegin.o
                [!provide]                PROVIDE (__fini_array_end, .)
                0x08005174                _sidata = LOADADDR (.data)

.data           0x20000000        0x4 load address 0x08005174
                0x20000000                . = ALIGN (0x4)
                0x20000000                _sdata = .
 *(.data)
 .data          0x20000000        0x4 Drivers/CMSIS/Device/ST/STM32L0xx/Source/Templates/system_stm32l0xx.o
                0x20000000                SystemCoreClock
 *(.data*)
                0x20000004                . = ALIGN (0x4)
                0x20000004                _edata = .

.jcr            0x20000004        0x0 load address 0x08005178
 .jcr           0x20000004        0x0 c:/eclipse/cpp-neon/eclipse/plugins/fr.ac6.mcu.externaltools.arm-none.win32_1.7.0.201602121829/tools/compiler/bin/../lib/gcc/arm-none-eabi/5.2.1/armv6-m/crtbegin.o

.tm_clone_table
                0x20000004        0x0 load address 0x08005178
 .tm_clone_table
                0x20000004        0x0 c:/eclipse/cpp-neon/eclipse/plugins/fr.ac6.mcu.externaltools.arm-none.win32_1.7.0.201602121829/tools/compiler/bin/../lib/gcc/arm-none-eabi/5.2.1/armv6-m/crtbegin.o
 .tm_clone_table
                0x20000004        0x0 c:/eclipse/cpp-neon/eclipse/plugins/fr.ac6.mcu.externaltools.arm-none.win32_1.7.0.201602121829/tools/compiler/bin/../lib/gcc/arm-none-eabi/5.2.1/armv6-m/crtend.o

.igot.plt       0x20000004        0x0 load address 0x08005178
 .igot.plt      0x20000004        0x0 c:/eclipse/cpp-neon/eclipse/plugins/fr.ac6.mcu.externaltools.arm-none.win32_1.7.0.201602121829/tools/compiler/bin/../lib/gcc/arm-none-eabi/5.2.1/armv6-m/crtbegin.o
                0x20000004                . = ALIGN (0x4)

.bss            0x20000004      0x33c load address 0x08005178
                0x20000004                _sbss = .
                0x20000004                __bss_start__ = _sbss
 *(.bss)
 .bss           0x20000004       0x1c c:/eclipse/cpp-neon/eclipse/plugins/fr.ac6.mcu.externaltools.arm-none.win32_1.7.0.201602121829/tools/compiler/bin/../lib/gcc/arm-none-eabi/5.2.1/armv6-m/crtbegin.o
 .bss           0x20000020        0x4 Drivers/STM32L0xx_HAL_Driver/Src/stm32l0xx_hal.o
 .bss           0x20000024        0xc Src/battery_control_task.o
 .bss           0x20000030        0x8 Src/time_management_task.o
 *(.bss*)
 *(COMMON)
 COMMON         0x20000038       0x60 Src/adc.o
                0x20000038                hadc
 COMMON         0x20000098      0x138 Src/main.o
                0x20000098                huart1
                0x20000108                hspi1
                0x20000160                huart2
 COMMON         0x200001d0       0x58 Src/spi.o
                0x200001d0                hspi2
 COMMON         0x20000228       0xa8 Src/tim.o
                0x20000228                htim22
                0x20000260                htim2
                0x20000298                htim21
 COMMON         0x200002d0       0x70 Src/usart.o
                0x200002d0                hlpuart1
                0x20000340                . = ALIGN (0x4)
                0x20000340                _ebss = .
                0x20000340                __bss_end__ = _ebss

._user_heap_stack
                0x20000340      0x600 load address 0x08005178
                0x20000340                . = ALIGN (0x8)
                0x20000340                PROVIDE (end, .)
                [!provide]                PROVIDE (_end, .)
                0x20000540                . = (. + _Min_Heap_Size)
 *fill*         0x20000340      0x200 
                0x20000940                . = (. + _Min_Stack_Size)
 *fill*         0x20000540      0x400 
                0x20000940                . = ALIGN (0x8)

/DISCARD/
 libc.a(*)
 libm.a(*)
 libgcc.a(*)

.ARM.attributes
                0x00000000       0x28
 *(.ARM.attributes)
 .ARM.attributes
                0x00000000       0x1e c:/eclipse/cpp-neon/eclipse/plugins/fr.ac6.mcu.externaltools.arm-none.win32_1.7.0.201602121829/tools/compiler/bin/../lib/gcc/arm-none-eabi/5.2.1/armv6-m/crti.o
 .ARM.attributes
                0x0000001e       0x2c c:/eclipse/cpp-neon/eclipse/plugins/fr.ac6.mcu.externaltools.arm-none.win32_1.7.0.201602121829/tools/compiler/bin/../lib/gcc/arm-none-eabi/5.2.1/armv6-m/crtbegin.o
 .ARM.attributes
                0x0000004a       0x22 Drivers/CMSIS/Device/ST/STM32L0xx/Source/Templates/gcc/startup_stm32l051xx.o
 .ARM.attributes
                0x0000006c       0x32 Drivers/CMSIS/Device/ST/STM32L0xx/Source/Templates/system_stm32l0xx.o
 .ARM.attributes
                0x0000009e       0x32 Drivers/STM32L0xx_HAL_Driver/Src/stm32l0xx_hal.o
 .ARM.attributes
                0x000000d0       0x32 Drivers/STM32L0xx_HAL_Driver/Src/stm32l0xx_hal_adc.o
 .ARM.attributes
                0x00000102       0x32 Drivers/STM32L0xx_HAL_Driver/Src/stm32l0xx_hal_cortex.o
 .ARM.attributes
                0x00000134       0x32 Drivers/STM32L0xx_HAL_Driver/Src/stm32l0xx_hal_gpio.o
 .ARM.attributes
                0x00000166       0x32 Drivers/STM32L0xx_HAL_Driver/Src/stm32l0xx_hal_rcc.o
 .ARM.attributes
                0x00000198       0x32 Drivers/STM32L0xx_HAL_Driver/Src/stm32l0xx_hal_rcc_ex.o
 .ARM.attributes
                0x000001ca       0x32 Drivers/STM32L0xx_HAL_Driver/Src/stm32l0xx_hal_spi.o
 .ARM.attributes
                0x000001fc       0x32 Drivers/STM32L0xx_HAL_Driver/Src/stm32l0xx_hal_tim.o
 .ARM.attributes
                0x0000022e       0x32 Drivers/STM32L0xx_HAL_Driver/Src/stm32l0xx_hal_tim_ex.o
 .ARM.attributes
                0x00000260       0x32 Drivers/STM32L0xx_HAL_Driver/Src/stm32l0xx_hal_uart.o
 .ARM.attributes
                0x00000292       0x32 Src/adc.o
 .ARM.attributes
                0x000002c4       0x32 Src/battery_control_task.o
 .ARM.attributes
                0x000002f6       0x32 Src/ext_pow_control_task.o
 .ARM.attributes
                0x00000328       0x32 Src/gpio.o
 .ARM.attributes
                0x0000035a       0x32 Src/int_adc_measure_task.o
 .ARM.attributes
                0x0000038c       0x32 Src/main.o
 .ARM.attributes
                0x000003be       0x32 Src/spi.o
 .ARM.attributes
                0x000003f0       0x32 Src/spi_pipe.o
 .ARM.attributes
                0x00000422       0x32 Src/stm32l0xx_hal_msp.o
 .ARM.attributes
                0x00000454       0x32 Src/stm32l0xx_it.o
 .ARM.attributes
                0x00000486       0x32 Src/tim.o
 .ARM.attributes
                0x000004b8       0x32 Src/time_management_task.o
 .ARM.attributes
                0x000004ea       0x32 Src/usart.o
 .ARM.attributes
                0x0000051c       0x1e c:/eclipse/cpp-neon/eclipse/plugins/fr.ac6.mcu.externaltools.arm-none.win32_1.7.0.201602121829/tools/compiler/bin/../lib/gcc/arm-none-eabi/5.2.1/armv6-m\libgcc.a(_udivsi3.o)
 .ARM.attributes
                0x0000053a       0x1e c:/eclipse/cpp-neon/eclipse/plugins/fr.ac6.mcu.externaltools.arm-none.win32_1.7.0.201602121829/tools/compiler/bin/../lib/gcc/arm-none-eabi/5.2.1/armv6-m\libgcc.a(_dvmd_tls.o)
 .ARM.attributes
                0x00000558       0x2c c:/eclipse/cpp-neon/eclipse/plugins/fr.ac6.mcu.externaltools.arm-none.win32_1.7.0.201602121829/tools/compiler/bin/../lib/gcc/arm-none-eabi/5.2.1/armv6-m\libgcc.a(_fixunsdfsi.o)
 .ARM.attributes
                0x00000584       0x2c c:/eclipse/cpp-neon/eclipse/plugins/fr.ac6.mcu.externaltools.arm-none.win32_1.7.0.201602121829/tools/compiler/bin/../lib/gcc/arm-none-eabi/5.2.1/armv6-m\libgcc.a(divdf3.o)
 .ARM.attributes
                0x000005b0       0x2c c:/eclipse/cpp-neon/eclipse/plugins/fr.ac6.mcu.externaltools.arm-none.win32_1.7.0.201602121829/tools/compiler/bin/../lib/gcc/arm-none-eabi/5.2.1/armv6-m\libgcc.a(muldf3.o)
 .ARM.attributes
                0x000005dc       0x2c c:/eclipse/cpp-neon/eclipse/plugins/fr.ac6.mcu.externaltools.arm-none.win32_1.7.0.201602121829/tools/compiler/bin/../lib/gcc/arm-none-eabi/5.2.1/armv6-m\libgcc.a(subdf3.o)
 .ARM.attributes
                0x00000608       0x2c c:/eclipse/cpp-neon/eclipse/plugins/fr.ac6.mcu.externaltools.arm-none.win32_1.7.0.201602121829/tools/compiler/bin/../lib/gcc/arm-none-eabi/5.2.1/armv6-m\libgcc.a(fixdfsi.o)
 .ARM.attributes
                0x00000634       0x2c c:/eclipse/cpp-neon/eclipse/plugins/fr.ac6.mcu.externaltools.arm-none.win32_1.7.0.201602121829/tools/compiler/bin/../lib/gcc/arm-none-eabi/5.2.1/armv6-m\libgcc.a(floatunsidf.o)
 .ARM.attributes
                0x00000660       0x1e c:/eclipse/cpp-neon/eclipse/plugins/fr.ac6.mcu.externaltools.arm-none.win32_1.7.0.201602121829/tools/compiler/bin/../lib/gcc/arm-none-eabi/5.2.1/armv6-m\libgcc.a(_arm_cmpdf2.o)
 .ARM.attributes
                0x0000067e       0x1e c:/eclipse/cpp-neon/eclipse/plugins/fr.ac6.mcu.externaltools.arm-none.win32_1.7.0.201602121829/tools/compiler/bin/../lib/gcc/arm-none-eabi/5.2.1/armv6-m\libgcc.a(_clzsi2.o)
 .ARM.attributes
                0x0000069c       0x2c c:/eclipse/cpp-neon/eclipse/plugins/fr.ac6.mcu.externaltools.arm-none.win32_1.7.0.201602121829/tools/compiler/bin/../lib/gcc/arm-none-eabi/5.2.1/armv6-m\libgcc.a(eqdf2.o)
 .ARM.attributes
                0x000006c8       0x2c c:/eclipse/cpp-neon/eclipse/plugins/fr.ac6.mcu.externaltools.arm-none.win32_1.7.0.201602121829/tools/compiler/bin/../lib/gcc/arm-none-eabi/5.2.1/armv6-m\libgcc.a(gedf2.o)
 .ARM.attributes
                0x000006f4       0x2c c:/eclipse/cpp-neon/eclipse/plugins/fr.ac6.mcu.externaltools.arm-none.win32_1.7.0.201602121829/tools/compiler/bin/../lib/gcc/arm-none-eabi/5.2.1/armv6-m\libgcc.a(ledf2.o)
 .ARM.attributes
                0x00000720       0x2c c:/eclipse/cpp-neon/eclipse/plugins/fr.ac6.mcu.externaltools.arm-none.win32_1.7.0.201602121829/tools/compiler/bin/../lib/gcc/arm-none-eabi/5.2.1/../../../../arm-none-eabi/lib/armv6-m\libc_nano.a(lib_a-init.o)
 .ARM.attributes
                0x0000074c       0x2c c:/eclipse/cpp-neon/eclipse/plugins/fr.ac6.mcu.externaltools.arm-none.win32_1.7.0.201602121829/tools/compiler/bin/../lib/gcc/arm-none-eabi/5.2.1/../../../../arm-none-eabi/lib/armv6-m\libc_nano.a(lib_a-memcpy-stub.o)
 .ARM.attributes
                0x00000778       0x2c c:/eclipse/cpp-neon/eclipse/plugins/fr.ac6.mcu.externaltools.arm-none.win32_1.7.0.201602121829/tools/compiler/bin/../lib/gcc/arm-none-eabi/5.2.1/armv6-m/crtend.o
 .ARM.attributes
                0x000007a4       0x1e c:/eclipse/cpp-neon/eclipse/plugins/fr.ac6.mcu.externaltools.arm-none.win32_1.7.0.201602121829/tools/compiler/bin/../lib/gcc/arm-none-eabi/5.2.1/armv6-m/crtn.o
OUTPUT(irp_00_01.elf elf32-littlearm)

.debug_line     0x00000000     0xf287
 .debug_line    0x00000000       0xb2 Drivers/CMSIS/Device/ST/STM32L0xx/Source/Templates/gcc/startup_stm32l051xx.o
 .debug_line    0x000000b2      0x935 Drivers/CMSIS/Device/ST/STM32L0xx/Source/Templates/system_stm32l0xx.o
 .debug_line    0x000009e7      0xadb Drivers/STM32L0xx_HAL_Driver/Src/stm32l0xx_hal.o
 .debug_line    0x000014c2      0xdbd Drivers/STM32L0xx_HAL_Driver/Src/stm32l0xx_hal_adc.o
 .debug_line    0x0000227f      0xadb Drivers/STM32L0xx_HAL_Driver/Src/stm32l0xx_hal_cortex.o
 .debug_line    0x00002d5a      0xa72 Drivers/STM32L0xx_HAL_Driver/Src/stm32l0xx_hal_gpio.o
 .debug_line    0x000037cc      0xb5f Drivers/STM32L0xx_HAL_Driver/Src/stm32l0xx_hal_rcc.o
 .debug_line    0x0000432b      0xa9f Drivers/STM32L0xx_HAL_Driver/Src/stm32l0xx_hal_rcc_ex.o
 .debug_line    0x00004dca     0x1113 Drivers/STM32L0xx_HAL_Driver/Src/stm32l0xx_hal_spi.o
 .debug_line    0x00005edd     0x17ea Drivers/STM32L0xx_HAL_Driver/Src/stm32l0xx_hal_tim.o
 .debug_line    0x000076c7      0x95c Drivers/STM32L0xx_HAL_Driver/Src/stm32l0xx_hal_tim_ex.o
 .debug_line    0x00008023     0x10a6 Drivers/STM32L0xx_HAL_Driver/Src/stm32l0xx_hal_uart.o
 .debug_line    0x000090c9      0x91c Src/adc.o
 .debug_line    0x000099e5      0x36d Src/battery_control_task.o
 .debug_line    0x00009d52       0xc3 Src/ext_pow_control_task.o
 .debug_line    0x00009e15      0x8e3 Src/gpio.o
 .debug_line    0x0000a6f8       0xc3 Src/int_adc_measure_task.o
 .debug_line    0x0000a7bb      0xa82 Src/main.o
 .debug_line    0x0000b23d      0x9d8 Src/spi.o
 .debug_line    0x0000bc15      0x8e3 Src/spi_pipe.o
 .debug_line    0x0000c4f8      0x8d6 Src/stm32l0xx_hal_msp.o
 .debug_line    0x0000cdce      0x91b Src/stm32l0xx_it.o
 .debug_line    0x0000d6e9      0x954 Src/tim.o
 .debug_line    0x0000e03d      0x906 Src/time_management_task.o
 .debug_line    0x0000e943      0x944 Src/usart.o

.debug_info     0x00000000     0xb094
 .debug_info    0x00000000       0xd2 Drivers/CMSIS/Device/ST/STM32L0xx/Source/Templates/gcc/startup_stm32l051xx.o
 .debug_info    0x000000d2      0x34b Drivers/CMSIS/Device/ST/STM32L0xx/Source/Templates/system_stm32l0xx.o
 .debug_info    0x0000041d      0x6c6 Drivers/STM32L0xx_HAL_Driver/Src/stm32l0xx_hal.o
 .debug_info    0x00000ae3      0xc11 Drivers/STM32L0xx_HAL_Driver/Src/stm32l0xx_hal_adc.o
 .debug_info    0x000016f4      0x7de Drivers/STM32L0xx_HAL_Driver/Src/stm32l0xx_hal_cortex.o
 .debug_info    0x00001ed2      0x628 Drivers/STM32L0xx_HAL_Driver/Src/stm32l0xx_hal_gpio.o
 .debug_info    0x000024fa      0x80e Drivers/STM32L0xx_HAL_Driver/Src/stm32l0xx_hal_rcc.o
 .debug_info    0x00002d08      0x45c Drivers/STM32L0xx_HAL_Driver/Src/stm32l0xx_hal_rcc_ex.o
 .debug_info    0x00003164      0xe46 Drivers/STM32L0xx_HAL_Driver/Src/stm32l0xx_hal_spi.o
 .debug_info    0x00003faa     0x208d Drivers/STM32L0xx_HAL_Driver/Src/stm32l0xx_hal_tim.o
 .debug_info    0x00006037      0x591 Drivers/STM32L0xx_HAL_Driver/Src/stm32l0xx_hal_tim_ex.o
 .debug_info    0x000065c8      0xfff Drivers/STM32L0xx_HAL_Driver/Src/stm32l0xx_hal_uart.o
 .debug_info    0x000075c7      0x7d4 Src/adc.o
 .debug_info    0x00007d9b       0xdd Src/battery_control_task.o
 .debug_info    0x00007e78       0x3b Src/ext_pow_control_task.o
 .debug_info    0x00007eb3      0x346 Src/gpio.o
 .debug_info    0x000081f9       0x3b Src/int_adc_measure_task.o
 .debug_info    0x00008234     0x10c0 Src/main.o
 .debug_info    0x000092f4      0x8f8 Src/spi.o
 .debug_info    0x00009bec       0xbb Src/spi_pipe.o
 .debug_info    0x00009ca7      0x292 Src/stm32l0xx_hal_msp.o
 .debug_info    0x00009f39       0xdf Src/stm32l0xx_it.o
 .debug_info    0x0000a018      0x76b Src/tim.o
 .debug_info    0x0000a783       0xf6 Src/time_management_task.o
 .debug_info    0x0000a879      0x81b Src/usart.o

.debug_abbrev   0x00000000     0x1f38
 .debug_abbrev  0x00000000       0x12 Drivers/CMSIS/Device/ST/STM32L0xx/Source/Templates/gcc/startup_stm32l051xx.o
 .debug_abbrev  0x00000012       0xf3 Drivers/CMSIS/Device/ST/STM32L0xx/Source/Templates/system_stm32l0xx.o
 .debug_abbrev  0x00000105      0x1ce Drivers/STM32L0xx_HAL_Driver/Src/stm32l0xx_hal.o
 .debug_abbrev  0x000002d3      0x19b Drivers/STM32L0xx_HAL_Driver/Src/stm32l0xx_hal_adc.o
 .debug_abbrev  0x0000046e      0x259 Drivers/STM32L0xx_HAL_Driver/Src/stm32l0xx_hal_cortex.o
 .debug_abbrev  0x000006c7      0x1ad Drivers/STM32L0xx_HAL_Driver/Src/stm32l0xx_hal_gpio.o
 .debug_abbrev  0x00000874      0x216 Drivers/STM32L0xx_HAL_Driver/Src/stm32l0xx_hal_rcc.o
 .debug_abbrev  0x00000a8a      0x1a6 Drivers/STM32L0xx_HAL_Driver/Src/stm32l0xx_hal_rcc_ex.o
 .debug_abbrev  0x00000c30      0x1ed Drivers/STM32L0xx_HAL_Driver/Src/stm32l0xx_hal_spi.o
 .debug_abbrev  0x00000e1d      0x21f Drivers/STM32L0xx_HAL_Driver/Src/stm32l0xx_hal_tim.o
 .debug_abbrev  0x0000103c      0x160 Drivers/STM32L0xx_HAL_Driver/Src/stm32l0xx_hal_tim_ex.o
 .debug_abbrev  0x0000119c      0x1f3 Drivers/STM32L0xx_HAL_Driver/Src/stm32l0xx_hal_uart.o
 .debug_abbrev  0x0000138f      0x146 Src/adc.o
 .debug_abbrev  0x000014d5       0x61 Src/battery_control_task.o
 .debug_abbrev  0x00001536       0x2d Src/ext_pow_control_task.o
 .debug_abbrev  0x00001563      0x109 Src/gpio.o
 .debug_abbrev  0x0000166c       0x2d Src/int_adc_measure_task.o
 .debug_abbrev  0x00001699      0x1f3 Src/main.o
 .debug_abbrev  0x0000188c      0x1e9 Src/spi.o
 .debug_abbrev  0x00001a75       0x61 Src/spi_pipe.o
 .debug_abbrev  0x00001ad6       0xb2 Src/stm32l0xx_hal_msp.o
 .debug_abbrev  0x00001b88       0x6a Src/stm32l0xx_it.o
 .debug_abbrev  0x00001bf2      0x16f Src/tim.o
 .debug_abbrev  0x00001d61       0x79 Src/time_management_task.o
 .debug_abbrev  0x00001dda      0x15e Src/usart.o

.debug_aranges  0x00000000      0xce8
 .debug_aranges
                0x00000000       0x28 Drivers/CMSIS/Device/ST/STM32L0xx/Source/Templates/gcc/startup_stm32l051xx.o
 .debug_aranges
                0x00000028       0x28 Drivers/CMSIS/Device/ST/STM32L0xx/Source/Templates/system_stm32l0xx.o
 .debug_aranges
                0x00000050       0xf0 Drivers/STM32L0xx_HAL_Driver/Src/stm32l0xx_hal.o
 .debug_aranges
                0x00000140      0x100 Drivers/STM32L0xx_HAL_Driver/Src/stm32l0xx_hal_adc.o
 .debug_aranges
                0x00000240       0xc8 Drivers/STM32L0xx_HAL_Driver/Src/stm32l0xx_hal_cortex.o
 .debug_aranges
                0x00000308       0x58 Drivers/STM32L0xx_HAL_Driver/Src/stm32l0xx_hal_gpio.o
 .debug_aranges
                0x00000360       0x80 Drivers/STM32L0xx_HAL_Driver/Src/stm32l0xx_hal_rcc.o
 .debug_aranges
                0x000003e0       0x60 Drivers/STM32L0xx_HAL_Driver/Src/stm32l0xx_hal_rcc_ex.o
 .debug_aranges
                0x00000440      0x150 Drivers/STM32L0xx_HAL_Driver/Src/stm32l0xx_hal_spi.o
 .debug_aranges
                0x00000590      0x368 Drivers/STM32L0xx_HAL_Driver/Src/stm32l0xx_hal_tim.o
 .debug_aranges
                0x000008f8       0x28 Drivers/STM32L0xx_HAL_Driver/Src/stm32l0xx_hal_tim_ex.o
 .debug_aranges
                0x00000920      0x168 Drivers/STM32L0xx_HAL_Driver/Src/stm32l0xx_hal_uart.o
 .debug_aranges
                0x00000a88       0x30 Src/adc.o
 .debug_aranges
                0x00000ab8       0x20 Src/battery_control_task.o
 .debug_aranges
                0x00000ad8       0x20 Src/ext_pow_control_task.o
 .debug_aranges
                0x00000af8       0x20 Src/gpio.o
 .debug_aranges
                0x00000b18       0x20 Src/int_adc_measure_task.o
 .debug_aranges
                0x00000b38       0x38 Src/main.o
 .debug_aranges
                0x00000b70       0x60 Src/spi.o
 .debug_aranges
                0x00000bd0       0x20 Src/spi_pipe.o
 .debug_aranges
                0x00000bf0       0x20 Src/stm32l0xx_hal_msp.o
 .debug_aranges
                0x00000c10       0x38 Src/stm32l0xx_it.o
 .debug_aranges
                0x00000c48       0x40 Src/tim.o
 .debug_aranges
                0x00000c88       0x28 Src/time_management_task.o
 .debug_aranges
                0x00000cb0       0x38 Src/usart.o

.debug_ranges   0x00000000      0xb60
 .debug_ranges  0x00000000       0x20 Drivers/CMSIS/Device/ST/STM32L0xx/Source/Templates/gcc/startup_stm32l051xx.o
 .debug_ranges  0x00000020       0x18 Drivers/CMSIS/Device/ST/STM32L0xx/Source/Templates/system_stm32l0xx.o
 .debug_ranges  0x00000038       0xe0 Drivers/STM32L0xx_HAL_Driver/Src/stm32l0xx_hal.o
 .debug_ranges  0x00000118       0xf0 Drivers/STM32L0xx_HAL_Driver/Src/stm32l0xx_hal_adc.o
 .debug_ranges  0x00000208       0xb8 Drivers/STM32L0xx_HAL_Driver/Src/stm32l0xx_hal_cortex.o
 .debug_ranges  0x000002c0       0x48 Drivers/STM32L0xx_HAL_Driver/Src/stm32l0xx_hal_gpio.o
 .debug_ranges  0x00000308       0x70 Drivers/STM32L0xx_HAL_Driver/Src/stm32l0xx_hal_rcc.o
 .debug_ranges  0x00000378       0x50 Drivers/STM32L0xx_HAL_Driver/Src/stm32l0xx_hal_rcc_ex.o
 .debug_ranges  0x000003c8      0x140 Drivers/STM32L0xx_HAL_Driver/Src/stm32l0xx_hal_spi.o
 .debug_ranges  0x00000508      0x358 Drivers/STM32L0xx_HAL_Driver/Src/stm32l0xx_hal_tim.o
 .debug_ranges  0x00000860       0x18 Drivers/STM32L0xx_HAL_Driver/Src/stm32l0xx_hal_tim_ex.o
 .debug_ranges  0x00000878      0x158 Drivers/STM32L0xx_HAL_Driver/Src/stm32l0xx_hal_uart.o
 .debug_ranges  0x000009d0       0x20 Src/adc.o
 .debug_ranges  0x000009f0       0x10 Src/battery_control_task.o
 .debug_ranges  0x00000a00       0x10 Src/ext_pow_control_task.o
 .debug_ranges  0x00000a10       0x10 Src/gpio.o
 .debug_ranges  0x00000a20       0x10 Src/int_adc_measure_task.o
 .debug_ranges  0x00000a30       0x28 Src/main.o
 .debug_ranges  0x00000a58       0x50 Src/spi.o
 .debug_ranges  0x00000aa8       0x10 Src/spi_pipe.o
 .debug_ranges  0x00000ab8       0x10 Src/stm32l0xx_hal_msp.o
 .debug_ranges  0x00000ac8       0x28 Src/stm32l0xx_it.o
 .debug_ranges  0x00000af0       0x30 Src/tim.o
 .debug_ranges  0x00000b20       0x18 Src/time_management_task.o
 .debug_ranges  0x00000b38       0x28 Src/usart.o

.debug_macro    0x00000000    0x10059
 .debug_macro   0x00000000      0x2fc Drivers/CMSIS/Device/ST/STM32L0xx/Source/Templates/system_stm32l0xx.o
 .debug_macro   0x000002fc      0x832 Drivers/CMSIS/Device/ST/STM32L0xx/Source/Templates/system_stm32l0xx.o
 .debug_macro   0x00000b2e       0x2e Drivers/CMSIS/Device/ST/STM32L0xx/Source/Templates/system_stm32l0xx.o
 .debug_macro   0x00000b5c       0x28 Drivers/CMSIS/Device/ST/STM32L0xx/Source/Templates/system_stm32l0xx.o
 .debug_macro   0x00000b84       0x22 Drivers/CMSIS/Device/ST/STM32L0xx/Source/Templates/system_stm32l0xx.o
 .debug_macro   0x00000ba6       0x44 Drivers/CMSIS/Device/ST/STM32L0xx/Source/Templates/system_stm32l0xx.o
 .debug_macro   0x00000bea       0xfd Drivers/CMSIS/Device/ST/STM32L0xx/Source/Templates/system_stm32l0xx.o
 .debug_macro   0x00000ce7       0x22 Drivers/CMSIS/Device/ST/STM32L0xx/Source/Templates/system_stm32l0xx.o
 .debug_macro   0x00000d09      0x1df Drivers/CMSIS/Device/ST/STM32L0xx/Source/Templates/system_stm32l0xx.o
 .debug_macro   0x00000ee8       0x34 Drivers/CMSIS/Device/ST/STM32L0xx/Source/Templates/system_stm32l0xx.o
 .debug_macro   0x00000f1c       0x26 Drivers/CMSIS/Device/ST/STM32L0xx/Source/Templates/system_stm32l0xx.o
 .debug_macro   0x00000f42      0x44f Drivers/CMSIS/Device/ST/STM32L0xx/Source/Templates/system_stm32l0xx.o
 .debug_macro   0x00001391     0x3dc2 Drivers/CMSIS/Device/ST/STM32L0xx/Source/Templates/system_stm32l0xx.o
 .debug_macro   0x00005153       0x3c Drivers/CMSIS/Device/ST/STM32L0xx/Source/Templates/system_stm32l0xx.o
 .debug_macro   0x0000518f      0x100 Drivers/CMSIS/Device/ST/STM32L0xx/Source/Templates/system_stm32l0xx.o
 .debug_macro   0x0000528f       0xa8 Drivers/CMSIS/Device/ST/STM32L0xx/Source/Templates/system_stm32l0xx.o
 .debug_macro   0x00005337     0x31a7 Drivers/CMSIS/Device/ST/STM32L0xx/Source/Templates/system_stm32l0xx.o
 .debug_macro   0x000084de       0x58 Drivers/CMSIS/Device/ST/STM32L0xx/Source/Templates/system_stm32l0xx.o
 .debug_macro   0x00008536       0x35 Drivers/CMSIS/Device/ST/STM32L0xx/Source/Templates/system_stm32l0xx.o
 .debug_macro   0x0000856b       0x9c Drivers/CMSIS/Device/ST/STM32L0xx/Source/Templates/system_stm32l0xx.o
 .debug_macro   0x00008607       0x16 Drivers/CMSIS/Device/ST/STM32L0xx/Source/Templates/system_stm32l0xx.o
 .debug_macro   0x0000861d       0x97 Drivers/CMSIS/Device/ST/STM32L0xx/Source/Templates/system_stm32l0xx.o
 .debug_macro   0x000086b4      0x329 Drivers/CMSIS/Device/ST/STM32L0xx/Source/Templates/system_stm32l0xx.o
 .debug_macro   0x000089dd       0xfd Drivers/CMSIS/Device/ST/STM32L0xx/Source/Templates/system_stm32l0xx.o
 .debug_macro   0x00008ada       0x10 Drivers/CMSIS/Device/ST/STM32L0xx/Source/Templates/system_stm32l0xx.o
 .debug_macro   0x00008aea       0x52 Drivers/CMSIS/Device/ST/STM32L0xx/Source/Templates/system_stm32l0xx.o
 .debug_macro   0x00008b3c       0x16 Drivers/CMSIS/Device/ST/STM32L0xx/Source/Templates/system_stm32l0xx.o
 .debug_macro   0x00008b52       0x43 Drivers/CMSIS/Device/ST/STM32L0xx/Source/Templates/system_stm32l0xx.o
 .debug_macro   0x00008b95      0x187 Drivers/CMSIS/Device/ST/STM32L0xx/Source/Templates/system_stm32l0xx.o
 .debug_macro   0x00008d1c       0x10 Drivers/CMSIS/Device/ST/STM32L0xx/Source/Templates/system_stm32l0xx.o
 .debug_macro   0x00008d2c       0x22 Drivers/CMSIS/Device/ST/STM32L0xx/Source/Templates/system_stm32l0xx.o
 .debug_macro   0x00008d4e       0x3a Drivers/CMSIS/Device/ST/STM32L0xx/Source/Templates/system_stm32l0xx.o
 .debug_macro   0x00008d88       0x10 Drivers/CMSIS/Device/ST/STM32L0xx/Source/Templates/system_stm32l0xx.o
 .debug_macro   0x00008d98       0x40 Drivers/CMSIS/Device/ST/STM32L0xx/Source/Templates/system_stm32l0xx.o
 .debug_macro   0x00008dd8       0x65 Drivers/CMSIS/Device/ST/STM32L0xx/Source/Templates/system_stm32l0xx.o
 .debug_macro   0x00008e3d       0x16 Drivers/CMSIS/Device/ST/STM32L0xx/Source/Templates/system_stm32l0xx.o
 .debug_macro   0x00008e53      0x197 Drivers/CMSIS/Device/ST/STM32L0xx/Source/Templates/system_stm32l0xx.o
 .debug_macro   0x00008fea       0x50 Drivers/CMSIS/Device/ST/STM32L0xx/Source/Templates/system_stm32l0xx.o
 .debug_macro   0x0000903a      0x7c1 Drivers/CMSIS/Device/ST/STM32L0xx/Source/Templates/system_stm32l0xx.o
 .debug_macro   0x000097fb      0x4f6 Drivers/CMSIS/Device/ST/STM32L0xx/Source/Templates/system_stm32l0xx.o
 .debug_macro   0x00009cf1      0x14d Drivers/CMSIS/Device/ST/STM32L0xx/Source/Templates/system_stm32l0xx.o
 .debug_macro   0x00009e3e      0x168 Drivers/CMSIS/Device/ST/STM32L0xx/Source/Templates/system_stm32l0xx.o
 .debug_macro   0x00009fa6      0x26b Drivers/CMSIS/Device/ST/STM32L0xx/Source/Templates/system_stm32l0xx.o
 .debug_macro   0x0000a211      0x1ef Drivers/CMSIS/Device/ST/STM32L0xx/Source/Templates/system_stm32l0xx.o
 .debug_macro   0x0000a400      0x4d6 Drivers/CMSIS/Device/ST/STM32L0xx/Source/Templates/system_stm32l0xx.o
 .debug_macro   0x0000a8d6       0x66 Drivers/CMSIS/Device/ST/STM32L0xx/Source/Templates/system_stm32l0xx.o
 .debug_macro   0x0000a93c      0x120 Drivers/CMSIS/Device/ST/STM32L0xx/Source/Templates/system_stm32l0xx.o
 .debug_macro   0x0000aa5c      0x2bf Drivers/CMSIS/Device/ST/STM32L0xx/Source/Templates/system_stm32l0xx.o
 .debug_macro   0x0000ad1b       0x12 Drivers/CMSIS/Device/ST/STM32L0xx/Source/Templates/system_stm32l0xx.o
 .debug_macro   0x0000ad2d      0x1d0 Drivers/CMSIS/Device/ST/STM32L0xx/Source/Templates/system_stm32l0xx.o
 .debug_macro   0x0000aefd       0x4d Drivers/CMSIS/Device/ST/STM32L0xx/Source/Templates/system_stm32l0xx.o
 .debug_macro   0x0000af4a       0x66 Drivers/CMSIS/Device/ST/STM32L0xx/Source/Templates/system_stm32l0xx.o
 .debug_macro   0x0000afb0      0x189 Drivers/CMSIS/Device/ST/STM32L0xx/Source/Templates/system_stm32l0xx.o
 .debug_macro   0x0000b139       0x16 Drivers/CMSIS/Device/ST/STM32L0xx/Source/Templates/system_stm32l0xx.o
 .debug_macro   0x0000b14f      0x202 Drivers/CMSIS/Device/ST/STM32L0xx/Source/Templates/system_stm32l0xx.o
 .debug_macro   0x0000b351      0x703 Drivers/CMSIS/Device/ST/STM32L0xx/Source/Templates/system_stm32l0xx.o
 .debug_macro   0x0000ba54      0x120 Drivers/CMSIS/Device/ST/STM32L0xx/Source/Templates/system_stm32l0xx.o
 .debug_macro   0x0000bb74      0x535 Drivers/CMSIS/Device/ST/STM32L0xx/Source/Templates/system_stm32l0xx.o
 .debug_macro   0x0000c0a9       0x77 Drivers/CMSIS/Device/ST/STM32L0xx/Source/Templates/system_stm32l0xx.o
 .debug_macro   0x0000c120      0x13f Drivers/CMSIS/Device/ST/STM32L0xx/Source/Templates/system_stm32l0xx.o
 .debug_macro   0x0000c25f      0x31a Drivers/STM32L0xx_HAL_Driver/Src/stm32l0xx_hal.o
 .debug_macro   0x0000c579      0x305 Drivers/STM32L0xx_HAL_Driver/Src/stm32l0xx_hal_adc.o
 .debug_macro   0x0000c87e      0x2f6 Drivers/STM32L0xx_HAL_Driver/Src/stm32l0xx_hal_cortex.o
 .debug_macro   0x0000cb74      0x32f Drivers/STM32L0xx_HAL_Driver/Src/stm32l0xx_hal_gpio.o
 .debug_macro   0x0000cea3      0x344 Drivers/STM32L0xx_HAL_Driver/Src/stm32l0xx_hal_rcc.o
 .debug_macro   0x0000d1e7      0x308 Drivers/STM32L0xx_HAL_Driver/Src/stm32l0xx_hal_rcc_ex.o
 .debug_macro   0x0000d4ef      0x2fe Drivers/STM32L0xx_HAL_Driver/Src/stm32l0xx_hal_spi.o
 .debug_macro   0x0000d7ed      0x2f7 Drivers/STM32L0xx_HAL_Driver/Src/stm32l0xx_hal_tim.o
 .debug_macro   0x0000dae4      0x2f6 Drivers/STM32L0xx_HAL_Driver/Src/stm32l0xx_hal_tim_ex.o
 .debug_macro   0x0000ddda      0x305 Drivers/STM32L0xx_HAL_Driver/Src/stm32l0xx_hal_uart.o
 .debug_macro   0x0000e0df      0x30a Src/adc.o
 .debug_macro   0x0000e3e9       0x72 Src/battery_control_task.o
 .debug_macro   0x0000e45b       0x1b Src/ext_pow_control_task.o
 .debug_macro   0x0000e476      0x300 Src/gpio.o
 .debug_macro   0x0000e776       0x1b Src/int_adc_measure_task.o
 .debug_macro   0x0000e791      0x386 Src/main.o
 .debug_macro   0x0000eb17      0x30a Src/spi.o
 .debug_macro   0x0000ee21      0x304 Src/spi_pipe.o
 .debug_macro   0x0000f125       0x3a Src/spi_pipe.o
 .debug_macro   0x0000f15f      0x2f6 Src/stm32l0xx_hal_msp.o
 .debug_macro   0x0000f455      0x300 Src/stm32l0xx_it.o
 .debug_macro   0x0000f755      0x300 Src/tim.o
 .debug_macro   0x0000fa55      0x2fa Src/time_management_task.o
 .debug_macro   0x0000fd4f      0x30a Src/usart.o

.debug_str      0x00000000    0x5a9e5
 .debug_str     0x00000000    0x5715a Drivers/CMSIS/Device/ST/STM32L0xx/Source/Templates/system_stm32l0xx.o
                              0x57482 (size before relaxing)
 .debug_str     0x0005715a      0x570 Drivers/STM32L0xx_HAL_Driver/Src/stm32l0xx_hal.o
                              0x579f4 (size before relaxing)
 .debug_str     0x000576ca      0x6f1 Drivers/STM32L0xx_HAL_Driver/Src/stm32l0xx_hal_adc.o
                              0x57ab1 (size before relaxing)
 .debug_str     0x00057dbb      0x270 Drivers/STM32L0xx_HAL_Driver/Src/stm32l0xx_hal_cortex.o
                              0x57813 (size before relaxing)
 .debug_str     0x0005802b      0x2b9 Drivers/STM32L0xx_HAL_Driver/Src/stm32l0xx_hal_gpio.o
                              0x576c5 (size before relaxing)
 .debug_str     0x000582e4      0x490 Drivers/STM32L0xx_HAL_Driver/Src/stm32l0xx_hal_rcc.o
                              0x57967 (size before relaxing)
 .debug_str     0x00058774      0x235 Drivers/STM32L0xx_HAL_Driver/Src/stm32l0xx_hal_rcc_ex.o
                              0x57645 (size before relaxing)
 .debug_str     0x000589a9      0x52f Drivers/STM32L0xx_HAL_Driver/Src/stm32l0xx_hal_spi.o
                              0x57a98 (size before relaxing)
 .debug_str     0x00058ed8      0xe1e Drivers/STM32L0xx_HAL_Driver/Src/stm32l0xx_hal_tim.o
                              0x583fe (size before relaxing)
 .debug_str     0x00059cf6       0xc7 Drivers/STM32L0xx_HAL_Driver/Src/stm32l0xx_hal_tim_ex.o
                              0x57778 (size before relaxing)
 .debug_str     0x00059dbd      0x6ff Drivers/STM32L0xx_HAL_Driver/Src/stm32l0xx_hal_uart.o
                              0x57d70 (size before relaxing)
 .debug_str     0x0005a4bc       0x2c Src/adc.o
                              0x57823 (size before relaxing)
 .debug_str     0x0005a4e8       0xb9 Src/battery_control_task.o
                               0x310b (size before relaxing)
 .debug_str     0x0005a5a1       0x50 Src/ext_pow_control_task.o
                               0x2404 (size before relaxing)
 .debug_str     0x0005a5f1       0x1b Src/gpio.o
                              0x57440 (size before relaxing)
 .debug_str     0x0005a60c       0x50 Src/int_adc_measure_task.o
                               0x2404 (size before relaxing)
 .debug_str     0x0005a65c      0x134 Src/main.o
                              0x5811b (size before relaxing)
 .debug_str     0x0005a790       0xbe Src/spi.o
                              0x578d0 (size before relaxing)
 .debug_str     0x0005a84e       0x24 Src/spi_pipe.o
                              0x57320 (size before relaxing)
 .debug_str     0x0005a872       0x1b Src/stm32l0xx_hal_msp.o
                              0x5750e (size before relaxing)
 .debug_str     0x0005a88d       0x6a Src/stm32l0xx_it.o
                              0x57349 (size before relaxing)
 .debug_str     0x0005a8f7       0x54 Src/tim.o
                              0x5783e (size before relaxing)
 .debug_str     0x0005a94b       0x59 Src/time_management_task.o
                              0x57371 (size before relaxing)
 .debug_str     0x0005a9a4       0x41 Src/usart.o
                              0x578b7 (size before relaxing)

.comment        0x00000000       0x6e
 .comment       0x00000000       0x6e Drivers/CMSIS/Device/ST/STM32L0xx/Source/Templates/system_stm32l0xx.o
                                 0x6f (size before relaxing)
 .comment       0x0000006e       0x6f Drivers/STM32L0xx_HAL_Driver/Src/stm32l0xx_hal.o
 .comment       0x0000006e       0x6f Drivers/STM32L0xx_HAL_Driver/Src/stm32l0xx_hal_adc.o
 .comment       0x0000006e       0x6f Drivers/STM32L0xx_HAL_Driver/Src/stm32l0xx_hal_cortex.o
 .comment       0x0000006e       0x6f Drivers/STM32L0xx_HAL_Driver/Src/stm32l0xx_hal_gpio.o
 .comment       0x0000006e       0x6f Drivers/STM32L0xx_HAL_Driver/Src/stm32l0xx_hal_rcc.o
 .comment       0x0000006e       0x6f Drivers/STM32L0xx_HAL_Driver/Src/stm32l0xx_hal_rcc_ex.o
 .comment       0x0000006e       0x6f Drivers/STM32L0xx_HAL_Driver/Src/stm32l0xx_hal_spi.o
 .comment       0x0000006e       0x6f Drivers/STM32L0xx_HAL_Driver/Src/stm32l0xx_hal_tim.o
 .comment       0x0000006e       0x6f Drivers/STM32L0xx_HAL_Driver/Src/stm32l0xx_hal_tim_ex.o
 .comment       0x0000006e       0x6f Drivers/STM32L0xx_HAL_Driver/Src/stm32l0xx_hal_uart.o
 .comment       0x0000006e       0x6f Src/adc.o
 .comment       0x0000006e       0x6f Src/battery_control_task.o
 .comment       0x0000006e       0x6f Src/ext_pow_control_task.o
 .comment       0x0000006e       0x6f Src/gpio.o
 .comment       0x0000006e       0x6f Src/int_adc_measure_task.o
 .comment       0x0000006e       0x6f Src/main.o
 .comment       0x0000006e       0x6f Src/spi.o
 .comment       0x0000006e       0x6f Src/spi_pipe.o
 .comment       0x0000006e       0x6f Src/stm32l0xx_hal_msp.o
 .comment       0x0000006e       0x6f Src/stm32l0xx_it.o
 .comment       0x0000006e       0x6f Src/tim.o
 .comment       0x0000006e       0x6f Src/time_management_task.o
 .comment       0x0000006e       0x6f Src/usart.o

.debug_frame    0x00000000     0x2d04
 .debug_frame   0x00000000       0x4c Drivers/CMSIS/Device/ST/STM32L0xx/Source/Templates/system_stm32l0xx.o
 .debug_frame   0x0000004c      0x318 Drivers/STM32L0xx_HAL_Driver/Src/stm32l0xx_hal.o
 .debug_frame   0x00000364      0x3b0 Drivers/STM32L0xx_HAL_Driver/Src/stm32l0xx_hal_adc.o
 .debug_frame   0x00000714      0x2c4 Drivers/STM32L0xx_HAL_Driver/Src/stm32l0xx_hal_cortex.o
 .debug_frame   0x000009d8      0x110 Drivers/STM32L0xx_HAL_Driver/Src/stm32l0xx_hal_gpio.o
 .debug_frame   0x00000ae8      0x194 Drivers/STM32L0xx_HAL_Driver/Src/stm32l0xx_hal_rcc.o
 .debug_frame   0x00000c7c      0x11c Drivers/STM32L0xx_HAL_Driver/Src/stm32l0xx_hal_rcc_ex.o
 .debug_frame   0x00000d98      0x4f0 Drivers/STM32L0xx_HAL_Driver/Src/stm32l0xx_hal_spi.o
 .debug_frame   0x00001288      0xd50 Drivers/STM32L0xx_HAL_Driver/Src/stm32l0xx_hal_tim.o
 .debug_frame   0x00001fd8       0x50 Drivers/STM32L0xx_HAL_Driver/Src/stm32l0xx_hal_tim_ex.o
 .debug_frame   0x00002028      0x554 Drivers/STM32L0xx_HAL_Driver/Src/stm32l0xx_hal_uart.o
 .debug_frame   0x0000257c       0x70 Src/adc.o
 .debug_frame   0x000025ec       0x30 Src/battery_control_task.o
 .debug_frame   0x0000261c       0x2c Src/ext_pow_control_task.o
 .debug_frame   0x00002648       0x30 Src/gpio.o
 .debug_frame   0x00002678       0x2c Src/int_adc_measure_task.o
 .debug_frame   0x000026a4       0x8c Src/main.o
 .debug_frame   0x00002730      0x124 Src/spi.o
 .debug_frame   0x00002854       0x30 Src/spi_pipe.o
 .debug_frame   0x00002884       0x2c Src/stm32l0xx_hal_msp.o
 .debug_frame   0x000028b0       0x80 Src/stm32l0xx_it.o
 .debug_frame   0x00002930       0xb0 Src/tim.o
 .debug_frame   0x000029e0       0x4c Src/time_management_task.o
 .debug_frame   0x00002a2c       0x88 Src/usart.o
 .debug_frame   0x00002ab4       0x20 c:/eclipse/cpp-neon/eclipse/plugins/fr.ac6.mcu.externaltools.arm-none.win32_1.7.0.201602121829/tools/compiler/bin/../lib/gcc/arm-none-eabi/5.2.1/armv6-m\libgcc.a(_udivsi3.o)
 .debug_frame   0x00002ad4       0x2c c:/eclipse/cpp-neon/eclipse/plugins/fr.ac6.mcu.externaltools.arm-none.win32_1.7.0.201602121829/tools/compiler/bin/../lib/gcc/arm-none-eabi/5.2.1/armv6-m\libgcc.a(_fixunsdfsi.o)
 .debug_frame   0x00002b00       0x3c c:/eclipse/cpp-neon/eclipse/plugins/fr.ac6.mcu.externaltools.arm-none.win32_1.7.0.201602121829/tools/compiler/bin/../lib/gcc/arm-none-eabi/5.2.1/armv6-m\libgcc.a(divdf3.o)
 .debug_frame   0x00002b3c       0x3c c:/eclipse/cpp-neon/eclipse/plugins/fr.ac6.mcu.externaltools.arm-none.win32_1.7.0.201602121829/tools/compiler/bin/../lib/gcc/arm-none-eabi/5.2.1/armv6-m\libgcc.a(muldf3.o)
 .debug_frame   0x00002b78       0x38 c:/eclipse/cpp-neon/eclipse/plugins/fr.ac6.mcu.externaltools.arm-none.win32_1.7.0.201602121829/tools/compiler/bin/../lib/gcc/arm-none-eabi/5.2.1/armv6-m\libgcc.a(subdf3.o)
 .debug_frame   0x00002bb0       0x2c c:/eclipse/cpp-neon/eclipse/plugins/fr.ac6.mcu.externaltools.arm-none.win32_1.7.0.201602121829/tools/compiler/bin/../lib/gcc/arm-none-eabi/5.2.1/armv6-m\libgcc.a(fixdfsi.o)
 .debug_frame   0x00002bdc       0x2c c:/eclipse/cpp-neon/eclipse/plugins/fr.ac6.mcu.externaltools.arm-none.win32_1.7.0.201602121829/tools/compiler/bin/../lib/gcc/arm-none-eabi/5.2.1/armv6-m\libgcc.a(floatunsidf.o)
 .debug_frame   0x00002c08       0x38 c:/eclipse/cpp-neon/eclipse/plugins/fr.ac6.mcu.externaltools.arm-none.win32_1.7.0.201602121829/tools/compiler/bin/../lib/gcc/arm-none-eabi/5.2.1/armv6-m\libgcc.a(eqdf2.o)
 .debug_frame   0x00002c40       0x38 c:/eclipse/cpp-neon/eclipse/plugins/fr.ac6.mcu.externaltools.arm-none.win32_1.7.0.201602121829/tools/compiler/bin/../lib/gcc/arm-none-eabi/5.2.1/armv6-m\libgcc.a(gedf2.o)
 .debug_frame   0x00002c78       0x38 c:/eclipse/cpp-neon/eclipse/plugins/fr.ac6.mcu.externaltools.arm-none.win32_1.7.0.201602121829/tools/compiler/bin/../lib/gcc/arm-none-eabi/5.2.1/armv6-m\libgcc.a(ledf2.o)
 .debug_frame   0x00002cb0       0x2c c:/eclipse/cpp-neon/eclipse/plugins/fr.ac6.mcu.externaltools.arm-none.win32_1.7.0.201602121829/tools/compiler/bin/../lib/gcc/arm-none-eabi/5.2.1/../../../../arm-none-eabi/lib/armv6-m\libc_nano.a(lib_a-init.o)
 .debug_frame   0x00002cdc       0x28 c:/eclipse/cpp-neon/eclipse/plugins/fr.ac6.mcu.externaltools.arm-none.win32_1.7.0.201602121829/tools/compiler/bin/../lib/gcc/arm-none-eabi/5.2.1/../../../../arm-none-eabi/lib/armv6-m\libc_nano.a(lib_a-memcpy-stub.o)

.stabstr        0x00000000       0xdf
 .stabstr       0x00000000       0xdf c:/eclipse/cpp-neon/eclipse/plugins/fr.ac6.mcu.externaltools.arm-none.win32_1.7.0.201602121829/tools/compiler/bin/../lib/gcc/arm-none-eabi/5.2.1/../../../../arm-none-eabi/lib/armv6-m\libnosys.a(close.o)
