01:02:01 **** Incremental Build of configuration Debug for project irp1_00_01 ****
make all 
'Building file: ../Src/spi1_irq_handler.c'
'Invoking: MCU GCC Compiler'
C:\workspace\ac6_mars_workspace\l051workspace\fromcube\irp_github\zaryad_irp1\irp1_00_01\Debug
arm-none-eabi-gcc -mcpu=cortex-m0plus -mthumb -mfloat-abi=soft -D__weak="__attribute__((weak))" -D__packed="__attribute__((__packed__))" -DUSE_HAL_DRIVER -DSTM32L051xx -I"C:/workspace/ac6_mars_workspace/l051workspace/fromcube/irp_github/zaryad_irp1/irp1_00_01/Inc" -I"C:/workspace/ac6_mars_workspace/l051workspace/fromcube/irp_github/zaryad_irp1/irp1_00_01/Drivers/STM32L0xx_HAL_Driver/Inc" -I"C:/workspace/ac6_mars_workspace/l051workspace/fromcube/irp_github/zaryad_irp1/irp1_00_01/Drivers/STM32L0xx_HAL_Driver/Inc/Legacy" -I"C:/workspace/ac6_mars_workspace/l051workspace/fromcube/irp_github/zaryad_irp1/irp1_00_01/Drivers/CMSIS/Include" -I"C:/workspace/ac6_mars_workspace/l051workspace/fromcube/irp_github/zaryad_irp1/irp1_00_01/Drivers/CMSIS/Device/ST/STM32L0xx/Include"  -O0 -g3 -Wall -fmessage-length=0 -ffunction-sections -c -fmessage-length=0 -MMD -MP -MF"Src/spi1_irq_handler.d" -MT"Src/spi1_irq_handler.o" -o "Src/spi1_irq_handler.o" "../Src/spi1_irq_handler.c"
../Src/spi1_irq_handler.c: In function 'SPI1_IRQHandler':
../Src/spi1_irq_handler.c:32:8: warning: unused variable 'i' [-Wunused-variable]
    int i = 0;
        ^
../Src/spi1_irq_handler.c:36:8: warning: unused variable 'i' [-Wunused-variable]
    int i = 0;
        ^
../Src/spi1_irq_handler.c:40:8: warning: unused variable 'i' [-Wunused-variable]
    int i = 0;
        ^
../Src/spi1_irq_handler.c:44:8: warning: unused variable 'i' [-Wunused-variable]
    int i = 0;
        ^
../Src/spi1_irq_handler.c:14:6: warning: unused variable 'i' [-Wunused-variable]
  int i;
      ^
In file included from ../Src/spi1_irq_handler.c:9:0:
../Src/spi1_irq_handler.c: At top level:
C:/workspace/ac6_mars_workspace/l051workspace/fromcube/irp_github/zaryad_irp1/irp1_00_01/Inc/message_queue.h:17:16: warning: 'message_queue' defined but not used [-Wunused-variable]
 static uint8_t message_queue[64];
                ^
'Finished building: ../Src/spi1_irq_handler.c'
' '
'Building target: irp1_00_01.elf'
'Invoking: MCU GCC Linker'
arm-none-eabi-gcc -mcpu=cortex-m0plus -mthumb -mfloat-abi=soft -specs=nosys.specs -specs=nano.specs -T"../STM32L051K6Tx_FLASH.ld" -Wl,-Map=output.map -Wl,--gc-sections -lm -o "irp1_00_01.elf" @"objects.list"  
'Finished building target: irp1_00_01.elf'
' '
make --no-print-directory post-build
'Generating binary and Printing size information:'
arm-none-eabi-objcopy -O binary "irp1_00_01.elf" "irp1_00_01.bin"
arm-none-eabi-size "irp1_00_01.elf"
   text	   data	    bss	    dec	    hex	filename
  17212	     12	   1940	  19164	   4adc	irp1_00_01.elf
' '

01:02:05 Build Finished (took 3s.865ms)

